#
# There is insufficient memory for the Java Runtime Environment to continue.
# Native memory allocation (malloc) failed to allocate 524304 bytes. Error detail: Chunk::new
# Possible reasons:
#   The system is out of physical RAM or swap space
#   This process is running with CompressedOops enabled, and the Java Heap may be blocking the growth of the native heap
# Possible solutions:
#   Reduce memory load on the system
#   Increase physical memory or swap space
#   Check if swap backing store is full
#   Decrease Java heap size (-Xmx/-Xms)
#   Decrease number of Java threads
#   Decrease Java thread stack sizes (-Xss)
#   Set larger code cache with -XX:ReservedCodeCacheSize=
#   JVM is running with Unscaled Compressed Oops mode in which the Java heap is
#     placed in the first 4GB address space. The Java Heap base address is the
#     maximum limit for the native heap growth. Please use -XX:HeapBaseMinAddress
#     to set the Java Heap base and to place the Java Heap above 4GB virtual address.
# This output file may be truncated or incomplete.
#
#  Out of Memory Error (arena.cpp:150), pid=31672, tid=16156
#
# JRE version: Java(TM) SE Runtime Environment (22.0.2+9) (build 22.0.2+9-70)
# Java VM: Java HotSpot(TM) 64-Bit Server VM (22.0.2+9-70, mixed mode, sharing, tiered, compressed oops, compressed class ptrs, g1 gc, windows-amd64)
# No core dump will be written. Minidumps are not enabled by default on client versions of Windows
#

---------------  S U M M A R Y ------------

Command Line: org.jetbrains.kotlin.cli.jvm.K2JVMCompiler @D:\flutter\packages\flutter_tools\gradle\build\20260914_9526706172691320040.compiler.options

Host: Intel(R) Core(TM) i5-8350U CPU @ 1.70GHz, 8 cores, 7G,  Windows 11 , 64 bit Build 22621 (10.0.22621.5415)
Time: Mon Sep 14 13:44:30 2026 SE Asia Standard Time elapsed time: 51.857625 seconds (0d 0h 0m 51s)

---------------  T H R E A D  ---------------

Current thread (0x0000023b54837d60):  JavaThread "C2 CompilerThread0" daemon [_thread_in_native, id=16156, stack(0x0000003c49000000,0x0000003c49100000) (1024K)]


Current CompileTask:
C2:51857 16202       4       org.jetbrains.kotlin.fir.backend.Fir2IrTypeConverter::toIrType (1714 bytes)

Stack: [0x0000003c49000000,0x0000003c49100000]
Native frames: (J=compiled Java code, j=interpreted, Vv=VM code, C=native code)
V  [jvm.dll+0x6e26e9]  (no source info available)
V  [jvm.dll+0x875753]  (no source info available)
V  [jvm.dll+0x877b7e]  (no source info available)
V  [jvm.dll+0x878253]  (no source info available)
V  [jvm.dll+0x27fc86]  (no source info available)
V  [jvm.dll+0xc3d0f]  (no source info available)
V  [jvm.dll+0xc40fb]  (no source info available)
V  [jvm.dll+0xc3bbb]  (no source info available)
V  [jvm.dll+0x6c0290]  (no source info available)
V  [jvm.dll+0xbba78]  (no source info available)
V  [jvm.dll+0x67345d]  (no source info available)
V  [jvm.dll+0x671355]  (no source info available)
V  [jvm.dll+0x247677]  (no source info available)
V  [jvm.dll+0x246e9f]  (no source info available)
V  [jvm.dll+0x1c4e80]  (no source info available)
V  [jvm.dll+0x2568f3]  (no source info available)
V  [jvm.dll+0x254baa]  (no source info available)
V  [jvm.dll+0x3f57a6]  (no source info available)
V  [jvm.dll+0x81dc0b]  (no source info available)
V  [jvm.dll+0x6e0d85]  (no source info available)
C  [ucrtbase.dll+0x29333]  (no source info available)
C  [KERNEL32.DLL+0x1259d]  (no source info available)
C  [ntdll.dll+0x5af78]  (no source info available)


---------------  P R O C E S S  ---------------

Threads class SMR info:
_java_thread_list=0x0000023b9d9801f0, length=12, elements={
0x0000023b37ea72a0, 0x0000023b542dd340, 0x0000023b542de260, 0x0000023b548350b0,
0x0000023b54835b10, 0x0000023b54836570, 0x0000023b54836fd0, 0x0000023b54837d60,
0x0000023b548734d0, 0x0000023b5498d2f0, 0x0000023b549997d0, 0x0000023b9ad1cb80
}

Java Threads: ( => current thread )
  0x0000023b37ea72a0 JavaThread "main"                              [_thread_in_Java, id=7724, stack(0x0000003c48200000,0x0000003c48300000) (1024K)]
  0x0000023b542dd340 JavaThread "Reference Handler"          daemon [_thread_blocked, id=33324, stack(0x0000003c48a00000,0x0000003c48b00000) (1024K)]
  0x0000023b542de260 JavaThread "Finalizer"                  daemon [_thread_blocked, id=37780, stack(0x0000003c48b00000,0x0000003c48c00000) (1024K)]
  0x0000023b548350b0 JavaThread "Signal Dispatcher"          daemon [_thread_blocked, id=4352, stack(0x0000003c48c00000,0x0000003c48d00000) (1024K)]
  0x0000023b54835b10 JavaThread "Attach Listener"            daemon [_thread_blocked, id=27180, stack(0x0000003c48d00000,0x0000003c48e00000) (1024K)]
  0x0000023b54836570 JavaThread "Service Thread"             daemon [_thread_blocked, id=10020, stack(0x0000003c48e00000,0x0000003c48f00000) (1024K)]
  0x0000023b54836fd0 JavaThread "Monitor Deflation Thread"   daemon [_thread_blocked, id=35540, stack(0x0000003c48f00000,0x0000003c49000000) (1024K)]
=>0x0000023b54837d60 JavaThread "C2 CompilerThread0"         daemon [_thread_in_native, id=16156, stack(0x0000003c49000000,0x0000003c49100000) (1024K)]
  0x0000023b548734d0 JavaThread "C1 CompilerThread0"         daemon [_thread_blocked, id=2632, stack(0x0000003c49100000,0x0000003c49200000) (1024K)]
  0x0000023b5498d2f0 JavaThread "Notification Thread"        daemon [_thread_blocked, id=36608, stack(0x0000003c49200000,0x0000003c49300000) (1024K)]
  0x0000023b549997d0 JavaThread "Common-Cleaner"             daemon [_thread_blocked, id=25488, stack(0x0000003c49300000,0x0000003c49400000) (1024K)]
  0x0000023b9ad1cb80 JavaThread "C2 CompilerThread1"         daemon [_thread_in_native, id=28924, stack(0x0000003c47f00000,0x0000003c48000000) (1024K)]
Total: 12

Other Threads:
  0x0000023b542befd0 VMThread "VM Thread"                           [id=15056, stack(0x0000003c48900000,0x0000003c48a00000) (1024K)]
  0x0000023b542a9cd0 WatcherThread "VM Periodic Task Thread"        [id=28216, stack(0x0000003c48800000,0x0000003c48900000) (1024K)]
  0x0000023b37efedd0 WorkerThread "GC Thread#0"                     [id=22960, stack(0x0000003c48300000,0x0000003c48400000) (1024K)]
  0x0000023b9a3a9490 WorkerThread "GC Thread#1"                     [id=28772, stack(0x0000003c49400000,0x0000003c49500000) (1024K)]
  0x0000023b9a3a9c50 WorkerThread "GC Thread#2"                     [id=36152, stack(0x0000003c49500000,0x0000003c49600000) (1024K)]
  0x0000023b9a3d0b90 WorkerThread "GC Thread#3"                     [id=23408, stack(0x0000003c49600000,0x0000003c49700000) (1024K)]
  0x0000023b9a3d0f40 WorkerThread "GC Thread#4"                     [id=29012, stack(0x0000003c49700000,0x0000003c49800000) (1024K)]
  0x0000023b9a3d12f0 WorkerThread "GC Thread#5"                     [id=9548, stack(0x0000003c49800000,0x0000003c49900000) (1024K)]
  0x0000023b9a3d16a0 WorkerThread "GC Thread#6"                     [id=31420, stack(0x0000003c49900000,0x0000003c49a00000) (1024K)]
  0x0000023b9ab2bbd0 WorkerThread "GC Thread#7"                     [id=23020, stack(0x0000003c49a00000,0x0000003c49b00000) (1024K)]
  0x0000023b37f0fa00 ConcurrentGCThread "G1 Main Marker"            [id=5324, stack(0x0000003c48400000,0x0000003c48500000) (1024K)]
  0x0000023b37f10510 WorkerThread "G1 Conc#0"                       [id=28052, stack(0x0000003c48500000,0x0000003c48600000) (1024K)]
  0x0000023b9ada3420 WorkerThread "G1 Conc#1"                       [id=38228, stack(0x0000003c49b00000,0x0000003c49c00000) (1024K)]
  0x0000023b541694c0 ConcurrentGCThread "G1 Refine#0"               [id=24724, stack(0x0000003c48600000,0x0000003c48700000) (1024K)]
  0x0000023b5416a2b0 ConcurrentGCThread "G1 Service"                [id=35092, stack(0x0000003c48700000,0x0000003c48800000) (1024K)]
Total: 15

Threads with active compile tasks:
C2 CompilerThread0  51980 16202       4       org.jetbrains.kotlin.fir.backend.Fir2IrTypeConverter::toIrType (1714 bytes)
C2 CompilerThread1  51981 16175       4       org.jetbrains.kotlin.backend.common.IrElementTransformerVoidWithContext::visitFunction (38 bytes)
Total: 2

VM state: not at safepoint (normal execution)

VM Mutex/Monitor currently owned by a thread: None

Heap address: 0x0000000081e00000, size: 2018 MB, Compressed Oops mode: 32-bit

CDS archive(s) mapped at: [0x0000023b55000000-0x0000023b55c60000-0x0000023b55c60000), size 12976128, SharedBaseAddress: 0x0000023b55000000, ArchiveRelocationMode: 1.
Compressed class space mapped at: 0x0000023b56000000-0x0000023b96000000, reserved size: 1073741824
Narrow klass base: 0x0000023b55000000, Narrow klass shift: 0, Narrow klass range: 0x41000000

GC Precious Log:
 CardTable entry size: 512
 Card Set container configuration: InlinePtr #cards 5 size 8 Array Of Cards #cards 12 size 40 Howl #buckets 4 coarsen threshold 1843 Howl Bitmap #cards 512 size 80 coarsen threshold 460 Card regions per heap region 1 cards per card region 2048
 CPUs: 8 total, 8 available
 Memory: 8071M
 Large Page Support: Disabled
 NUMA Support: Disabled
 Compressed Oops: Enabled (32-bit)
 Heap Region Size: 1M
 Heap Min Capacity: 8M
 Heap Initial Capacity: 128M
 Heap Max Capacity: 2018M
 Pre-touch: Disabled
 Parallel Workers: 8
 Concurrent Workers: 2
 Concurrent Refinement Workers: 8
 Periodic GC: Disabled

Heap:
 garbage-first heap   total reserved 2066432K, committed 193536K, used 153651K [0x0000000081e00000, 0x0000000100000000)
  region size 1024K, 44 young (45056K), 5 survivors (5120K)
 Metaspace       used 80444K, committed 80960K, reserved 1179648K
  class space    used 8729K, committed 8960K, reserved 1048576K

Heap Regions: E=young(eden), S=young(survivor), O=old, HS=humongous(starts), HC=humongous(continues), CS=collection set, F=free, TAMS=top-at-mark-start, PB=parsable bottom
|   0|0x0000000081e00000, 0x0000000081f00000, 0x0000000081f00000|100%|HS|  |TAMS 0x0000000081e00000| PB 0x0000000081e00000| Complete |  0
|   1|0x0000000081f00000, 0x0000000082000000, 0x0000000082000000|100%|HC|  |TAMS 0x0000000081f00000| PB 0x0000000081f00000| Complete |  0
|   2|0x0000000082000000, 0x0000000082100000, 0x0000000082100000|100%|HC|  |TAMS 0x0000000082000000| PB 0x0000000082000000| Complete |  0
|   3|0x0000000082100000, 0x0000000082200000, 0x0000000082200000|100%|HC|  |TAMS 0x0000000082100000| PB 0x0000000082100000| Complete |  0
|   4|0x0000000082200000, 0x0000000082300000, 0x0000000082300000|100%| O|  |TAMS 0x0000000082200000| PB 0x0000000082200000| Untracked |  0
|   5|0x0000000082300000, 0x0000000082400000, 0x0000000082400000|100%| O|  |TAMS 0x0000000082300000| PB 0x0000000082300000| Untracked |  0
|   6|0x0000000082400000, 0x00000000824f5e80, 0x0000000082500000| 96%| O|  |TAMS 0x0000000082400000| PB 0x0000000082400000| Untracked |  0
|   7|0x0000000082500000, 0x0000000082600000, 0x0000000082600000|100%| O|  |TAMS 0x0000000082500000| PB 0x0000000082500000| Untracked |  0
|   8|0x0000000082600000, 0x0000000082700000, 0x0000000082700000|100%| O|  |TAMS 0x0000000082600000| PB 0x0000000082600000| Untracked |  0
|   9|0x0000000082700000, 0x0000000082800000, 0x0000000082800000|100%| O|  |TAMS 0x0000000082700000| PB 0x0000000082700000| Untracked |  0
|  10|0x0000000082800000, 0x0000000082900000, 0x0000000082900000|100%| O|  |TAMS 0x0000000082800000| PB 0x0000000082800000| Untracked |  0
|  11|0x0000000082900000, 0x0000000082a00000, 0x0000000082a00000|100%| O|  |TAMS 0x0000000082900000| PB 0x0000000082900000| Untracked |  0
|  12|0x0000000082a00000, 0x0000000082b00000, 0x0000000082b00000|100%| O|  |TAMS 0x0000000082a00000| PB 0x0000000082a00000| Untracked |  0
|  13|0x0000000082b00000, 0x0000000082c00000, 0x0000000082c00000|100%| O|  |TAMS 0x0000000082b00000| PB 0x0000000082b00000| Untracked |  0
|  14|0x0000000082c00000, 0x0000000082d00000, 0x0000000082d00000|100%| O|  |TAMS 0x0000000082c00000| PB 0x0000000082c00000| Untracked |  0
|  15|0x0000000082d00000, 0x0000000082e00000, 0x0000000082e00000|100%| O|  |TAMS 0x0000000082d00000| PB 0x0000000082d00000| Untracked |  0
|  16|0x0000000082e00000, 0x0000000082f00000, 0x0000000082f00000|100%| O|  |TAMS 0x0000000082e00000| PB 0x0000000082e00000| Untracked |  0
|  17|0x0000000082f00000, 0x0000000083000000, 0x0000000083000000|100%| O|  |TAMS 0x0000000082f00000| PB 0x0000000082f00000| Untracked |  0
|  18|0x0000000083000000, 0x0000000083100000, 0x0000000083100000|100%| O|  |TAMS 0x0000000083000000| PB 0x0000000083000000| Untracked |  0
|  19|0x0000000083100000, 0x0000000083200000, 0x0000000083200000|100%| O|  |TAMS 0x0000000083100000| PB 0x0000000083100000| Untracked |  0
|  20|0x0000000083200000, 0x0000000083300000, 0x0000000083300000|100%| O|  |TAMS 0x0000000083200000| PB 0x0000000083200000| Untracked |  0
|  21|0x0000000083300000, 0x0000000083400000, 0x0000000083400000|100%| O|  |TAMS 0x0000000083300000| PB 0x0000000083300000| Untracked |  0
|  22|0x0000000083400000, 0x0000000083500000, 0x0000000083500000|100%| O|  |TAMS 0x0000000083400000| PB 0x0000000083400000| Untracked |  0
|  23|0x0000000083500000, 0x0000000083600000, 0x0000000083600000|100%| O|  |TAMS 0x0000000083500000| PB 0x0000000083500000| Untracked |  0
|  24|0x0000000083600000, 0x0000000083700000, 0x0000000083700000|100%| O|  |TAMS 0x0000000083600000| PB 0x0000000083600000| Untracked |  0
|  25|0x0000000083700000, 0x0000000083800000, 0x0000000083800000|100%| O|  |TAMS 0x0000000083700000| PB 0x0000000083700000| Untracked |  0
|  26|0x0000000083800000, 0x0000000083900000, 0x0000000083900000|100%| O|  |TAMS 0x0000000083800000| PB 0x0000000083800000| Untracked |  0
|  27|0x0000000083900000, 0x0000000083a00000, 0x0000000083a00000|100%| O|  |TAMS 0x0000000083900000| PB 0x0000000083900000| Untracked |  0
|  28|0x0000000083a00000, 0x0000000083b00000, 0x0000000083b00000|100%| O|  |TAMS 0x0000000083a00000| PB 0x0000000083a00000| Untracked |  0
|  29|0x0000000083b00000, 0x0000000083c00000, 0x0000000083c00000|100%| O|  |TAMS 0x0000000083b00000| PB 0x0000000083b00000| Untracked |  0
|  30|0x0000000083c00000, 0x0000000083d00000, 0x0000000083d00000|100%| O|  |TAMS 0x0000000083c00000| PB 0x0000000083c00000| Untracked |  0
|  31|0x0000000083d00000, 0x0000000083e00000, 0x0000000083e00000|100%| O|  |TAMS 0x0000000083d00000| PB 0x0000000083d00000| Untracked |  0
|  32|0x0000000083e00000, 0x0000000083f00000, 0x0000000083f00000|100%| O|  |TAMS 0x0000000083e00000| PB 0x0000000083e00000| Untracked |  0
|  33|0x0000000083f00000, 0x0000000084000000, 0x0000000084000000|100%| O|  |TAMS 0x0000000083f00000| PB 0x0000000083f00000| Untracked |  0
|  34|0x0000000084000000, 0x0000000084100000, 0x0000000084100000|100%| O|  |TAMS 0x0000000084000000| PB 0x0000000084000000| Untracked |  0
|  35|0x0000000084100000, 0x0000000084200000, 0x0000000084200000|100%| O|  |TAMS 0x0000000084100000| PB 0x0000000084100000| Untracked |  0
|  36|0x0000000084200000, 0x0000000084300000, 0x0000000084300000|100%| O|  |TAMS 0x0000000084200000| PB 0x0000000084200000| Untracked |  0
|  37|0x0000000084300000, 0x0000000084400000, 0x0000000084400000|100%| O|  |TAMS 0x0000000084300000| PB 0x0000000084300000| Untracked |  0
|  38|0x0000000084400000, 0x0000000084500000, 0x0000000084500000|100%| O|  |TAMS 0x0000000084400000| PB 0x0000000084400000| Untracked |  0
|  39|0x0000000084500000, 0x0000000084600000, 0x0000000084600000|100%| O|  |TAMS 0x0000000084500000| PB 0x0000000084500000| Untracked |  0
|  40|0x0000000084600000, 0x0000000084700000, 0x0000000084700000|100%| O|  |TAMS 0x0000000084600000| PB 0x0000000084600000| Untracked |  0
|  41|0x0000000084700000, 0x0000000084800000, 0x0000000084800000|100%| O|  |TAMS 0x0000000084700000| PB 0x0000000084700000| Untracked |  0
|  42|0x0000000084800000, 0x0000000084900000, 0x0000000084900000|100%| O|  |TAMS 0x0000000084800000| PB 0x0000000084800000| Untracked |  0
|  43|0x0000000084900000, 0x0000000084a00000, 0x0000000084a00000|100%| O|  |TAMS 0x0000000084900000| PB 0x0000000084900000| Untracked |  0
|  44|0x0000000084a00000, 0x0000000084b00000, 0x0000000084b00000|100%| O|  |TAMS 0x0000000084a00000| PB 0x0000000084a00000| Untracked |  0
|  45|0x0000000084b00000, 0x0000000084c00000, 0x0000000084c00000|100%|HS|  |TAMS 0x0000000084b00000| PB 0x0000000084b00000| Complete |  0
|  46|0x0000000084c00000, 0x0000000084d00000, 0x0000000084d00000|100%| O|  |TAMS 0x0000000084c00000| PB 0x0000000084c00000| Untracked |  0
|  47|0x0000000084d00000, 0x0000000084e00000, 0x0000000084e00000|100%| O|  |TAMS 0x0000000084d00000| PB 0x0000000084d00000| Untracked |  0
|  48|0x0000000084e00000, 0x0000000084f00000, 0x0000000084f00000|100%| O|  |TAMS 0x0000000084e00000| PB 0x0000000084e00000| Untracked |  0
|  49|0x0000000084f00000, 0x0000000085000000, 0x0000000085000000|100%| O|  |TAMS 0x0000000084f00000| PB 0x0000000084f00000| Untracked |  0
|  50|0x0000000085000000, 0x0000000085100000, 0x0000000085100000|100%| O|  |TAMS 0x0000000085000000| PB 0x0000000085000000| Untracked |  0
|  51|0x0000000085100000, 0x0000000085200000, 0x0000000085200000|100%| O|  |TAMS 0x0000000085100000| PB 0x0000000085100000| Untracked |  0
|  52|0x0000000085200000, 0x0000000085300000, 0x0000000085300000|100%| O|  |TAMS 0x0000000085200000| PB 0x0000000085200000| Untracked |  0
|  53|0x0000000085300000, 0x0000000085400000, 0x0000000085400000|100%| O|  |TAMS 0x0000000085300000| PB 0x0000000085300000| Untracked |  0
|  54|0x0000000085400000, 0x0000000085500000, 0x0000000085500000|100%| O|  |TAMS 0x0000000085400000| PB 0x0000000085400000| Untracked |  0
|  55|0x0000000085500000, 0x0000000085600000, 0x0000000085600000|100%| O|  |TAMS 0x0000000085500000| PB 0x0000000085500000| Untracked |  0
|  56|0x0000000085600000, 0x0000000085700000, 0x0000000085700000|100%| O|  |TAMS 0x0000000085600000| PB 0x0000000085600000| Untracked |  0
|  57|0x0000000085700000, 0x0000000085800000, 0x0000000085800000|100%| O|  |TAMS 0x0000000085700000| PB 0x0000000085700000| Untracked |  0
|  58|0x0000000085800000, 0x0000000085900000, 0x0000000085900000|100%| O|  |TAMS 0x0000000085800000| PB 0x0000000085800000| Untracked |  0
|  59|0x0000000085900000, 0x0000000085a00000, 0x0000000085a00000|100%| O|  |TAMS 0x0000000085900000| PB 0x0000000085900000| Untracked |  0
|  60|0x0000000085a00000, 0x0000000085b00000, 0x0000000085b00000|100%| O|  |TAMS 0x0000000085a00000| PB 0x0000000085a00000| Untracked |  0
|  61|0x0000000085b00000, 0x0000000085c00000, 0x0000000085c00000|100%| O|  |TAMS 0x0000000085b00000| PB 0x0000000085b00000| Untracked |  0
|  62|0x0000000085c00000, 0x0000000085d00000, 0x0000000085d00000|100%| O|  |TAMS 0x0000000085c00000| PB 0x0000000085c00000| Untracked |  0
|  63|0x0000000085d00000, 0x0000000085e00000, 0x0000000085e00000|100%| O|  |TAMS 0x0000000085d00000| PB 0x0000000085d00000| Untracked |  0
|  64|0x0000000085e00000, 0x0000000085f00000, 0x0000000085f00000|100%| O|  |TAMS 0x0000000085e00000| PB 0x0000000085e00000| Untracked |  0
|  65|0x0000000085f00000, 0x0000000086000000, 0x0000000086000000|100%| O|  |TAMS 0x0000000085f00000| PB 0x0000000085f00000| Untracked |  0
|  66|0x0000000086000000, 0x0000000086100000, 0x0000000086100000|100%| O|  |TAMS 0x0000000086000000| PB 0x0000000086000000| Untracked |  0
|  67|0x0000000086100000, 0x0000000086200000, 0x0000000086200000|100%| O|  |TAMS 0x0000000086100000| PB 0x0000000086100000| Untracked |  0
|  68|0x0000000086200000, 0x0000000086300000, 0x0000000086300000|100%| O|  |TAMS 0x0000000086200000| PB 0x0000000086200000| Untracked |  0
|  69|0x0000000086300000, 0x0000000086400000, 0x0000000086400000|100%| O|  |TAMS 0x0000000086300000| PB 0x0000000086300000| Untracked |  0
|  70|0x0000000086400000, 0x0000000086500000, 0x0000000086500000|100%| O|  |TAMS 0x0000000086400000| PB 0x0000000086400000| Untracked |  0
|  71|0x0000000086500000, 0x0000000086600000, 0x0000000086600000|100%| O|  |TAMS 0x0000000086500000| PB 0x0000000086500000| Untracked |  0
|  72|0x0000000086600000, 0x0000000086700000, 0x0000000086700000|100%| O|  |TAMS 0x0000000086600000| PB 0x0000000086600000| Untracked |  0
|  73|0x0000000086700000, 0x0000000086800000, 0x0000000086800000|100%| O|  |TAMS 0x0000000086700000| PB 0x0000000086700000| Untracked |  0
|  74|0x0000000086800000, 0x0000000086900000, 0x0000000086900000|100%| O|  |TAMS 0x0000000086800000| PB 0x0000000086800000| Untracked |  0
|  75|0x0000000086900000, 0x0000000086a00000, 0x0000000086a00000|100%| O|Cm|TAMS 0x0000000086900000| PB 0x0000000086900000| Complete |  0
|  76|0x0000000086a00000, 0x0000000086b00000, 0x0000000086b00000|100%| O|  |TAMS 0x0000000086a00000| PB 0x0000000086a00000| Untracked |  0
|  77|0x0000000086b00000, 0x0000000086c00000, 0x0000000086c00000|100%| O|  |TAMS 0x0000000086b00000| PB 0x0000000086b00000| Untracked |  0
|  78|0x0000000086c00000, 0x0000000086d00000, 0x0000000086d00000|100%| O|  |TAMS 0x0000000086c00000| PB 0x0000000086c00000| Untracked |  0
|  79|0x0000000086d00000, 0x0000000086e00000, 0x0000000086e00000|100%| O|  |TAMS 0x0000000086d00000| PB 0x0000000086d00000| Untracked |  0
|  80|0x0000000086e00000, 0x0000000086f00000, 0x0000000086f00000|100%| O|  |TAMS 0x0000000086e00000| PB 0x0000000086e00000| Untracked |  0
|  81|0x0000000086f00000, 0x0000000087000000, 0x0000000087000000|100%| O|  |TAMS 0x0000000086f00000| PB 0x0000000086f00000| Untracked |  0
|  82|0x0000000087000000, 0x0000000087100000, 0x0000000087100000|100%| O|  |TAMS 0x0000000087000000| PB 0x0000000087000000| Untracked |  0
|  83|0x0000000087100000, 0x0000000087200000, 0x0000000087200000|100%| O|  |TAMS 0x0000000087100000| PB 0x0000000087100000| Untracked |  0
|  84|0x0000000087200000, 0x0000000087300000, 0x0000000087300000|100%| O|  |TAMS 0x0000000087200000| PB 0x0000000087200000| Untracked |  0
|  85|0x0000000087300000, 0x0000000087400000, 0x0000000087400000|100%| O|  |TAMS 0x0000000087300000| PB 0x0000000087300000| Untracked |  0
|  86|0x0000000087400000, 0x0000000087500000, 0x0000000087500000|100%| O|  |TAMS 0x0000000087400000| PB 0x0000000087400000| Untracked |  0
|  87|0x0000000087500000, 0x0000000087600000, 0x0000000087600000|100%| O|  |TAMS 0x0000000087500000| PB 0x0000000087500000| Untracked |  0
|  88|0x0000000087600000, 0x0000000087700000, 0x0000000087700000|100%| O|  |TAMS 0x0000000087600000| PB 0x0000000087600000| Untracked |  0
|  89|0x0000000087700000, 0x0000000087800000, 0x0000000087800000|100%| O|  |TAMS 0x0000000087700000| PB 0x0000000087700000| Untracked |  0
|  90|0x0000000087800000, 0x0000000087900000, 0x0000000087900000|100%| O|  |TAMS 0x0000000087800000| PB 0x0000000087800000| Untracked |  0
|  91|0x0000000087900000, 0x0000000087a00000, 0x0000000087a00000|100%| O|  |TAMS 0x0000000087900000| PB 0x0000000087900000| Untracked |  0
|  92|0x0000000087a00000, 0x0000000087b00000, 0x0000000087b00000|100%| O|  |TAMS 0x0000000087a00000| PB 0x0000000087a00000| Untracked |  0
|  93|0x0000000087b00000, 0x0000000087c00000, 0x0000000087c00000|100%| O|  |TAMS 0x0000000087b00000| PB 0x0000000087b00000| Untracked |  0
|  94|0x0000000087c00000, 0x0000000087d00000, 0x0000000087d00000|100%| O|Cm|TAMS 0x0000000087c00000| PB 0x0000000087c00000| Complete |  0
|  95|0x0000000087d00000, 0x0000000087e00000, 0x0000000087e00000|100%| O|  |TAMS 0x0000000087d00000| PB 0x0000000087d00000| Untracked |  0
|  96|0x0000000087e00000, 0x0000000087f00000, 0x0000000087f00000|100%| O|  |TAMS 0x0000000087e00000| PB 0x0000000087e00000| Untracked |  0
|  97|0x0000000087f00000, 0x0000000088000000, 0x0000000088000000|100%| O|Cm|TAMS 0x0000000087f00000| PB 0x0000000087f00000| Complete |  0
|  98|0x0000000088000000, 0x0000000088100000, 0x0000000088100000|100%| O|Cm|TAMS 0x0000000088000000| PB 0x0000000088000000| Complete |  0
|  99|0x0000000088100000, 0x0000000088200000, 0x0000000088200000|100%| O|  |TAMS 0x0000000088100000| PB 0x0000000088100000| Untracked |  0
| 100|0x0000000088200000, 0x0000000088300000, 0x0000000088300000|100%| O|  |TAMS 0x0000000088200000| PB 0x0000000088200000| Untracked |  0
| 101|0x0000000088300000, 0x0000000088400000, 0x0000000088400000|100%| O|  |TAMS 0x0000000088300000| PB 0x0000000088300000| Untracked |  0
| 102|0x0000000088400000, 0x0000000088500000, 0x0000000088500000|100%| O|  |TAMS 0x0000000088400000| PB 0x0000000088400000| Untracked |  0
| 103|0x0000000088500000, 0x0000000088600000, 0x0000000088600000|100%| O|  |TAMS 0x0000000088500000| PB 0x0000000088500000| Untracked |  0
| 104|0x0000000088600000, 0x00000000886cfc80, 0x0000000088700000| 81%| O|  |TAMS 0x0000000088600000| PB 0x0000000088600000| Untracked |  0
| 105|0x0000000088700000, 0x0000000088700000, 0x0000000088800000|  0%| F|  |TAMS 0x0000000088700000| PB 0x0000000088700000| Untracked |  0
| 106|0x0000000088800000, 0x0000000088800000, 0x0000000088900000|  0%| F|  |TAMS 0x0000000088800000| PB 0x0000000088800000| Untracked |  0
| 107|0x0000000088900000, 0x0000000088900000, 0x0000000088a00000|  0%| F|  |TAMS 0x0000000088900000| PB 0x0000000088900000| Untracked |  0
| 108|0x0000000088a00000, 0x0000000088a00000, 0x0000000088b00000|  0%| F|  |TAMS 0x0000000088a00000| PB 0x0000000088a00000| Untracked |  0
| 109|0x0000000088b00000, 0x0000000088b00000, 0x0000000088c00000|  0%| F|  |TAMS 0x0000000088b00000| PB 0x0000000088b00000| Untracked |  0
| 110|0x0000000088c00000, 0x0000000088c00000, 0x0000000088d00000|  0%| F|  |TAMS 0x0000000088c00000| PB 0x0000000088c00000| Untracked |  0
| 111|0x0000000088d00000, 0x0000000088d00000, 0x0000000088e00000|  0%| F|  |TAMS 0x0000000088d00000| PB 0x0000000088d00000| Untracked |  0
| 112|0x0000000088e00000, 0x0000000088e00000, 0x0000000088f00000|  0%| F|  |TAMS 0x0000000088e00000| PB 0x0000000088e00000| Untracked |  0
| 113|0x0000000088f00000, 0x0000000088f00000, 0x0000000089000000|  0%| F|  |TAMS 0x0000000088f00000| PB 0x0000000088f00000| Untracked |  0
| 114|0x0000000089000000, 0x0000000089000000, 0x0000000089100000|  0%| F|  |TAMS 0x0000000089000000| PB 0x0000000089000000| Untracked |  0
| 115|0x0000000089100000, 0x0000000089100000, 0x0000000089200000|  0%| F|  |TAMS 0x0000000089100000| PB 0x0000000089100000| Untracked |  0
| 116|0x0000000089200000, 0x0000000089200000, 0x0000000089300000|  0%| F|  |TAMS 0x0000000089200000| PB 0x0000000089200000| Untracked |  0
| 117|0x0000000089300000, 0x0000000089300000, 0x0000000089400000|  0%| F|  |TAMS 0x0000000089300000| PB 0x0000000089300000| Untracked |  0
| 118|0x0000000089400000, 0x0000000089447108, 0x0000000089500000| 27%| S|CS|TAMS 0x0000000089400000| PB 0x0000000089400000| Complete |  0
| 119|0x0000000089500000, 0x0000000089600000, 0x0000000089600000|100%| S|CS|TAMS 0x0000000089500000| PB 0x0000000089500000| Complete |  0
| 120|0x0000000089600000, 0x0000000089700000, 0x0000000089700000|100%| S|CS|TAMS 0x0000000089600000| PB 0x0000000089600000| Complete |  0
| 121|0x0000000089700000, 0x0000000089800000, 0x0000000089800000|100%| S|CS|TAMS 0x0000000089700000| PB 0x0000000089700000| Complete |  0
| 122|0x0000000089800000, 0x0000000089900000, 0x0000000089900000|100%| S|CS|TAMS 0x0000000089800000| PB 0x0000000089800000| Complete |  0
| 123|0x0000000089900000, 0x0000000089900000, 0x0000000089a00000|  0%| F|  |TAMS 0x0000000089900000| PB 0x0000000089900000| Untracked |  0
| 124|0x0000000089a00000, 0x0000000089a00000, 0x0000000089b00000|  0%| F|  |TAMS 0x0000000089a00000| PB 0x0000000089a00000| Untracked |  0
| 125|0x0000000089b00000, 0x0000000089b00000, 0x0000000089c00000|  0%| F|  |TAMS 0x0000000089b00000| PB 0x0000000089b00000| Untracked |  0
| 126|0x0000000089c00000, 0x0000000089c00000, 0x0000000089d00000|  0%| F|  |TAMS 0x0000000089c00000| PB 0x0000000089c00000| Untracked |  0
| 127|0x0000000089d00000, 0x0000000089d00000, 0x0000000089e00000|  0%| F|  |TAMS 0x0000000089d00000| PB 0x0000000089d00000| Untracked |  0
| 128|0x0000000089e00000, 0x0000000089e00000, 0x0000000089f00000|  0%| F|  |TAMS 0x0000000089e00000| PB 0x0000000089e00000| Untracked |  0
| 129|0x0000000089f00000, 0x0000000089f00000, 0x000000008a000000|  0%| F|  |TAMS 0x0000000089f00000| PB 0x0000000089f00000| Untracked |  0
| 130|0x000000008a000000, 0x000000008a000000, 0x000000008a100000|  0%| F|  |TAMS 0x000000008a000000| PB 0x000000008a000000| Untracked |  0
| 131|0x000000008a100000, 0x000000008a100000, 0x000000008a200000|  0%| F|  |TAMS 0x000000008a100000| PB 0x000000008a100000| Untracked |  0
| 132|0x000000008a200000, 0x000000008a200000, 0x000000008a300000|  0%| F|  |TAMS 0x000000008a200000| PB 0x000000008a200000| Untracked |  0
| 133|0x000000008a300000, 0x000000008a300000, 0x000000008a400000|  0%| F|  |TAMS 0x000000008a300000| PB 0x000000008a300000| Untracked |  0
| 134|0x000000008a400000, 0x000000008a400000, 0x000000008a500000|  0%| F|  |TAMS 0x000000008a400000| PB 0x000000008a400000| Untracked |  0
| 135|0x000000008a500000, 0x000000008a500000, 0x000000008a600000|  0%| F|  |TAMS 0x000000008a500000| PB 0x000000008a500000| Untracked |  0
| 136|0x000000008a600000, 0x000000008a600000, 0x000000008a700000|  0%| F|  |TAMS 0x000000008a600000| PB 0x000000008a600000| Untracked |  0
| 137|0x000000008a700000, 0x000000008a700000, 0x000000008a800000|  0%| F|  |TAMS 0x000000008a700000| PB 0x000000008a700000| Untracked |  0
| 138|0x000000008a800000, 0x000000008a800000, 0x000000008a900000|  0%| F|  |TAMS 0x000000008a800000| PB 0x000000008a800000| Untracked |  0
| 139|0x000000008a900000, 0x000000008a900000, 0x000000008aa00000|  0%| F|  |TAMS 0x000000008a900000| PB 0x000000008a900000| Untracked |  0
| 140|0x000000008aa00000, 0x000000008aa00000, 0x000000008ab00000|  0%| F|  |TAMS 0x000000008aa00000| PB 0x000000008aa00000| Untracked |  0
| 141|0x000000008ab00000, 0x000000008ab00000, 0x000000008ac00000|  0%| F|  |TAMS 0x000000008ab00000| PB 0x000000008ab00000| Untracked |  0
| 142|0x000000008ac00000, 0x000000008ac00000, 0x000000008ad00000|  0%| F|  |TAMS 0x000000008ac00000| PB 0x000000008ac00000| Untracked |  0
| 143|0x000000008ad00000, 0x000000008ad00000, 0x000000008ae00000|  0%| F|  |TAMS 0x000000008ad00000| PB 0x000000008ad00000| Untracked |  0
| 144|0x000000008ae00000, 0x000000008ae00000, 0x000000008af00000|  0%| F|  |TAMS 0x000000008ae00000| PB 0x000000008ae00000| Untracked |  0
| 145|0x000000008af00000, 0x000000008af00000, 0x000000008b000000|  0%| F|  |TAMS 0x000000008af00000| PB 0x000000008af00000| Untracked |  0
| 146|0x000000008b000000, 0x000000008b000000, 0x000000008b100000|  0%| F|  |TAMS 0x000000008b000000| PB 0x000000008b000000| Untracked |  0
| 147|0x000000008b100000, 0x000000008b180000, 0x000000008b200000| 50%| E|  |TAMS 0x000000008b100000| PB 0x000000008b100000| Complete |  0
| 148|0x000000008b200000, 0x000000008b300000, 0x000000008b300000|100%| E|CS|TAMS 0x000000008b200000| PB 0x000000008b200000| Complete |  0
| 149|0x000000008b300000, 0x000000008b400000, 0x000000008b400000|100%| E|CS|TAMS 0x000000008b300000| PB 0x000000008b300000| Complete |  0
| 150|0x000000008b400000, 0x000000008b500000, 0x000000008b500000|100%| E|CS|TAMS 0x000000008b400000| PB 0x000000008b400000| Complete |  0
| 151|0x000000008b500000, 0x000000008b600000, 0x000000008b600000|100%| E|CS|TAMS 0x000000008b500000| PB 0x000000008b500000| Complete |  0
| 152|0x000000008b600000, 0x000000008b700000, 0x000000008b700000|100%| E|CS|TAMS 0x000000008b600000| PB 0x000000008b600000| Complete |  0
| 153|0x000000008b700000, 0x000000008b800000, 0x000000008b800000|100%| E|CS|TAMS 0x000000008b700000| PB 0x000000008b700000| Complete |  0
| 154|0x000000008b800000, 0x000000008b900000, 0x000000008b900000|100%| E|CS|TAMS 0x000000008b800000| PB 0x000000008b800000| Complete |  0
| 155|0x000000008b900000, 0x000000008ba00000, 0x000000008ba00000|100%| E|CS|TAMS 0x000000008b900000| PB 0x000000008b900000| Complete |  0
| 156|0x000000008ba00000, 0x000000008bb00000, 0x000000008bb00000|100%| E|CS|TAMS 0x000000008ba00000| PB 0x000000008ba00000| Complete |  0
| 157|0x000000008bb00000, 0x000000008bc00000, 0x000000008bc00000|100%| E|CS|TAMS 0x000000008bb00000| PB 0x000000008bb00000| Complete |  0
| 158|0x000000008bc00000, 0x000000008bd00000, 0x000000008bd00000|100%| E|CS|TAMS 0x000000008bc00000| PB 0x000000008bc00000| Complete |  0
| 159|0x000000008bd00000, 0x000000008be00000, 0x000000008be00000|100%| E|CS|TAMS 0x000000008bd00000| PB 0x000000008bd00000| Complete |  0
| 160|0x000000008be00000, 0x000000008bf00000, 0x000000008bf00000|100%| E|CS|TAMS 0x000000008be00000| PB 0x000000008be00000| Complete |  0
| 161|0x000000008bf00000, 0x000000008c000000, 0x000000008c000000|100%| E|CS|TAMS 0x000000008bf00000| PB 0x000000008bf00000| Complete |  0
| 162|0x000000008c000000, 0x000000008c100000, 0x000000008c100000|100%| E|CS|TAMS 0x000000008c000000| PB 0x000000008c000000| Complete |  0
| 163|0x000000008c100000, 0x000000008c200000, 0x000000008c200000|100%| E|CS|TAMS 0x000000008c100000| PB 0x000000008c100000| Complete |  0
| 164|0x000000008c200000, 0x000000008c300000, 0x000000008c300000|100%| E|CS|TAMS 0x000000008c200000| PB 0x000000008c200000| Complete |  0
| 165|0x000000008c300000, 0x000000008c400000, 0x000000008c400000|100%| E|CS|TAMS 0x000000008c300000| PB 0x000000008c300000| Complete |  0
| 166|0x000000008c400000, 0x000000008c500000, 0x000000008c500000|100%| E|CS|TAMS 0x000000008c400000| PB 0x000000008c400000| Complete |  0
| 167|0x000000008c500000, 0x000000008c600000, 0x000000008c600000|100%| E|CS|TAMS 0x000000008c500000| PB 0x000000008c500000| Complete |  0
| 168|0x000000008c600000, 0x000000008c700000, 0x000000008c700000|100%| E|CS|TAMS 0x000000008c600000| PB 0x000000008c600000| Complete |  0
| 169|0x000000008c700000, 0x000000008c800000, 0x000000008c800000|100%| E|CS|TAMS 0x000000008c700000| PB 0x000000008c700000| Complete |  0
| 170|0x000000008c800000, 0x000000008c900000, 0x000000008c900000|100%| E|CS|TAMS 0x000000008c800000| PB 0x000000008c800000| Complete |  0
| 171|0x000000008c900000, 0x000000008ca00000, 0x000000008ca00000|100%| E|CS|TAMS 0x000000008c900000| PB 0x000000008c900000| Complete |  0
| 172|0x000000008ca00000, 0x000000008cb00000, 0x000000008cb00000|100%| E|CS|TAMS 0x000000008ca00000| PB 0x000000008ca00000| Complete |  0
| 173|0x000000008cb00000, 0x000000008cc00000, 0x000000008cc00000|100%| E|CS|TAMS 0x000000008cb00000| PB 0x000000008cb00000| Complete |  0
| 174|0x000000008cc00000, 0x000000008cd00000, 0x000000008cd00000|100%| E|CS|TAMS 0x000000008cc00000| PB 0x000000008cc00000| Complete |  0
| 175|0x000000008cd00000, 0x000000008ce00000, 0x000000008ce00000|100%| E|CS|TAMS 0x000000008cd00000| PB 0x000000008cd00000| Complete |  0
| 176|0x000000008ce00000, 0x000000008cf00000, 0x000000008cf00000|100%| E|CS|TAMS 0x000000008ce00000| PB 0x000000008ce00000| Complete |  0
| 177|0x000000008cf00000, 0x000000008d000000, 0x000000008d000000|100%| E|CS|TAMS 0x000000008cf00000| PB 0x000000008cf00000| Complete |  0
| 178|0x000000008d000000, 0x000000008d100000, 0x000000008d100000|100%| E|CS|TAMS 0x000000008d000000| PB 0x000000008d000000| Complete |  0
| 179|0x000000008d100000, 0x000000008d200000, 0x000000008d200000|100%| E|CS|TAMS 0x000000008d100000| PB 0x000000008d100000| Complete |  0
| 180|0x000000008d200000, 0x000000008d300000, 0x000000008d300000|100%| E|CS|TAMS 0x000000008d200000| PB 0x000000008d200000| Complete |  0
| 181|0x000000008d300000, 0x000000008d400000, 0x000000008d400000|100%| E|CS|TAMS 0x000000008d300000| PB 0x000000008d300000| Complete |  0
| 182|0x000000008d400000, 0x000000008d500000, 0x000000008d500000|100%| E|CS|TAMS 0x000000008d400000| PB 0x000000008d400000| Complete |  0
| 183|0x000000008d500000, 0x000000008d600000, 0x000000008d600000|100%| E|CS|TAMS 0x000000008d500000| PB 0x000000008d500000| Complete |  0
| 184|0x000000008d600000, 0x000000008d700000, 0x000000008d700000|100%| E|CS|TAMS 0x000000008d600000| PB 0x000000008d600000| Complete |  0
|2014|0x00000000ffc00000, 0x00000000ffd00000, 0x00000000ffd00000|100%| E|CS|TAMS 0x00000000ffc00000| PB 0x00000000ffc00000| Complete |  0
|2015|0x00000000ffd00000, 0x00000000ffe00000, 0x00000000ffe00000|100%| O|  |TAMS 0x00000000ffd00000| PB 0x00000000ffd00000| Untracked |  0
|2016|0x00000000ffe00000, 0x00000000fff00000, 0x00000000fff00000|100%| O|  |TAMS 0x00000000ffe00000| PB 0x00000000ffe00000| Untracked |  0
|2017|0x00000000fff00000, 0x0000000100000000, 0x0000000100000000|100%| O|  |TAMS 0x00000000fff00000| PB 0x00000000fff00000| Untracked |  0

Card table byte_map: [0x0000023b4f910000,0x0000023b4fd10000] _byte_map_base: 0x0000023b4f501000

Marking Bits: (CMBitMap*) 0x0000023b37eff4e0
 Bits: [0x0000023b4fd10000, 0x0000023b51c98000)

Polling page: 0x0000023b37650000

Metaspace:

Usage:
  Non-class:     70.04 MB used.
      Class:      8.52 MB used.
       Both:     78.56 MB used.

Virtual space:
  Non-class space:      128.00 MB reserved,      70.31 MB ( 55%) committed,  2 nodes.
      Class space:        1.00 GB reserved,       8.75 MB ( <1%) committed,  1 nodes.
             Both:        1.12 GB reserved,      79.06 MB (  7%) committed. 

Chunk freelists:
   Non-Class:  9.27 MB
       Class:  7.31 MB
        Both:  16.58 MB

MaxMetaspaceSize: unlimited
CompressedClassSpaceSize: 1.00 GB
Initial GC threshold: 21.00 MB
Current GC threshold: 125.88 MB
CDS: on
 - commit_granule_bytes: 65536.
 - commit_granule_words: 8192.
 - virtual_space_node_default_size: 8388608.
 - enlarge_chunks_in_place: 1.
 - use_allocation_guard: 0.


Internal statistics:

num_allocs_failed_limit: 6.
num_arena_births: 508.
num_arena_deaths: 0.
num_vsnodes_births: 3.
num_vsnodes_deaths: 0.
num_space_committed: 1264.
num_space_uncommitted: 0.
num_chunks_returned_to_freelist: 6.
num_chunks_taken_from_freelist: 3343.
num_chunk_merges: 3.
num_chunk_splits: 2723.
num_chunks_enlarged: 2419.
num_inconsistent_stats: 0.

CodeHeap 'non-profiled nmethods': size=120000Kb used=7259Kb max_used=7259Kb free=112740Kb
 bounds [0x0000023b47cb0000, 0x0000023b483d0000, 0x0000023b4f1e0000]
CodeHeap 'profiled nmethods': size=120000Kb used=54751Kb max_used=54751Kb free=65248Kb
 bounds [0x0000023b401e0000, 0x0000023b43760000, 0x0000023b47710000]
CodeHeap 'non-nmethods': size=5760Kb used=1892Kb max_used=1941Kb free=3867Kb
 bounds [0x0000023b47710000, 0x0000023b47980000, 0x0000023b47cb0000]
 total_blobs=15598 nmethods=14738 adapters=759
 compilation: enabled
              stopped_count=0, restarted_count=0
 full_count=0

Compilation events (20 events):
Event: 51.835 Thread 0x0000023b548734d0 nmethod 16354 0x0000023b4371f390 code [0x0000023b4371f700, 0x0000023b43720f70]
Event: 51.835 Thread 0x0000023b548734d0 16356       3       org.jetbrains.kotlin.ir.declarations.impl.IrFunctionWithLateBindingImpl::getSymbol (8 bytes)
Event: 51.835 Thread 0x0000023b548734d0 nmethod 16356 0x0000023b43721890 code [0x0000023b43721a40, 0x0000023b43721c68]
Event: 51.835 Thread 0x0000023b548734d0 16351       3       org.jetbrains.kotlin.backend.jvm.caches.BridgeLoweringCache::computeSpecialBridge (798 bytes)
Event: 51.845 Thread 0x0000023b548734d0 nmethod 16351 0x0000023b43721d10 code [0x0000023b43722840, 0x0000023b43728fb8]
Event: 51.845 Thread 0x0000023b548734d0 16353       3       org.jetbrains.kotlin.backend.jvm.lower.BridgeLowering::getSpecialBridgeOrNull (12 bytes)
Event: 51.846 Thread 0x0000023b548734d0 nmethod 16353 0x0000023b4372b810 code [0x0000023b4372b9c0, 0x0000023b4372bb28]
Event: 51.846 Thread 0x0000023b548734d0 16357       3       org.jetbrains.kotlin.backend.common.lower.ProvisionalFunctionExpressionLowering::visitVariable (10 bytes)
Event: 51.846 Thread 0x0000023b548734d0 nmethod 16357 0x0000023b4372bc10 code [0x0000023b4372bdc0, 0x0000023b4372bfd0]
Event: 51.846 Thread 0x0000023b548734d0 16359       3       org.jetbrains.kotlin.ir.util.IrUtilsKt$special$$inlined$filterIsInstance$5::invoke (6 bytes)
Event: 51.846 Thread 0x0000023b548734d0 nmethod 16359 0x0000023b4372c090 code [0x0000023b4372c240, 0x0000023b4372c558]
Event: 51.846 Thread 0x0000023b548734d0 16360       3       org.jetbrains.kotlin.ir.util.IrUtilsKt$special$$inlined$filterIsInstance$5::invoke (8 bytes)
Event: 51.846 Thread 0x0000023b548734d0 nmethod 16360 0x0000023b4372c690 code [0x0000023b4372c840, 0x0000023b4372caf8]
Event: 51.846 Thread 0x0000023b548734d0 16358       3       org.jetbrains.kotlin.ir.declarations.impl.IrValueParameterImpl::getSymbol (8 bytes)
Event: 51.847 Thread 0x0000023b548734d0 nmethod 16358 0x0000023b4372cb90 code [0x0000023b4372cd20, 0x0000023b4372cf30]
Event: 51.852 Thread 0x0000023b548734d0 16361       3       org.jetbrains.kotlin.backend.jvm.InlineClassAbiKt::getRequiresMangling$default (23 bytes)
Event: 51.853 Thread 0x0000023b548734d0 nmethod 16361 0x0000023b4372d010 code [0x0000023b4372d1c0, 0x0000023b4372d348]
Event: 51.853 Thread 0x0000023b548734d0 16362       3       org.jetbrains.kotlin.backend.jvm.InlineClassAbi::asInfoForMangling (33 bytes)
Event: 51.855 Thread 0x0000023b548734d0 nmethod 16362 0x0000023b4372d410 code [0x0000023b4372d760, 0x0000023b4372e938]
Event: 51.855 Thread 0x0000023b548734d0 16365       3       org.jetbrains.kotlin.backend.jvm.InlineClassAbi::hashSuffix (185 bytes)

GC Heap History (20 events):
Event: 20.818 GC heap before
{Heap before GC invocations=16 (full 0):
 garbage-first heap   total reserved 2066432K, committed 122880K, used 100823K [0x0000000081e00000, 0x0000000100000000)
  region size 1024K, 38 young (38912K), 6 survivors (6144K)
 Metaspace       used 55836K, committed 56192K, reserved 1114112K
  class space    used 6714K, committed 6848K, reserved 1048576K
}
Event: 20.849 GC heap after
{Heap after GC invocations=17 (full 0):
 garbage-first heap   total reserved 2066432K, committed 122880K, used 73687K [0x0000000081e00000, 0x0000000100000000)
  region size 1024K, 5 young (5120K), 5 survivors (5120K)
 Metaspace       used 55836K, committed 56192K, reserved 1114112K
  class space    used 6714K, committed 6848K, reserved 1048576K
}
Event: 26.283 GC heap before
{Heap before GC invocations=18 (full 0):
 garbage-first heap   total reserved 2066432K, committed 122880K, used 104407K [0x0000000081e00000, 0x0000000100000000)
  region size 1024K, 35 young (35840K), 5 survivors (5120K)
 Metaspace       used 58606K, committed 59008K, reserved 1114112K
  class space    used 6981K, committed 7168K, reserved 1048576K
}
Event: 26.316 GC heap after
{Heap after GC invocations=19 (full 0):
 garbage-first heap   total reserved 2066432K, committed 122880K, used 78278K [0x0000000081e00000, 0x0000000100000000)
  region size 1024K, 5 young (5120K), 5 survivors (5120K)
 Metaspace       used 58606K, committed 59008K, reserved 1114112K
  class space    used 6981K, committed 7168K, reserved 1048576K
}
Event: 28.302 GC heap before
{Heap before GC invocations=19 (full 0):
 garbage-first heap   total reserved 2066432K, committed 122880K, used 106950K [0x0000000081e00000, 0x0000000100000000)
  region size 1024K, 33 young (33792K), 5 survivors (5120K)
 Metaspace       used 59797K, committed 60224K, reserved 1114112K
  class space    used 7043K, committed 7232K, reserved 1048576K
}
Event: 28.339 GC heap after
{Heap after GC invocations=20 (full 0):
 garbage-first heap   total reserved 2066432K, committed 122880K, used 83415K [0x0000000081e00000, 0x0000000100000000)
  region size 1024K, 5 young (5120K), 5 survivors (5120K)
 Metaspace       used 59797K, committed 60224K, reserved 1114112K
  class space    used 7043K, committed 7232K, reserved 1048576K
}
Event: 30.134 GC heap before
{Heap before GC invocations=20 (full 0):
 garbage-first heap   total reserved 2066432K, committed 122880K, used 109015K [0x0000000081e00000, 0x0000000100000000)
  region size 1024K, 30 young (30720K), 5 survivors (5120K)
 Metaspace       used 60262K, committed 60672K, reserved 1114112K
  class space    used 7064K, committed 7232K, reserved 1048576K
}
Event: 30.164 GC heap after
{Heap after GC invocations=21 (full 0):
 garbage-first heap   total reserved 2066432K, committed 147456K, used 89559K [0x0000000081e00000, 0x0000000100000000)
  region size 1024K, 4 young (4096K), 4 survivors (4096K)
 Metaspace       used 60262K, committed 60672K, reserved 1114112K
  class space    used 7064K, committed 7232K, reserved 1048576K
}
Event: 33.042 GC heap before
{Heap before GC invocations=22 (full 0):
 garbage-first heap   total reserved 2066432K, committed 150528K, used 126423K [0x0000000081e00000, 0x0000000100000000)
  region size 1024K, 40 young (40960K), 4 survivors (4096K)
 Metaspace       used 60968K, committed 61440K, reserved 1114112K
  class space    used 7091K, committed 7296K, reserved 1048576K
}
Event: 33.063 GC heap after
{Heap after GC invocations=23 (full 0):
 garbage-first heap   total reserved 2066432K, committed 150528K, used 96215K [0x0000000081e00000, 0x0000000100000000)
  region size 1024K, 5 young (5120K), 5 survivors (5120K)
 Metaspace       used 60968K, committed 61440K, reserved 1114112K
  class space    used 7091K, committed 7296K, reserved 1048576K
}
Event: 35.638 GC heap before
{Heap before GC invocations=23 (full 0):
 garbage-first heap   total reserved 2066432K, committed 150528K, used 131031K [0x0000000081e00000, 0x0000000100000000)
  region size 1024K, 39 young (39936K), 5 survivors (5120K)
 Metaspace       used 61580K, committed 61952K, reserved 1114112K
  class space    used 7120K, committed 7296K, reserved 1048576K
}
Event: 35.660 GC heap after
{Heap after GC invocations=24 (full 0):
 garbage-first heap   total reserved 2066432K, committed 150528K, used 100322K [0x0000000081e00000, 0x0000000100000000)
  region size 1024K, 5 young (5120K), 5 survivors (5120K)
 Metaspace       used 61580K, committed 61952K, reserved 1114112K
  class space    used 7120K, committed 7296K, reserved 1048576K
}
Event: 38.099 GC heap before
{Heap before GC invocations=24 (full 0):
 garbage-first heap   total reserved 2066432K, committed 150528K, used 133090K [0x0000000081e00000, 0x0000000100000000)
  region size 1024K, 37 young (37888K), 5 survivors (5120K)
 Metaspace       used 61945K, committed 62336K, reserved 1114112K
  class space    used 7131K, committed 7296K, reserved 1048576K
}
Event: 38.118 GC heap after
{Heap after GC invocations=25 (full 0):
 garbage-first heap   total reserved 2066432K, committed 150528K, used 104694K [0x0000000081e00000, 0x0000000100000000)
  region size 1024K, 5 young (5120K), 5 survivors (5120K)
 Metaspace       used 61945K, committed 62336K, reserved 1114112K
  class space    used 7131K, committed 7296K, reserved 1048576K
}
Event: 42.225 GC heap before
{Heap before GC invocations=26 (full 0):
 garbage-first heap   total reserved 2066432K, committed 176128K, used 134390K [0x0000000081e00000, 0x0000000100000000)
  region size 1024K, 34 young (34816K), 5 survivors (5120K)
 Metaspace       used 64675K, committed 65088K, reserved 1114112K
  class space    used 7292K, committed 7488K, reserved 1048576K
}
Event: 42.236 GC heap after
{Heap after GC invocations=27 (full 0):
 garbage-first heap   total reserved 2066432K, committed 176128K, used 106217K [0x0000000081e00000, 0x0000000100000000)
  region size 1024K, 2 young (2048K), 2 survivors (2048K)
 Metaspace       used 64675K, committed 65088K, reserved 1114112K
  class space    used 7292K, committed 7488K, reserved 1048576K
}
Event: 45.469 GC heap before
{Heap before GC invocations=27 (full 0):
 garbage-first heap   total reserved 2066432K, committed 176128K, used 156393K [0x0000000081e00000, 0x0000000100000000)
  region size 1024K, 51 young (52224K), 2 survivors (2048K)
 Metaspace       used 71105K, committed 71552K, reserved 1114112K
  class space    used 7875K, committed 8064K, reserved 1048576K
}
Event: 45.488 GC heap after
{Heap after GC invocations=28 (full 0):
 garbage-first heap   total reserved 2066432K, committed 176128K, used 110320K [0x0000000081e00000, 0x0000000100000000)
  region size 1024K, 7 young (7168K), 7 survivors (7168K)
 Metaspace       used 71105K, committed 71552K, reserved 1114112K
  class space    used 7875K, committed 8064K, reserved 1048576K
}
Event: 48.927 GC heap before
{Heap before GC invocations=28 (full 0):
 garbage-first heap   total reserved 2066432K, committed 176128K, used 157424K [0x0000000081e00000, 0x0000000100000000)
  region size 1024K, 53 young (54272K), 7 survivors (7168K)
 Metaspace       used 76446K, committed 76928K, reserved 1179648K
  class space    used 8365K, committed 8576K, reserved 1048576K
}
Event: 48.949 GC heap after
{Heap after GC invocations=29 (full 0):
 garbage-first heap   total reserved 2066432K, committed 176128K, used 114739K [0x0000000081e00000, 0x0000000100000000)
  region size 1024K, 5 young (5120K), 5 survivors (5120K)
 Metaspace       used 76446K, committed 76928K, reserved 1179648K
  class space    used 8365K, committed 8576K, reserved 1048576K
}

Dll operation events (9 events):
Event: 0.072 Loaded shared library C:\Users\Lenovo\Downloads\jdk-22_windows-x64_bin\jdk-22.0.2\bin\java.dll
Event: 0.192 Loaded shared library C:\Users\Lenovo\Downloads\jdk-22_windows-x64_bin\jdk-22.0.2\bin\jsvml.dll
Event: 0.298 Loaded shared library C:\Users\Lenovo\Downloads\jdk-22_windows-x64_bin\jdk-22.0.2\bin\net.dll
Event: 0.305 Loaded shared library C:\Users\Lenovo\Downloads\jdk-22_windows-x64_bin\jdk-22.0.2\bin\nio.dll
Event: 0.417 Loaded shared library C:\Users\Lenovo\Downloads\jdk-22_windows-x64_bin\jdk-22.0.2\bin\zip.dll
Event: 0.546 Loaded shared library C:\Users\Lenovo\Downloads\jdk-22_windows-x64_bin\jdk-22.0.2\bin\jimage.dll
Event: 2.439 Loaded shared library C:\Users\Lenovo\Downloads\jdk-22_windows-x64_bin\jdk-22.0.2\bin\management.dll
Event: 2.455 Loaded shared library C:\Users\Lenovo\Downloads\jdk-22_windows-x64_bin\jdk-22.0.2\bin\management_ext.dll
Event: 7.393 Loaded shared library C:\Users\Lenovo\Downloads\jdk-22_windows-x64_bin\jdk-22.0.2\bin\verify.dll

Deoptimization events (20 events):
Event: 50.933 Thread 0x0000023b37ea72a0 Uncommon trap: trap_request=0xffffffde fr.pc=0x0000023b482d3f9c relative=0x0000000000000a7c
Event: 50.933 Thread 0x0000023b37ea72a0 Uncommon trap: reason=class_check action=maybe_recompile pc=0x0000023b482d3f9c method=org.jetbrains.kotlin.types.model.TypeSystemContext.lowerBoundIfFlexible(Lorg/jetbrains/kotlin/types/model/KotlinTypeMarker;)Lorg/jetbrains/kotlin/types/model/RigidTypeMa
Event: 50.933 Thread 0x0000023b37ea72a0 DEOPT PACKING pc=0x0000023b482d3f9c sp=0x0000003c482fa3f0
Event: 50.933 Thread 0x0000023b37ea72a0 DEOPT UNPACKING pc=0x0000023b477646a2 sp=0x0000003c482fa3c8 mode 2
Event: 51.110 Thread 0x0000023b37ea72a0 Uncommon trap: trap_request=0xffffff45 fr.pc=0x0000023b4836b444 relative=0x0000000000000484
Event: 51.110 Thread 0x0000023b37ea72a0 Uncommon trap: reason=unstable_if action=reinterpret pc=0x0000023b4836b444 method=org.jetbrains.kotlin.ir.expressions.IrMemberAccessExpression.hasDispatchReceiver()Z @ 25 c2
Event: 51.110 Thread 0x0000023b37ea72a0 DEOPT PACKING pc=0x0000023b4836b444 sp=0x0000003c482fc2b0
Event: 51.110 Thread 0x0000023b37ea72a0 DEOPT UNPACKING pc=0x0000023b477646a2 sp=0x0000003c482fc1f0 mode 2
Event: 51.324 Thread 0x0000023b37ea72a0 Uncommon trap: trap_request=0xffffffde fr.pc=0x0000023b48096f20 relative=0x00000000000004e0
Event: 51.324 Thread 0x0000023b37ea72a0 Uncommon trap: reason=class_check action=maybe_recompile pc=0x0000023b48096f20 method=kotlin.text.StringsKt__AppendableKt.appendElement(Ljava/lang/Appendable;Ljava/lang/Object;Lkotlin/jvm/functions/Function1;)V @ 86 c2
Event: 51.324 Thread 0x0000023b37ea72a0 DEOPT PACKING pc=0x0000023b48096f20 sp=0x0000003c482fd230
Event: 51.324 Thread 0x0000023b37ea72a0 DEOPT UNPACKING pc=0x0000023b477646a2 sp=0x0000003c482fd200 mode 2
Event: 51.324 Thread 0x0000023b37ea72a0 Uncommon trap: trap_request=0xffffffde fr.pc=0x0000023b48096f20 relative=0x00000000000004e0
Event: 51.324 Thread 0x0000023b37ea72a0 Uncommon trap: reason=class_check action=maybe_recompile pc=0x0000023b48096f20 method=kotlin.text.StringsKt__AppendableKt.appendElement(Ljava/lang/Appendable;Ljava/lang/Object;Lkotlin/jvm/functions/Function1;)V @ 86 c2
Event: 51.324 Thread 0x0000023b37ea72a0 DEOPT PACKING pc=0x0000023b48096f20 sp=0x0000003c482fd230
Event: 51.324 Thread 0x0000023b37ea72a0 DEOPT UNPACKING pc=0x0000023b477646a2 sp=0x0000003c482fd200 mode 2
Event: 51.566 Thread 0x0000023b37ea72a0 Uncommon trap: trap_request=0xffffffde fr.pc=0x0000023b4834022c relative=0x000000000000794c
Event: 51.566 Thread 0x0000023b37ea72a0 Uncommon trap: reason=class_check action=maybe_recompile pc=0x0000023b4834022c method=org.jetbrains.kotlin.fir.backend.Fir2IrTypeConverter.toIrType(Lorg/jetbrains/kotlin/fir/types/ConeKotlinType;Lorg/jetbrains/kotlin/fir/backend/utils/ConversionTypeOrigin
Event: 51.566 Thread 0x0000023b37ea72a0 DEOPT PACKING pc=0x0000023b4834022c sp=0x0000003c482fbfd0
Event: 51.566 Thread 0x0000023b37ea72a0 DEOPT UNPACKING pc=0x0000023b477646a2 sp=0x0000003c482fbf50 mode 2

Classes loaded (20 events):
Event: 18.188 Loading class java/util/EnumMap$EnumMapIterator done
Event: 18.188 Loading class java/util/EnumMap$EntryIterator done
Event: 18.188 Loading class java/util/EnumMap$EntryIterator$Entry
Event: 18.188 Loading class java/util/EnumMap$EntryIterator$Entry done
Event: 19.070 Loading class java/util/RegularEnumSet$EnumSetIterator
Event: 19.071 Loading class java/util/RegularEnumSet$EnumSetIterator done
Event: 20.184 Loading class java/util/AbstractList$RandomAccessSubList
Event: 20.184 Loading class java/util/AbstractList$RandomAccessSubList done
Event: 22.142 Loading class java/lang/Byte$ByteCache
Event: 22.147 Loading class java/lang/Byte$ByteCache done
Event: 26.318 Loading class java/lang/Short$ShortCache
Event: 26.319 Loading class java/lang/Short$ShortCache done
Event: 44.654 Loading class java/util/Formatter$FixedString
Event: 44.654 Loading class java/util/Formatter$FixedString done
Event: 49.882 Loading class java/util/IdentityHashMap$EntrySet
Event: 49.883 Loading class java/util/IdentityHashMap$EntrySet done
Event: 49.883 Loading class java/util/IdentityHashMap$EntryIterator
Event: 49.883 Loading class java/util/IdentityHashMap$EntryIterator done
Event: 49.883 Loading class java/util/IdentityHashMap$EntryIterator$Entry
Event: 49.884 Loading class java/util/IdentityHashMap$EntryIterator$Entry done

Classes unloaded (0 events):
No events

Classes redefined (0 events):
No events

Internal exceptions (20 events):
Event: 43.731 Thread 0x0000023b37ea72a0 Implicit null exception at 0x0000023b47ce4ea4 to 0x0000023b47ce5468
Event: 43.734 Thread 0x0000023b37ea72a0 Implicit null exception at 0x0000023b47ce7ba0 to 0x0000023b47ce8160
Event: 44.302 Thread 0x0000023b37ea72a0 Exception <a 'java/lang/NoSuchMethodError'{0x0000000089cede30}: 'java.lang.Object java.lang.invoke.DirectMethodHandle$Holder.newInvokeSpecial(java.lang.Object, java.lang.Object, java.lang.Object, java.lang.Object, java.lang.Object, java.lang.Object, java.lang.Object, java.lang.Object, int)'> (0x0000000089cede30) 
thrown [s\open\src\hotspot\share\interpreter\linkResolver.cpp, line 774]
Event: 44.303 Thread 0x0000023b37ea72a0 Exception <a 'java/lang/NoSuchMethodError'{0x0000000089cf2bc8}: 'java.lang.Object java.lang.invoke.DirectMethodHandle$Holder.invokeSpecial(java.lang.Object, java.lang.Object, java.lang.Object, java.lang.Object, java.lang.Object, java.lang.Object, java.lang.Object, java.lang.Object, java.lang.Object, int)'> (0x0000000089cf2bc8) 
thrown [s\open\src\hotspot\share\interpreter\linkResolver.cpp, line 774]
Event: 44.347 Thread 0x0000023b37ea72a0 Exception <a 'java/lang/NoSuchMethodError'{0x0000000089bf76b0}: 'java.lang.Object java.lang.invoke.DirectMethodHandle$Holder.invokeStatic(java.lang.Object, java.lang.Object, int, int)'> (0x0000000089bf76b0) 
thrown [s\open\src\hotspot\share\interpreter\linkResolver.cpp, line 774]
Event: 45.184 Thread 0x0000023b37ea72a0 Exception <a 'java/lang/NoSuchMethodError'{0x00000000896f81e8}: 'java.lang.Object java.lang.invoke.DirectMethodHandle$Holder.newInvokeSpecial(java.lang.Object, java.lang.Object, java.lang.Object, java.lang.Object, java.lang.Object, java.lang.Object, java.lang.Object, int)'> (0x00000000896f81e8) 
thrown [s\open\src\hotspot\share\interpreter\linkResolver.cpp, line 774]
Event: 45.185 Thread 0x0000023b37ea72a0 Exception <a 'java/lang/NoSuchMethodError'{0x00000000896fcb38}: 'java.lang.Object java.lang.invoke.DirectMethodHandle$Holder.invokeSpecial(java.lang.Object, java.lang.Object, java.lang.Object, java.lang.Object, java.lang.Object, java.lang.Object, java.lang.Object, java.lang.Object, int)'> (0x00000000896fcb38) 
thrown [s\open\src\hotspot\share\interpreter\linkResolver.cpp, line 774]
Event: 45.185 Thread 0x0000023b37ea72a0 Exception <a 'java/lang/NoSuchMethodError'{0x0000000089500f70}: 'java.lang.Object java.lang.invoke.Invokers$Holder.linkToTargetMethod(java.lang.Object, java.lang.Object, java.lang.Object, java.lang.Object, java.lang.Object, java.lang.Object, int, java.lang.Object)'> (0x0000000089500f70) 
thrown [s\open\src\hotspot\share\interpreter\linkResolver.cpp, line 774]
Event: 46.121 Thread 0x0000023b37ea72a0 Exception <a 'java/lang/NoSuchMethodError'{0x000000008c3b5fe0}: 'java.lang.Object java.lang.invoke.DirectMethodHandle$Holder.invokeStatic(java.lang.Object, java.lang.Object, java.lang.Object, int, int)'> (0x000000008c3b5fe0) 
thrown [s\open\src\hotspot\share\interpreter\linkResolver.cpp, line 774]
Event: 48.241 Thread 0x0000023b37ea72a0 Exception <a 'java/lang/NoSuchMethodError'{0x000000008a1e77e0}: 'java.lang.Object java.lang.invoke.DirectMethodHandle$Holder.newInvokeSpecial(java.lang.Object, int, java.lang.Object, int)'> (0x000000008a1e77e0) 
thrown [s\open\src\hotspot\share\interpreter\linkResolver.cpp, line 774]
Event: 48.241 Thread 0x0000023b37ea72a0 Exception <a 'java/lang/NoSuchMethodError'{0x000000008a1eb560}: 'java.lang.Object java.lang.invoke.DirectMethodHandle$Holder.invokeSpecial(java.lang.Object, java.lang.Object, int, java.lang.Object, int)'> (0x000000008a1eb560) 
thrown [s\open\src\hotspot\share\interpreter\linkResolver.cpp, line 774]
Event: 49.202 Thread 0x0000023b37ea72a0 Implicit null exception at 0x0000023b47f01a1a to 0x0000023b47f01bf0
Event: 49.539 Thread 0x0000023b37ea72a0 Exception <a 'java/lang/NoSuchMethodError'{0x000000008d2c6e00}: 'java.lang.Object java.lang.invoke.DirectMethodHandle$Holder.invokeStatic(java.lang.Object, java.lang.Object, int, java.lang.Object)'> (0x000000008d2c6e00) 
thrown [s\open\src\hotspot\share\interpreter\linkResolver.cpp, line 774]
Event: 49.865 Thread 0x0000023b37ea72a0 Exception <a 'java/lang/NoSuchMethodError'{0x000000008cf834d0}: 'java.lang.Object java.lang.invoke.DirectMethodHandle$Holder.newInvokeSpecial(java.lang.Object, java.lang.Object, java.lang.Object, java.lang.Object, int, java.lang.Object)'> (0x000000008cf834d0) 
thrown [s\open\src\hotspot\share\interpreter\linkResolver.cpp, line 774]
Event: 49.865 Thread 0x0000023b37ea72a0 Exception <a 'java/lang/NoSuchMethodError'{0x000000008cf878a8}: 'java.lang.Object java.lang.invoke.DirectMethodHandle$Holder.invokeSpecial(java.lang.Object, java.lang.Object, java.lang.Object, java.lang.Object, java.lang.Object, int, java.lang.Object)'> (0x000000008cf878a8) 
thrown [s\open\src\hotspot\share\interpreter\linkResolver.cpp, line 774]
Event: 49.866 Thread 0x0000023b37ea72a0 Exception <a 'java/lang/NoSuchMethodError'{0x000000008cf8b470}: 'java.lang.Object java.lang.invoke.Invokers$Holder.linkToTargetMethod(java.lang.Object, java.lang.Object, java.lang.Object, int, java.lang.Object, java.lang.Object)'> (0x000000008cf8b470) 
thrown [s\open\src\hotspot\share\interpreter\linkResolver.cpp, line 774]
Event: 49.982 Thread 0x0000023b37ea72a0 Exception <a 'java/lang/NoSuchMethodError'{0x000000008cec52e8}: 'java.lang.Object java.lang.invoke.DirectMethodHandle$Holder.invokeStaticInit(java.lang.Object, java.lang.Object, int, java.lang.Object)'> (0x000000008cec52e8) 
thrown [s\open\src\hotspot\share\interpreter\linkResolver.cpp, line 774]
Event: 51.288 Thread 0x0000023b37ea72a0 Exception <a 'java/lang/NoSuchMethodError'{0x000000008c00ae40}: 'java.lang.Object java.lang.invoke.DirectMethodHandle$Holder.newInvokeSpecial(java.lang.Object, java.lang.Object, int, java.lang.Object)'> (0x000000008c00ae40) 
thrown [s\open\src\hotspot\share\interpreter\linkResolver.cpp, line 774]
Event: 51.289 Thread 0x0000023b37ea72a0 Exception <a 'java/lang/NoSuchMethodError'{0x000000008c00ec90}: 'java.lang.Object java.lang.invoke.DirectMethodHandle$Holder.invokeSpecial(java.lang.Object, java.lang.Object, java.lang.Object, int, java.lang.Object)'> (0x000000008c00ec90) 
thrown [s\open\src\hotspot\share\interpreter\linkResolver.cpp, line 774]
Event: 51.289 Thread 0x0000023b37ea72a0 Exception <a 'java/lang/NoSuchMethodError'{0x000000008c012650}: 'java.lang.Object java.lang.invoke.Invokers$Holder.linkToTargetMethod(java.lang.Object, int, java.lang.Object, java.lang.Object)'> (0x000000008c012650) 
thrown [s\open\src\hotspot\share\interpreter\linkResolver.cpp, line 774]

ZGC Phase Switch (0 events):
No events

VM Operations (20 events):
Event: 49.661 Executing VM operation: ICBufferFull
Event: 49.662 Executing VM operation: ICBufferFull done
Event: 49.850 Executing VM operation: HandshakeAllThreads (Deoptimize)
Event: 49.850 Executing VM operation: HandshakeAllThreads (Deoptimize) done
Event: 49.895 Executing VM operation: ICBufferFull
Event: 49.895 Executing VM operation: ICBufferFull done
Event: 50.077 Executing VM operation: ICBufferFull
Event: 50.078 Executing VM operation: ICBufferFull done
Event: 50.344 Executing VM operation: ICBufferFull
Event: 50.344 Executing VM operation: ICBufferFull done
Event: 50.781 Executing VM operation: ICBufferFull
Event: 50.781 Executing VM operation: ICBufferFull done
Event: 51.100 Executing VM operation: ICBufferFull
Event: 51.100 Executing VM operation: ICBufferFull done
Event: 51.164 Executing VM operation: HandshakeAllThreads (Deoptimize)
Event: 51.164 Executing VM operation: HandshakeAllThreads (Deoptimize) done
Event: 51.408 Executing VM operation: ICBufferFull
Event: 51.408 Executing VM operation: ICBufferFull done
Event: 51.672 Executing VM operation: ICBufferFull
Event: 51.673 Executing VM operation: ICBufferFull done

Memory protections (0 events):
No events

Nmethod flushes (20 events):
Event: 49.177 Thread 0x0000023b542befd0 flushing  nmethod 0x0000023b41033f10
Event: 49.177 Thread 0x0000023b542befd0 flushing  nmethod 0x0000023b4109d110
Event: 49.177 Thread 0x0000023b542befd0 flushing  nmethod 0x0000023b410cd890
Event: 49.177 Thread 0x0000023b542befd0 flushing  nmethod 0x0000023b410cdd10
Event: 49.177 Thread 0x0000023b542befd0 flushing  nmethod 0x0000023b410cea90
Event: 49.177 Thread 0x0000023b542befd0 flushing  nmethod 0x0000023b410d1690
Event: 49.177 Thread 0x0000023b542befd0 flushing  nmethod 0x0000023b410d1d90
Event: 49.177 Thread 0x0000023b542befd0 flushing  nmethod 0x0000023b410d2210
Event: 49.177 Thread 0x0000023b542befd0 flushing  nmethod 0x0000023b410d2610
Event: 49.177 Thread 0x0000023b542befd0 flushing  nmethod 0x0000023b410dca90
Event: 49.177 Thread 0x0000023b542befd0 flushing  nmethod 0x0000023b410dce10
Event: 49.177 Thread 0x0000023b542befd0 flushing  nmethod 0x0000023b410eb410
Event: 49.177 Thread 0x0000023b542befd0 flushing  nmethod 0x0000023b4111e610
Event: 49.177 Thread 0x0000023b542befd0 flushing  nmethod 0x0000023b41231b90
Event: 49.177 Thread 0x0000023b542befd0 flushing  nmethod 0x0000023b41312610
Event: 49.177 Thread 0x0000023b542befd0 flushing  nmethod 0x0000023b41444a10
Event: 49.177 Thread 0x0000023b542befd0 flushing  nmethod 0x0000023b41570090
Event: 49.177 Thread 0x0000023b542befd0 flushing  nmethod 0x0000023b415ce510
Event: 49.177 Thread 0x0000023b542befd0 flushing  nmethod 0x0000023b41750510
Event: 49.177 Thread 0x0000023b542befd0 flushing  nmethod 0x0000023b41b1a410

Events (15 events):
Event: 0.123 Thread 0x0000023b37ea72a0 Thread added: 0x0000023b37ea72a0
Event: 0.173 Thread 0x0000023b37ea72a0 Thread added: 0x0000023b542dd340
Event: 0.174 Thread 0x0000023b37ea72a0 Thread added: 0x0000023b542de260
Event: 0.174 Thread 0x0000023b37ea72a0 Thread added: 0x0000023b548350b0
Event: 0.174 Thread 0x0000023b37ea72a0 Thread added: 0x0000023b54835b10
Event: 0.175 Thread 0x0000023b37ea72a0 Thread added: 0x0000023b54836570
Event: 0.176 Thread 0x0000023b37ea72a0 Thread added: 0x0000023b54836fd0
Event: 0.176 Thread 0x0000023b37ea72a0 Thread added: 0x0000023b54837d60
Event: 0.187 Thread 0x0000023b37ea72a0 Thread added: 0x0000023b548734d0
Event: 0.269 Thread 0x0000023b37ea72a0 Thread added: 0x0000023b5498d2f0
Event: 0.277 Thread 0x0000023b37ea72a0 Thread added: 0x0000023b549997d0
Event: 14.078 Thread 0x0000023b548734d0 Thread added: 0x0000023b9a8e39b0
Event: 15.499 Thread 0x0000023b9a8e39b0 Thread exited: 0x0000023b9a8e39b0
Event: 15.555 Thread 0x0000023b548734d0 Thread added: 0x0000023b9d335830
Event: 17.564 Thread 0x0000023b9d335830 Thread exited: 0x0000023b9d335830


Dynamic libraries:
0x00007ff7a1160000 - 0x00007ff7a1170000 	C:\Users\Lenovo\Downloads\jdk-22_windows-x64_bin\jdk-22.0.2\bin\java.exe
0x00007ffae5070000 - 0x00007ffae5288000 	C:\WINDOWS\SYSTEM32\ntdll.dll
0x00007ffae40a0000 - 0x00007ffae4164000 	C:\WINDOWS\System32\KERNEL32.DLL
0x00007ffae2180000 - 0x00007ffae2553000 	C:\WINDOWS\System32\KERNELBASE.dll
0x00007ffadc720000 - 0x00007ffadc7b7000 	C:\WINDOWS\SYSTEM32\apphelp.dll
0x00007ffae2780000 - 0x00007ffae2891000 	C:\WINDOWS\System32\ucrtbase.dll
0x00007ffabf7e0000 - 0x00007ffabf7f7000 	C:\Users\Lenovo\Downloads\jdk-22_windows-x64_bin\jdk-22.0.2\bin\jli.dll
0x00007ffae2da0000 - 0x00007ffae2f52000 	C:\WINDOWS\System32\USER32.dll
0x00007ffae2750000 - 0x00007ffae2776000 	C:\WINDOWS\System32\win32u.dll
0x00007ffae34d0000 - 0x00007ffae34f9000 	C:\WINDOWS\System32\GDI32.dll
0x00007ffae2a80000 - 0x00007ffae2b9b000 	C:\WINDOWS\System32\gdi32full.dll
0x00007ffac9cc0000 - 0x00007ffac9cdb000 	C:\Users\Lenovo\Downloads\jdk-22_windows-x64_bin\jdk-22.0.2\bin\VCRUNTIME140.dll
0x00007ffae28a0000 - 0x00007ffae293a000 	C:\WINDOWS\System32\msvcp_win.dll
0x00007ffaceb10000 - 0x00007ffacedac000 	C:\WINDOWS\WinSxS\amd64_microsoft.windows.common-controls_6595b64144ccf1df_6.0.22621.6060_none_2712eda17382d24b\COMCTL32.dll
0x00007ffae4c90000 - 0x00007ffae4d37000 	C:\WINDOWS\System32\msvcrt.dll
0x00007ffae4380000 - 0x00007ffae43b1000 	C:\WINDOWS\System32\IMM32.DLL
0x00007ffadd6d0000 - 0x00007ffadd6dc000 	C:\Users\Lenovo\Downloads\jdk-22_windows-x64_bin\jdk-22.0.2\bin\vcruntime140_1.dll
0x00007ffaafbb0000 - 0x00007ffaafc3e000 	C:\Users\Lenovo\Downloads\jdk-22_windows-x64_bin\jdk-22.0.2\bin\msvcp140.dll
0x00007ffa77730000 - 0x00007ffa78479000 	C:\Users\Lenovo\Downloads\jdk-22_windows-x64_bin\jdk-22.0.2\bin\server\jvm.dll
0x00007ffae3da0000 - 0x00007ffae3e51000 	C:\WINDOWS\System32\ADVAPI32.dll
0x00007ffae4e70000 - 0x00007ffae4f18000 	C:\WINDOWS\System32\sechost.dll
0x00007ffae2ba0000 - 0x00007ffae2bc8000 	C:\WINDOWS\System32\bcrypt.dll
0x00007ffae4430000 - 0x00007ffae4548000 	C:\WINDOWS\System32\RPCRT4.dll
0x00007ffae4df0000 - 0x00007ffae4e61000 	C:\WINDOWS\System32\WS2_32.dll
0x00007ffae0fd0000 - 0x00007ffae101d000 	C:\WINDOWS\SYSTEM32\POWRPROF.dll
0x00007ffadd540000 - 0x00007ffadd574000 	C:\WINDOWS\SYSTEM32\WINMM.dll
0x00007ffadd460000 - 0x00007ffadd46a000 	C:\WINDOWS\SYSTEM32\VERSION.dll
0x00007ffae0fb0000 - 0x00007ffae0fc3000 	C:\WINDOWS\SYSTEM32\UMPDC.dll
0x00007ffae1250000 - 0x00007ffae1268000 	C:\WINDOWS\SYSTEM32\kernel.appcore.dll
0x00007ffad63d0000 - 0x00007ffad63da000 	C:\Users\Lenovo\Downloads\jdk-22_windows-x64_bin\jdk-22.0.2\bin\jimage.dll
0x00007ffadfbb0000 - 0x00007ffadfde3000 	C:\WINDOWS\SYSTEM32\DBGHELP.DLL
0x00007ffae2f60000 - 0x00007ffae32f1000 	C:\WINDOWS\System32\combase.dll
0x00007ffae4550000 - 0x00007ffae4628000 	C:\WINDOWS\System32\OLEAUT32.dll
0x00007ffabc270000 - 0x00007ffabc2a2000 	C:\WINDOWS\SYSTEM32\dbgcore.DLL
0x00007ffae2a00000 - 0x00007ffae2a7b000 	C:\WINDOWS\System32\bcryptPrimitives.dll
0x00007ffac9ba0000 - 0x00007ffac9bbe000 	C:\Users\Lenovo\Downloads\jdk-22_windows-x64_bin\jdk-22.0.2\bin\java.dll
0x00007ffae3500000 - 0x00007ffae3d9c000 	C:\WINDOWS\System32\SHELL32.dll
0x00007ffae2bd0000 - 0x00007ffae2d0f000 	C:\WINDOWS\System32\wintypes.dll
0x00007ffae3ee0000 - 0x00007ffae4081000 	C:\WINDOWS\System32\ole32.dll
0x00007ffae0090000 - 0x00007ffae09aa000 	C:\WINDOWS\SYSTEM32\windows.storage.dll
0x00007ffae4f20000 - 0x00007ffae5024000 	C:\WINDOWS\System32\SHCORE.dll
0x00007ffae43c0000 - 0x00007ffae4429000 	C:\WINDOWS\System32\shlwapi.dll
0x00007ffae20b0000 - 0x00007ffae20d5000 	C:\WINDOWS\SYSTEM32\profapi.dll
0x00007ffaaf0f0000 - 0x00007ffaaf1c7000 	C:\Users\Lenovo\Downloads\jdk-22_windows-x64_bin\jdk-22.0.2\bin\jsvml.dll
0x00007ffad4200000 - 0x00007ffad4210000 	C:\Users\Lenovo\Downloads\jdk-22_windows-x64_bin\jdk-22.0.2\bin\net.dll
0x00007ffae1730000 - 0x00007ffae1799000 	C:\WINDOWS\system32\mswsock.dll
0x00007ffac7e20000 - 0x00007ffac7e36000 	C:\Users\Lenovo\Downloads\jdk-22_windows-x64_bin\jdk-22.0.2\bin\nio.dll
0x00007ffac9840000 - 0x00007ffac9857000 	C:\Users\Lenovo\Downloads\jdk-22_windows-x64_bin\jdk-22.0.2\bin\zip.dll
0x00007ffacedb0000 - 0x00007ffacedba000 	C:\Users\Lenovo\Downloads\jdk-22_windows-x64_bin\jdk-22.0.2\bin\management.dll
0x00007fface7f0000 - 0x00007fface7fb000 	C:\Users\Lenovo\Downloads\jdk-22_windows-x64_bin\jdk-22.0.2\bin\management_ext.dll
0x00007ffae3ed0000 - 0x00007ffae3ed8000 	C:\WINDOWS\System32\PSAPI.DLL
0x00007ffad4140000 - 0x00007ffad4150000 	C:\Users\Lenovo\Downloads\jdk-22_windows-x64_bin\jdk-22.0.2\bin\verify.dll

dbghelp: loaded successfully - version: 4.0.5 - missing functions: none
symbol engine: initialized successfully - sym options: 0x614 - pdb path: .;C:\Users\Lenovo\Downloads\jdk-22_windows-x64_bin\jdk-22.0.2\bin;C:\WINDOWS\SYSTEM32;C:\WINDOWS\WinSxS\amd64_microsoft.windows.common-controls_6595b64144ccf1df_6.0.22621.6060_none_2712eda17382d24b;C:\Users\Lenovo\Downloads\jdk-22_windows-x64_bin\jdk-22.0.2\bin\server

VM Arguments:
java_command: org.jetbrains.kotlin.cli.jvm.K2JVMCompiler @D:\flutter\packages\flutter_tools\gradle\build\20260914_9526706172691320040.compiler.options
java_class_path (initial): C:\Users\Lenovo\.gradle\caches\modules-2\files-2.1\org.jetbrains.kotlin\kotlin-compiler-embeddable\2.2.21\b13aed5cf8412f9ee9d1e4db21bdcfebcc24f606\kotlin-compiler-embeddable-2.2.21.jar;C:\Users\Lenovo\.gradle\caches\modules-2\files-2.1\org.jetbrains.kotlin\kotlin-stdlib\2.2.21\fa374a986e128314c3db00a20aae55f72a258511\kotlin-stdlib-2.2.21.jar;C:\Users\Lenovo\.gradle\caches\modules-2\files-2.1\org.jetbrains.kotlin\kotlin-script-runtime\2.2.21\e9b021c4e335e4ed7a7e3b32285249ae6bb3a6c8\kotlin-script-runtime-2.2.21.jar;C:\Users\Lenovo\.gradle\caches\modules-2\files-2.1\org.jetbrains.kotlin\kotlin-reflect\1.6.10\1cbe9c92c12a94eea200d23c2bbaedaf3daf5132\kotlin-reflect-1.6.10.jar;C:\Users\Lenovo\.gradle\caches\modules-2\files-2.1\org.jetbrains.kotlin\kotlin-daemon-embeddable\2.2.21\78fde5db1c92786448170b351d8f8868acabd2ce\kotlin-daemon-embeddable-2.2.21.jar;C:\Users\Lenovo\.gradle\caches\modules-2\files-2.1\org.jetbrains.kotlinx\kotlinx-coroutines-core-jvm\1.8.0\ac1dc37a30a93150b704022f8d895ee1bd3a36b3\kotlinx-coroutines-core-jvm-1.8.0.jar;C:\Users\Lenovo\.gradle\caches\modules-2\files-2.1\org.jetbrains\annotations\13.0\919f0dfe192fb4e063e7dacadee7f8bb9a2672a9\annotations-13.0.jar
Launcher Type: SUN_STANDARD

[Global flags]
     intx CICompilerCount                          = 4                                         {product} {ergonomic}
     uint ConcGCThreads                            = 2                                         {product} {ergonomic}
     uint G1ConcRefinementThreads                  = 8                                         {product} {ergonomic}
   size_t G1HeapRegionSize                         = 1048576                                   {product} {ergonomic}
   size_t InitialHeapSize                          = 134217728                                 {product} {ergonomic}
   size_t MarkStackSize                            = 4194304                                   {product} {ergonomic}
   size_t MaxHeapSize                              = 2116026368                                {product} {ergonomic}
   size_t MaxNewSize                               = 1268776960                                {product} {ergonomic}
   size_t MinHeapDeltaBytes                        = 1048576                                   {product} {ergonomic}
   size_t MinHeapSize                              = 8388608                                   {product} {ergonomic}
    uintx NonNMethodCodeHeapSize                   = 5839372                                {pd product} {ergonomic}
    uintx NonProfiledCodeHeapSize                  = 122909434                              {pd product} {ergonomic}
    uintx ProfiledCodeHeapSize                     = 122909434                              {pd product} {ergonomic}
    uintx ReservedCodeCacheSize                    = 251658240                              {pd product} {ergonomic}
     bool SegmentedCodeCache                       = true                                      {product} {ergonomic}
   size_t SoftMaxHeapSize                          = 2116026368                             {manageable} {ergonomic}
     bool UseCompressedOops                        = true                           {product lp64_product} {ergonomic}
     bool UseG1GC                                  = true                                      {product} {ergonomic}
     bool UseLargePagesIndividualAllocation        = false                                  {pd product} {ergonomic}

Logging:
Log output configuration:
 #0: stdout all=warning uptime,level,tags foldmultilines=false
 #1: stderr all=off uptime,level,tags foldmultilines=false

Environment Variables:
PATH=C:\Users\Lenovo\Downloads\jdk-22_windows-x64_bin;C:\Program Files\Common Files\Oracle\Java\javapath;C:\Program Files\Eclipse Adoptium\jdk-21.0.4.7-hotspot\bin;C:\Program Files (x86)\Common Files\Oracle\Java\java8path;C:\WINDOWS\system32;C:\WINDOWS;C:\WINDOWS\System32\Wbem;C:\WINDOWS\System32\WindowsPowerShell\v1.0\;C:\WINDOWS\System32\OpenSSH\;C:\Program Files\Intel\WiFi\bin\;C:\Program Files\Common Files\Intel\WirelessCommon\;C:\Program Files\Git\cmd;;C:\ProgramData\chocolatey\bin;C:\Program Files\PostgreSQL\17\bin;C:\Program Files\nodejs\;D:\laragon\bin\php\php-8.1.10-Win32-vs16-x64;C:\ProgramData\ComposerSetup\bin;C:\Users\Lenovo\AppData\Local\Programs\Python\Python314\Scripts\;C:\Users\Lenovo\AppData\Local\Programs\Python\Python314\;C:\Users\Lenovo\AppData\Local\Yarn\config\global\node_modules\.bin;C:\Users\Lenovo\AppData\Roaming\Composer\vendor\bin;C:\Users\Lenovo\AppData\Roaming\npm;D:\laragon\bin;D:\laragon\bin\apache\httpd-2.4.66-260223-Win64-VS18\bin;D:\laragon\bin\composer;D:\laragon\bin\git\bin;D:\laragon\bin\git\cmd;D:\laragon\bin\git\mingw64\bin;D:\laragon\bin\git\usr\bin;D:\laragon\bin\laragon\utils;D:\laragon\bin\mysql\mysql-8.0.30-winx64\bin;D:\laragon\bin\nginx\nginx-1.22.0;D:\laragon\bin\ngrok;D:\laragon\bin\nodejs\node-v18;D:\laragon\bin\notepad++;D:\laragon\bin\php\php-8.3.16-Win32-vs16-x64;D:\laragon\bin\python\python-3.10;D:\laragon\bin\python\python-3.10\Scripts;D:\laragon\bin\redis\redis-x64-5.0.14.1;D:\laragon\bin\telnet;D:\laragon\usr\bin;C:\Users\Lenovo\AppData\Local\Microsoft\WindowsApps;C:\Users\Lenovo\AppData\Local\Programs\Microsoft VS Code\bin;C:\Users\Lenovo\AppData\Local\Programs\Antigravity\bin;D:\flutter\bin
USERNAME=Lenovo
OS=Windows_NT
PROCESSOR_IDENTIFIER=Intel64 Family 6 Model 142 Stepping 10, GenuineIntel
TMP=C:\Users\Lenovo\AppData\Local\Temp
TEMP=C:\Users\Lenovo\AppData\Local\Temp




Periodic native trim disabled

---------------  S Y S T E M  ---------------

OS:
 Windows 11 , 64 bit Build 22621 (10.0.22621.5415)
OS uptime: 79 days 13:40 hours

CPU: total 8 (initial active 8) (4 cores per cpu, 2 threads per core) family 6 model 142 stepping 10 microcode 0xf0, cx8, cmov, fxsr, ht, mmx, 3dnowpref, sse, sse2, sse3, ssse3, sse4.1, sse4.2, popcnt, lzcnt, tsc, tscinvbit, avx, avx2, aes, erms, clmul, bmi1, bmi2, rtm, adx, fma, vzeroupper, clflush, clflushopt, rdtscp, f16c
Processor Information for all 8 processors :
  Max Mhz: 1896, Current Mhz: 1696, Mhz Limit: 1687

Memory: 4k page, system-wide physical 8071M (618M free)
TotalPageFile size 25645M (AvailPageFile size 573M)
current process WorkingSet (physical memory assigned to process): 446M, peak: 453M
current process commit charge ("private bytes"): 491M, peak: 491M

vm_info: Java HotSpot(TM) 64-Bit Server VM (22.0.2+9-70) for windows-amd64 JRE (22.0.2+9-70), built on 2024-06-04T16:52:23Z by "mach5one" with MS VC++ 17.6 (VS2022)

END.
