#
# There is insufficient memory for the Java Runtime Environment to continue.
# Native memory allocation (malloc) failed to allocate 632976 bytes. Error detail: Chunk::new
# Possible reasons:
#   The system is out of physical RAM or swap space
#   This process is running with CompressedOops enabled, and the Java Heap may be blocking the growth of the native heap
# Possible solutions:
#   Reduce memory load on the system
#   Increase physical memory or swap space
#   Check if swap backing store is full
#   Decrease Java heap size (-Xmx/-Xms)
#   Decrease number of Java threads
#   Decrease Java thread stack sizes (-Xss)
#   Set larger code cache with -XX:ReservedCodeCacheSize=
#   JVM is running with Unscaled Compressed Oops mode in which the Java heap is
#     placed in the first 4GB address space. The Java Heap base address is the
#     maximum limit for the native heap growth. Please use -XX:HeapBaseMinAddress
#     to set the Java Heap base and to place the Java Heap above 4GB virtual address.
# This output file may be truncated or incomplete.
#
#  Out of Memory Error (arena.cpp:150), pid=3224, tid=12388
#
# JRE version: Java(TM) SE Runtime Environment (22.0.2+9) (build 22.0.2+9-70)
# Java VM: Java HotSpot(TM) 64-Bit Server VM (22.0.2+9-70, mixed mode, sharing, tiered, compressed oops, compressed class ptrs, g1 gc, windows-amd64)
# No core dump will be written. Minidumps are not enabled by default on client versions of Windows
#

---------------  S U M M A R Y ------------

Command Line: org.jetbrains.kotlin.cli.jvm.K2JVMCompiler @D:\flutter\packages\flutter_tools\gradle\build\20260914_10219111066758285046.compiler.options

Host: Intel(R) Core(TM) i5-8350U CPU @ 1.70GHz, 8 cores, 7G,  Windows 11 , 64 bit Build 22621 (10.0.22621.5415)
Time: Mon Sep 14 13:50:02 2026 SE Asia Standard Time elapsed time: 5.007760 seconds (0d 0h 0m 5s)

---------------  T H R E A D  ---------------

Current thread (0x000002057d24c300):  JavaThread "C2 CompilerThread0" daemon [_thread_in_native, id=12388, stack(0x0000005f9f800000,0x0000005f9f900000) (1024K)]


Current CompileTask:
C2:5007 1510   !   4       jdk.internal.loader.BuiltinClassLoader::loadClassOrNull (143 bytes)

Stack: [0x0000005f9f800000,0x0000005f9f900000]
Native frames: (J=compiled Java code, j=interpreted, Vv=VM code, C=native code)
V  [jvm.dll+0x6e26e9]  (no source info available)
V  [jvm.dll+0x875753]  (no source info available)
V  [jvm.dll+0x877b7e]  (no source info available)
V  [jvm.dll+0x878253]  (no source info available)
V  [jvm.dll+0x27fc86]  (no source info available)
V  [jvm.dll+0xc3d0f]  (no source info available)
V  [jvm.dll+0xc3f6b]  (no source info available)
V  [jvm.dll+0x2f3c7f]  (no source info available)
V  [jvm.dll+0x60c0fa]  (no source info available)
V  [jvm.dll+0x250c92]  (no source info available)
V  [jvm.dll+0x248d0e]  (no source info available)
V  [jvm.dll+0x246da6]  (no source info available)
V  [jvm.dll+0x1c4e80]  (no source info available)
V  [jvm.dll+0x2568f3]  (no source info available)
V  [jvm.dll+0x254baa]  (no source info available)
V  [jvm.dll+0x3f57a6]  (no source info available)
V  [jvm.dll+0x81dc0b]  (no source info available)
V  [jvm.dll+0x6e0d85]  (no source info available)
C  [ucrtbase.dll+0x29333]  (no source info available)
C  [KERNEL32.DLL+0x1259d]  (no source info available)
C  [ntdll.dll+0x5af78]  (no source info available)


---------------  P R O C E S S  ---------------

Threads class SMR info:
_java_thread_list=0x00000205452606a0, length=11, elements={
0x000002055e7ac230, 0x000002057d2442f0, 0x000002057d2453c0, 0x000002057d248e40,
0x000002057d24a0b0, 0x000002057d24ab10, 0x000002057d24b570, 0x000002057d24c300,
0x0000020545128070, 0x0000020545281220, 0x000002054528ace0
}

Java Threads: ( => current thread )
  0x000002055e7ac230 JavaThread "main"                              [_thread_in_vm, id=23380, stack(0x0000005f9ea00000,0x0000005f9eb00000) (1024K)]
  0x000002057d2442f0 JavaThread "Reference Handler"          daemon [_thread_blocked, id=30304, stack(0x0000005f9f200000,0x0000005f9f300000) (1024K)]
  0x000002057d2453c0 JavaThread "Finalizer"                  daemon [_thread_blocked, id=23004, stack(0x0000005f9f300000,0x0000005f9f400000) (1024K)]
  0x000002057d248e40 JavaThread "Signal Dispatcher"          daemon [_thread_blocked, id=28196, stack(0x0000005f9f400000,0x0000005f9f500000) (1024K)]
  0x000002057d24a0b0 JavaThread "Attach Listener"            daemon [_thread_blocked, id=37168, stack(0x0000005f9f500000,0x0000005f9f600000) (1024K)]
  0x000002057d24ab10 JavaThread "Service Thread"             daemon [_thread_blocked, id=26312, stack(0x0000005f9f600000,0x0000005f9f700000) (1024K)]
  0x000002057d24b570 JavaThread "Monitor Deflation Thread"   daemon [_thread_blocked, id=5312, stack(0x0000005f9f700000,0x0000005f9f800000) (1024K)]
=>0x000002057d24c300 JavaThread "C2 CompilerThread0"         daemon [_thread_in_native, id=12388, stack(0x0000005f9f800000,0x0000005f9f900000) (1024K)]
  0x0000020545128070 JavaThread "C1 CompilerThread0"         daemon [_thread_blocked, id=38668, stack(0x0000005f9f900000,0x0000005f9fa00000) (1024K)]
  0x0000020545281220 JavaThread "Notification Thread"        daemon [_thread_blocked, id=23056, stack(0x0000005f9fa00000,0x0000005f9fb00000) (1024K)]
  0x000002054528ace0 JavaThread "Common-Cleaner"             daemon [_thread_blocked, id=32516, stack(0x0000005f9fb00000,0x0000005f9fc00000) (1024K)]
Total: 11

Other Threads:
  0x000002057d225a30 VMThread "VM Thread"                           [id=40492, stack(0x0000005f9f100000,0x0000005f9f200000) (1024K)]
  0x000002057d20e760 WatcherThread "VM Periodic Task Thread"        [id=33880, stack(0x0000005f9f000000,0x0000005f9f100000) (1024K)]
  0x0000020560a5f6a0 WorkerThread "GC Thread#0"                     [id=40156, stack(0x0000005f9eb00000,0x0000005f9ec00000) (1024K)]
  0x000002054582f1c0 WorkerThread "GC Thread#1"                     [id=17560, stack(0x0000005f9fc00000,0x0000005f9fd00000) (1024K)]
  0x000002054582f570 WorkerThread "GC Thread#2"                     [id=35548, stack(0x0000005f9fd00000,0x0000005f9fe00000) (1024K)]
  0x00000205457bb460 WorkerThread "GC Thread#3"                     [id=38212, stack(0x0000005f9fe00000,0x0000005f9ff00000) (1024K)]
  0x0000020545898640 WorkerThread "GC Thread#4"                     [id=32248, stack(0x0000005f9ff00000,0x0000005fa0000000) (1024K)]
  0x00000205458d8fa0 WorkerThread "GC Thread#5"                     [id=31908, stack(0x0000005fa0000000,0x0000005fa0100000) (1024K)]
  0x00000205458d9350 WorkerThread "GC Thread#6"                     [id=17880, stack(0x0000005fa0100000,0x0000005fa0200000) (1024K)]
  0x0000020545fe4f20 WorkerThread "GC Thread#7"                     [id=40332, stack(0x0000005fa0200000,0x0000005fa0300000) (1024K)]
  0x0000020560a702d0 ConcurrentGCThread "G1 Main Marker"            [id=20976, stack(0x0000005f9ec00000,0x0000005f9ed00000) (1024K)]
  0x0000020560a70f90 WorkerThread "G1 Conc#0"                       [id=20468, stack(0x0000005f9ed00000,0x0000005f9ee00000) (1024K)]
  0x0000020560aadbb0 ConcurrentGCThread "G1 Refine#0"               [id=16660, stack(0x0000005f9ee00000,0x0000005f9ef00000) (1024K)]
  0x0000020560aae8e0 ConcurrentGCThread "G1 Service"                [id=12600, stack(0x0000005f9ef00000,0x0000005f9f000000) (1024K)]
Total: 14

Threads with active compile tasks:
C2 CompilerThread0  5111 1510   !   4       jdk.internal.loader.BuiltinClassLoader::loadClassOrNull (143 bytes)
Total: 1

VM state: not at safepoint (normal execution)

VM Mutex/Monitor currently owned by a thread:  ([mutex/lock_event])
[0x00007ffa7839ab00] Metaspace_lock - owner thread: 0x000002055e7ac230

Heap address: 0x0000000081e00000, size: 2018 MB, Compressed Oops mode: 32-bit

CDS archive(s) mapped at: [0x0000020500000000-0x0000020500c60000-0x0000020500c60000), size 12976128, SharedBaseAddress: 0x0000020500000000, ArchiveRelocationMode: 1.
Compressed class space mapped at: 0x0000020501000000-0x0000020541000000, reserved size: 1073741824
Narrow klass base: 0x0000020500000000, Narrow klass shift: 0, Narrow klass range: 0x41000000

GC Precious Log:
 CardTable entry size: 512
 Card Set container configuration: InlinePtr #cards 5 size 8 Array Of Cards #cards 12 size 40 Howl #buckets 4 coarsen threshold 1843 Howl Bitmap #cards 512 size 80 coarsen threshold 460 Card regions per heap region 1 cards per card region 2048
 CPUs: 8 total, 8 available
 Memory: 8071M
 Large Page Support: Disabled
 NUMA Support: Disabled
 Compressed Oops: Enabled (32-bit)
 Heap Region Size: 1M
 Heap Min Capacity: 8M
 Heap Initial Capacity: 128M
 Heap Max Capacity: 2018M
 Pre-touch: Disabled
 Parallel Workers: 8
 Concurrent Workers: 2
 Concurrent Refinement Workers: 8
 Periodic GC: Disabled

Heap:
 garbage-first heap   total reserved 2066432K, committed 131072K, used 20858K [0x0000000081e00000, 0x0000000100000000)
  region size 1024K, 15 young (15360K), 4 survivors (4096K)
 Metaspace       used 18846K, committed 19136K, reserved 1114112K
  class space    used 2345K, committed 2496K, reserved 1048576K

Heap Regions: E=young(eden), S=young(survivor), O=old, HS=humongous(starts), HC=humongous(continues), CS=collection set, F=free, TAMS=top-at-mark-start, PB=parsable bottom
|   0|0x0000000081e00000, 0x0000000081f00000, 0x0000000081f00000|100%|HS|  |TAMS 0x0000000081e00000| PB 0x0000000081e00000| Complete |  0
|   1|0x0000000081f00000, 0x0000000082000000, 0x0000000082000000|100%|HC|  |TAMS 0x0000000081f00000| PB 0x0000000081f00000| Complete |  0
|   2|0x0000000082000000, 0x0000000082100000, 0x0000000082100000|100%|HC|  |TAMS 0x0000000082000000| PB 0x0000000082000000| Complete |  0
|   3|0x0000000082100000, 0x0000000082200000, 0x0000000082200000|100%|HC|  |TAMS 0x0000000082100000| PB 0x0000000082100000| Complete |  0
|   4|0x0000000082200000, 0x0000000082300000, 0x0000000082300000|100%| O|  |TAMS 0x0000000082200000| PB 0x0000000082200000| Untracked |  0
|   5|0x0000000082300000, 0x0000000082400000, 0x0000000082400000|100%| O|  |TAMS 0x0000000082300000| PB 0x0000000082300000| Untracked |  0
|   6|0x0000000082400000, 0x00000000824f1e00, 0x0000000082500000| 94%| O|  |TAMS 0x0000000082400000| PB 0x0000000082400000| Untracked |  0
|   7|0x0000000082500000, 0x0000000082500000, 0x0000000082600000|  0%| F|  |TAMS 0x0000000082500000| PB 0x0000000082500000| Untracked |  0
|   8|0x0000000082600000, 0x0000000082600000, 0x0000000082700000|  0%| F|  |TAMS 0x0000000082600000| PB 0x0000000082600000| Untracked |  0
|   9|0x0000000082700000, 0x0000000082700000, 0x0000000082800000|  0%| F|  |TAMS 0x0000000082700000| PB 0x0000000082700000| Untracked |  0
|  10|0x0000000082800000, 0x0000000082800000, 0x0000000082900000|  0%| F|  |TAMS 0x0000000082800000| PB 0x0000000082800000| Untracked |  0
|  11|0x0000000082900000, 0x0000000082900000, 0x0000000082a00000|  0%| F|  |TAMS 0x0000000082900000| PB 0x0000000082900000| Untracked |  0
|  12|0x0000000082a00000, 0x0000000082a00000, 0x0000000082b00000|  0%| F|  |TAMS 0x0000000082a00000| PB 0x0000000082a00000| Untracked |  0
|  13|0x0000000082b00000, 0x0000000082b00000, 0x0000000082c00000|  0%| F|  |TAMS 0x0000000082b00000| PB 0x0000000082b00000| Untracked |  0
|  14|0x0000000082c00000, 0x0000000082c00000, 0x0000000082d00000|  0%| F|  |TAMS 0x0000000082c00000| PB 0x0000000082c00000| Untracked |  0
|  15|0x0000000082d00000, 0x0000000082d00000, 0x0000000082e00000|  0%| F|  |TAMS 0x0000000082d00000| PB 0x0000000082d00000| Untracked |  0
|  16|0x0000000082e00000, 0x0000000082e00000, 0x0000000082f00000|  0%| F|  |TAMS 0x0000000082e00000| PB 0x0000000082e00000| Untracked |  0
|  17|0x0000000082f00000, 0x0000000082f00000, 0x0000000083000000|  0%| F|  |TAMS 0x0000000082f00000| PB 0x0000000082f00000| Untracked |  0
|  18|0x0000000083000000, 0x0000000083000000, 0x0000000083100000|  0%| F|  |TAMS 0x0000000083000000| PB 0x0000000083000000| Untracked |  0
|  19|0x0000000083100000, 0x0000000083100000, 0x0000000083200000|  0%| F|  |TAMS 0x0000000083100000| PB 0x0000000083100000| Untracked |  0
|  20|0x0000000083200000, 0x0000000083200000, 0x0000000083300000|  0%| F|  |TAMS 0x0000000083200000| PB 0x0000000083200000| Untracked |  0
|  21|0x0000000083300000, 0x0000000083300000, 0x0000000083400000|  0%| F|  |TAMS 0x0000000083300000| PB 0x0000000083300000| Untracked |  0
|  22|0x0000000083400000, 0x0000000083400000, 0x0000000083500000|  0%| F|  |TAMS 0x0000000083400000| PB 0x0000000083400000| Untracked |  0
|  23|0x0000000083500000, 0x0000000083500000, 0x0000000083600000|  0%| F|  |TAMS 0x0000000083500000| PB 0x0000000083500000| Untracked |  0
|  24|0x0000000083600000, 0x0000000083600000, 0x0000000083700000|  0%| F|  |TAMS 0x0000000083600000| PB 0x0000000083600000| Untracked |  0
|  25|0x0000000083700000, 0x0000000083700000, 0x0000000083800000|  0%| F|  |TAMS 0x0000000083700000| PB 0x0000000083700000| Untracked |  0
|  26|0x0000000083800000, 0x0000000083800000, 0x0000000083900000|  0%| F|  |TAMS 0x0000000083800000| PB 0x0000000083800000| Untracked |  0
|  27|0x0000000083900000, 0x0000000083900000, 0x0000000083a00000|  0%| F|  |TAMS 0x0000000083900000| PB 0x0000000083900000| Untracked |  0
|  28|0x0000000083a00000, 0x0000000083a00000, 0x0000000083b00000|  0%| F|  |TAMS 0x0000000083a00000| PB 0x0000000083a00000| Untracked |  0
|  29|0x0000000083b00000, 0x0000000083b00000, 0x0000000083c00000|  0%| F|  |TAMS 0x0000000083b00000| PB 0x0000000083b00000| Untracked |  0
|  30|0x0000000083c00000, 0x0000000083c00000, 0x0000000083d00000|  0%| F|  |TAMS 0x0000000083c00000| PB 0x0000000083c00000| Untracked |  0
|  31|0x0000000083d00000, 0x0000000083d00000, 0x0000000083e00000|  0%| F|  |TAMS 0x0000000083d00000| PB 0x0000000083d00000| Untracked |  0
|  32|0x0000000083e00000, 0x0000000083e00000, 0x0000000083f00000|  0%| F|  |TAMS 0x0000000083e00000| PB 0x0000000083e00000| Untracked |  0
|  33|0x0000000083f00000, 0x0000000083f00000, 0x0000000084000000|  0%| F|  |TAMS 0x0000000083f00000| PB 0x0000000083f00000| Untracked |  0
|  34|0x0000000084000000, 0x0000000084000000, 0x0000000084100000|  0%| F|  |TAMS 0x0000000084000000| PB 0x0000000084000000| Untracked |  0
|  35|0x0000000084100000, 0x0000000084100000, 0x0000000084200000|  0%| F|  |TAMS 0x0000000084100000| PB 0x0000000084100000| Untracked |  0
|  36|0x0000000084200000, 0x0000000084200000, 0x0000000084300000|  0%| F|  |TAMS 0x0000000084200000| PB 0x0000000084200000| Untracked |  0
|  37|0x0000000084300000, 0x0000000084300000, 0x0000000084400000|  0%| F|  |TAMS 0x0000000084300000| PB 0x0000000084300000| Untracked |  0
|  38|0x0000000084400000, 0x0000000084400000, 0x0000000084500000|  0%| F|  |TAMS 0x0000000084400000| PB 0x0000000084400000| Untracked |  0
|  39|0x0000000084500000, 0x0000000084500000, 0x0000000084600000|  0%| F|  |TAMS 0x0000000084500000| PB 0x0000000084500000| Untracked |  0
|  40|0x0000000084600000, 0x0000000084600000, 0x0000000084700000|  0%| F|  |TAMS 0x0000000084600000| PB 0x0000000084600000| Untracked |  0
|  41|0x0000000084700000, 0x0000000084700000, 0x0000000084800000|  0%| F|  |TAMS 0x0000000084700000| PB 0x0000000084700000| Untracked |  0
|  42|0x0000000084800000, 0x0000000084800000, 0x0000000084900000|  0%| F|  |TAMS 0x0000000084800000| PB 0x0000000084800000| Untracked |  0
|  43|0x0000000084900000, 0x0000000084900000, 0x0000000084a00000|  0%| F|  |TAMS 0x0000000084900000| PB 0x0000000084900000| Untracked |  0
|  44|0x0000000084a00000, 0x0000000084a00000, 0x0000000084b00000|  0%| F|  |TAMS 0x0000000084a00000| PB 0x0000000084a00000| Untracked |  0
|  45|0x0000000084b00000, 0x0000000084b00000, 0x0000000084c00000|  0%| F|  |TAMS 0x0000000084b00000| PB 0x0000000084b00000| Untracked |  0
|  46|0x0000000084c00000, 0x0000000084c00000, 0x0000000084d00000|  0%| F|  |TAMS 0x0000000084c00000| PB 0x0000000084c00000| Untracked |  0
|  47|0x0000000084d00000, 0x0000000084d00000, 0x0000000084e00000|  0%| F|  |TAMS 0x0000000084d00000| PB 0x0000000084d00000| Untracked |  0
|  48|0x0000000084e00000, 0x0000000084e00000, 0x0000000084f00000|  0%| F|  |TAMS 0x0000000084e00000| PB 0x0000000084e00000| Untracked |  0
|  49|0x0000000084f00000, 0x0000000084f00000, 0x0000000085000000|  0%| F|  |TAMS 0x0000000084f00000| PB 0x0000000084f00000| Untracked |  0
|  50|0x0000000085000000, 0x0000000085000000, 0x0000000085100000|  0%| F|  |TAMS 0x0000000085000000| PB 0x0000000085000000| Untracked |  0
|  51|0x0000000085100000, 0x0000000085100000, 0x0000000085200000|  0%| F|  |TAMS 0x0000000085100000| PB 0x0000000085100000| Untracked |  0
|  52|0x0000000085200000, 0x0000000085200000, 0x0000000085300000|  0%| F|  |TAMS 0x0000000085200000| PB 0x0000000085200000| Untracked |  0
|  53|0x0000000085300000, 0x0000000085300000, 0x0000000085400000|  0%| F|  |TAMS 0x0000000085300000| PB 0x0000000085300000| Untracked |  0
|  54|0x0000000085400000, 0x0000000085400000, 0x0000000085500000|  0%| F|  |TAMS 0x0000000085400000| PB 0x0000000085400000| Untracked |  0
|  55|0x0000000085500000, 0x0000000085500000, 0x0000000085600000|  0%| F|  |TAMS 0x0000000085500000| PB 0x0000000085500000| Untracked |  0
|  56|0x0000000085600000, 0x0000000085600000, 0x0000000085700000|  0%| F|  |TAMS 0x0000000085600000| PB 0x0000000085600000| Untracked |  0
|  57|0x0000000085700000, 0x0000000085700000, 0x0000000085800000|  0%| F|  |TAMS 0x0000000085700000| PB 0x0000000085700000| Untracked |  0
|  58|0x0000000085800000, 0x0000000085800000, 0x0000000085900000|  0%| F|  |TAMS 0x0000000085800000| PB 0x0000000085800000| Untracked |  0
|  59|0x0000000085900000, 0x0000000085900000, 0x0000000085a00000|  0%| F|  |TAMS 0x0000000085900000| PB 0x0000000085900000| Untracked |  0
|  60|0x0000000085a00000, 0x0000000085a00000, 0x0000000085b00000|  0%| F|  |TAMS 0x0000000085a00000| PB 0x0000000085a00000| Untracked |  0
|  61|0x0000000085b00000, 0x0000000085b00000, 0x0000000085c00000|  0%| F|  |TAMS 0x0000000085b00000| PB 0x0000000085b00000| Untracked |  0
|  62|0x0000000085c00000, 0x0000000085c00000, 0x0000000085d00000|  0%| F|  |TAMS 0x0000000085c00000| PB 0x0000000085c00000| Untracked |  0
|  63|0x0000000085d00000, 0x0000000085d00000, 0x0000000085e00000|  0%| F|  |TAMS 0x0000000085d00000| PB 0x0000000085d00000| Untracked |  0
|  64|0x0000000085e00000, 0x0000000085e00000, 0x0000000085f00000|  0%| F|  |TAMS 0x0000000085e00000| PB 0x0000000085e00000| Untracked |  0
|  65|0x0000000085f00000, 0x0000000085f00000, 0x0000000086000000|  0%| F|  |TAMS 0x0000000085f00000| PB 0x0000000085f00000| Untracked |  0
|  66|0x0000000086000000, 0x0000000086000000, 0x0000000086100000|  0%| F|  |TAMS 0x0000000086000000| PB 0x0000000086000000| Untracked |  0
|  67|0x0000000086100000, 0x0000000086100000, 0x0000000086200000|  0%| F|  |TAMS 0x0000000086100000| PB 0x0000000086100000| Untracked |  0
|  68|0x0000000086200000, 0x0000000086200000, 0x0000000086300000|  0%| F|  |TAMS 0x0000000086200000| PB 0x0000000086200000| Untracked |  0
|  69|0x0000000086300000, 0x0000000086300000, 0x0000000086400000|  0%| F|  |TAMS 0x0000000086300000| PB 0x0000000086300000| Untracked |  0
|  70|0x0000000086400000, 0x0000000086400000, 0x0000000086500000|  0%| F|  |TAMS 0x0000000086400000| PB 0x0000000086400000| Untracked |  0
|  71|0x0000000086500000, 0x0000000086500000, 0x0000000086600000|  0%| F|  |TAMS 0x0000000086500000| PB 0x0000000086500000| Untracked |  0
|  72|0x0000000086600000, 0x0000000086600000, 0x0000000086700000|  0%| F|  |TAMS 0x0000000086600000| PB 0x0000000086600000| Untracked |  0
|  73|0x0000000086700000, 0x0000000086700000, 0x0000000086800000|  0%| F|  |TAMS 0x0000000086700000| PB 0x0000000086700000| Untracked |  0
|  74|0x0000000086800000, 0x0000000086800000, 0x0000000086900000|  0%| F|  |TAMS 0x0000000086800000| PB 0x0000000086800000| Untracked |  0
|  75|0x0000000086900000, 0x0000000086900000, 0x0000000086a00000|  0%| F|  |TAMS 0x0000000086900000| PB 0x0000000086900000| Untracked |  0
|  76|0x0000000086a00000, 0x0000000086a00000, 0x0000000086b00000|  0%| F|  |TAMS 0x0000000086a00000| PB 0x0000000086a00000| Untracked |  0
|  77|0x0000000086b00000, 0x0000000086b00000, 0x0000000086c00000|  0%| F|  |TAMS 0x0000000086b00000| PB 0x0000000086b00000| Untracked |  0
|  78|0x0000000086c00000, 0x0000000086c00000, 0x0000000086d00000|  0%| F|  |TAMS 0x0000000086c00000| PB 0x0000000086c00000| Untracked |  0
|  79|0x0000000086d00000, 0x0000000086d00000, 0x0000000086e00000|  0%| F|  |TAMS 0x0000000086d00000| PB 0x0000000086d00000| Untracked |  0
|  80|0x0000000086e00000, 0x0000000086e00000, 0x0000000086f00000|  0%| F|  |TAMS 0x0000000086e00000| PB 0x0000000086e00000| Untracked |  0
|  81|0x0000000086f00000, 0x0000000086f00000, 0x0000000087000000|  0%| F|  |TAMS 0x0000000086f00000| PB 0x0000000086f00000| Untracked |  0
|  82|0x0000000087000000, 0x0000000087000000, 0x0000000087100000|  0%| F|  |TAMS 0x0000000087000000| PB 0x0000000087000000| Untracked |  0
|  83|0x0000000087100000, 0x0000000087100000, 0x0000000087200000|  0%| F|  |TAMS 0x0000000087100000| PB 0x0000000087100000| Untracked |  0
|  84|0x0000000087200000, 0x0000000087200000, 0x0000000087300000|  0%| F|  |TAMS 0x0000000087200000| PB 0x0000000087200000| Untracked |  0
|  85|0x0000000087300000, 0x0000000087300000, 0x0000000087400000|  0%| F|  |TAMS 0x0000000087300000| PB 0x0000000087300000| Untracked |  0
|  86|0x0000000087400000, 0x0000000087400000, 0x0000000087500000|  0%| F|  |TAMS 0x0000000087400000| PB 0x0000000087400000| Untracked |  0
|  87|0x0000000087500000, 0x000000008756cb58, 0x0000000087600000| 42%| S|CS|TAMS 0x0000000087500000| PB 0x0000000087500000| Complete |  0
|  88|0x0000000087600000, 0x0000000087700000, 0x0000000087700000|100%| S|CS|TAMS 0x0000000087600000| PB 0x0000000087600000| Complete |  0
|  89|0x0000000087700000, 0x0000000087800000, 0x0000000087800000|100%| S|CS|TAMS 0x0000000087700000| PB 0x0000000087700000| Complete |  0
|  90|0x0000000087800000, 0x0000000087900000, 0x0000000087900000|100%| S|CS|TAMS 0x0000000087800000| PB 0x0000000087800000| Complete |  0
|  91|0x0000000087900000, 0x0000000087900000, 0x0000000087a00000|  0%| F|  |TAMS 0x0000000087900000| PB 0x0000000087900000| Untracked |  0
|  92|0x0000000087a00000, 0x0000000087a00000, 0x0000000087b00000|  0%| F|  |TAMS 0x0000000087a00000| PB 0x0000000087a00000| Untracked |  0
|  93|0x0000000087b00000, 0x0000000087b00000, 0x0000000087c00000|  0%| F|  |TAMS 0x0000000087b00000| PB 0x0000000087b00000| Untracked |  0
|  94|0x0000000087c00000, 0x0000000087c00000, 0x0000000087d00000|  0%| F|  |TAMS 0x0000000087c00000| PB 0x0000000087c00000| Untracked |  0
|  95|0x0000000087d00000, 0x0000000087d00000, 0x0000000087e00000|  0%| F|  |TAMS 0x0000000087d00000| PB 0x0000000087d00000| Untracked |  0
|  96|0x0000000087e00000, 0x0000000087e00000, 0x0000000087f00000|  0%| F|  |TAMS 0x0000000087e00000| PB 0x0000000087e00000| Untracked |  0
|  97|0x0000000087f00000, 0x0000000087f00000, 0x0000000088000000|  0%| F|  |TAMS 0x0000000087f00000| PB 0x0000000087f00000| Untracked |  0
|  98|0x0000000088000000, 0x0000000088000000, 0x0000000088100000|  0%| F|  |TAMS 0x0000000088000000| PB 0x0000000088000000| Untracked |  0
|  99|0x0000000088100000, 0x0000000088100000, 0x0000000088200000|  0%| F|  |TAMS 0x0000000088100000| PB 0x0000000088100000| Untracked |  0
| 100|0x0000000088200000, 0x0000000088200000, 0x0000000088300000|  0%| F|  |TAMS 0x0000000088200000| PB 0x0000000088200000| Untracked |  0
| 101|0x0000000088300000, 0x0000000088300000, 0x0000000088400000|  0%| F|  |TAMS 0x0000000088300000| PB 0x0000000088300000| Untracked |  0
| 102|0x0000000088400000, 0x0000000088400000, 0x0000000088500000|  0%| F|  |TAMS 0x0000000088400000| PB 0x0000000088400000| Untracked |  0
| 103|0x0000000088500000, 0x0000000088500000, 0x0000000088600000|  0%| F|  |TAMS 0x0000000088500000| PB 0x0000000088500000| Untracked |  0
| 104|0x0000000088600000, 0x0000000088600000, 0x0000000088700000|  0%| F|  |TAMS 0x0000000088600000| PB 0x0000000088600000| Untracked |  0
| 105|0x0000000088700000, 0x0000000088700000, 0x0000000088800000|  0%| F|  |TAMS 0x0000000088700000| PB 0x0000000088700000| Untracked |  0
| 106|0x0000000088800000, 0x0000000088800000, 0x0000000088900000|  0%| F|  |TAMS 0x0000000088800000| PB 0x0000000088800000| Untracked |  0
| 107|0x0000000088900000, 0x0000000088900000, 0x0000000088a00000|  0%| F|  |TAMS 0x0000000088900000| PB 0x0000000088900000| Untracked |  0
| 108|0x0000000088a00000, 0x0000000088a00000, 0x0000000088b00000|  0%| F|  |TAMS 0x0000000088a00000| PB 0x0000000088a00000| Untracked |  0
| 109|0x0000000088b00000, 0x0000000088b00000, 0x0000000088c00000|  0%| F|  |TAMS 0x0000000088b00000| PB 0x0000000088b00000| Untracked |  0
| 110|0x0000000088c00000, 0x0000000088c00000, 0x0000000088d00000|  0%| F|  |TAMS 0x0000000088c00000| PB 0x0000000088c00000| Untracked |  0
| 111|0x0000000088d00000, 0x0000000088d00000, 0x0000000088e00000|  0%| F|  |TAMS 0x0000000088d00000| PB 0x0000000088d00000| Untracked |  0
| 112|0x0000000088e00000, 0x0000000088e00000, 0x0000000088f00000|  0%| F|  |TAMS 0x0000000088e00000| PB 0x0000000088e00000| Untracked |  0
| 113|0x0000000088f00000, 0x0000000088f00000, 0x0000000089000000|  0%| F|  |TAMS 0x0000000088f00000| PB 0x0000000088f00000| Untracked |  0
| 114|0x0000000089000000, 0x0000000089000000, 0x0000000089100000|  0%| F|  |TAMS 0x0000000089000000| PB 0x0000000089000000| Untracked |  0
| 115|0x0000000089100000, 0x0000000089100000, 0x0000000089200000|  0%| F|  |TAMS 0x0000000089100000| PB 0x0000000089100000| Untracked |  0
| 116|0x0000000089200000, 0x0000000089200000, 0x0000000089300000|  0%| F|  |TAMS 0x0000000089200000| PB 0x0000000089200000| Untracked |  0
| 117|0x0000000089300000, 0x0000000089380000, 0x0000000089400000| 50%| E|  |TAMS 0x0000000089300000| PB 0x0000000089300000| Complete |  0
| 118|0x0000000089400000, 0x0000000089500000, 0x0000000089500000|100%| E|CS|TAMS 0x0000000089400000| PB 0x0000000089400000| Complete |  0
| 119|0x0000000089500000, 0x0000000089600000, 0x0000000089600000|100%| E|CS|TAMS 0x0000000089500000| PB 0x0000000089500000| Complete |  0
| 120|0x0000000089600000, 0x0000000089700000, 0x0000000089700000|100%| E|CS|TAMS 0x0000000089600000| PB 0x0000000089600000| Complete |  0
| 121|0x0000000089700000, 0x0000000089800000, 0x0000000089800000|100%| E|CS|TAMS 0x0000000089700000| PB 0x0000000089700000| Complete |  0
| 122|0x0000000089800000, 0x0000000089900000, 0x0000000089900000|100%| E|CS|TAMS 0x0000000089800000| PB 0x0000000089800000| Complete |  0
| 123|0x0000000089900000, 0x0000000089a00000, 0x0000000089a00000|100%| E|CS|TAMS 0x0000000089900000| PB 0x0000000089900000| Complete |  0
| 124|0x0000000089a00000, 0x0000000089b00000, 0x0000000089b00000|100%| E|CS|TAMS 0x0000000089a00000| PB 0x0000000089a00000| Complete |  0
| 125|0x0000000089b00000, 0x0000000089c00000, 0x0000000089c00000|100%| E|CS|TAMS 0x0000000089b00000| PB 0x0000000089b00000| Complete |  0
| 126|0x0000000089c00000, 0x0000000089d00000, 0x0000000089d00000|100%| E|CS|TAMS 0x0000000089c00000| PB 0x0000000089c00000| Complete |  0
| 127|0x0000000089d00000, 0x0000000089e00000, 0x0000000089e00000|100%| E|CS|TAMS 0x0000000089d00000| PB 0x0000000089d00000| Complete |  0

Card table byte_map: [0x0000020578470000,0x0000020578870000] _byte_map_base: 0x0000020578061000

Marking Bits: (CMBitMap*) 0x0000020560a5fdb0
 Bits: [0x0000020578870000, 0x000002057a7f8000)

Polling page: 0x00000205601b0000

Metaspace:

Usage:
  Non-class:     16.11 MB used.
      Class:      2.29 MB used.
       Both:     18.41 MB used.

Virtual space:
  Non-class space:       64.00 MB reserved,      16.25 MB ( 25%) committed,  1 nodes.
      Class space:        1.00 GB reserved,       2.44 MB ( <1%) committed,  1 nodes.
             Both:        1.06 GB reserved,      18.69 MB (  2%) committed. 

Chunk freelists:
   Non-Class:  13.92 MB
       Class:  13.61 MB
        Both:  27.53 MB

MaxMetaspaceSize: unlimited
CompressedClassSpaceSize: 1.00 GB
Initial GC threshold: 21.00 MB
Current GC threshold: 21.00 MB
CDS: on
 - commit_granule_bytes: 65536.
 - commit_granule_words: 8192.
 - virtual_space_node_default_size: 8388608.
 - enlarge_chunks_in_place: 1.
 - use_allocation_guard: 0.


Internal statistics:

num_allocs_failed_limit: 0.
num_arena_births: 178.
num_arena_deaths: 0.
num_vsnodes_births: 2.
num_vsnodes_deaths: 0.
num_space_committed: 299.
num_space_uncommitted: 0.
num_chunks_returned_to_freelist: 0.
num_chunks_taken_from_freelist: 802.
num_chunk_merges: 0.
num_chunk_splits: 638.
num_chunks_enlarged: 563.
num_inconsistent_stats: 0.

CodeHeap 'non-profiled nmethods': size=120000Kb used=500Kb max_used=500Kb free=119499Kb
 bounds [0x0000020570810000, 0x0000020570a80000, 0x0000020577d40000]
CodeHeap 'profiled nmethods': size=120000Kb used=2574Kb max_used=2574Kb free=117425Kb
 bounds [0x0000020568d40000, 0x0000020568fd0000, 0x0000020570270000]
CodeHeap 'non-nmethods': size=5760Kb used=1453Kb max_used=1465Kb free=4306Kb
 bounds [0x0000020570270000, 0x00000205704e0000, 0x0000020570810000]
 total_blobs=2051 nmethods=1516 adapters=440
 compilation: enabled
              stopped_count=0, restarted_count=0
 full_count=0

Compilation events (20 events):
Event: 4.859 Thread 0x000002057d24c300 1505       4       java.lang.ref.Cleaner$1::apply (9 bytes)
Event: 4.860 Thread 0x000002057d24c300 nmethod 1505 0x000002057088ab10 code [0x000002057088aca0, 0x000002057088ad70]
Event: 4.866 Thread 0x000002057d24c300 1506       4       java.util.LinkedHashMap::get (29 bytes)
Event: 4.872 Thread 0x000002057d24c300 nmethod 1506 0x000002057088ae90 code [0x000002057088b040, 0x000002057088b3d0]
Event: 4.897 Thread 0x000002057d24c300 1507   !   4       java.util.zip.Inflater::inflate (456 bytes)
Event: 4.902 Thread 0x000002057d24c300 nmethod 1507 0x000002057088b710 code [0x000002057088b8e0, 0x000002057088bdf8]
Event: 4.902 Thread 0x000002057d24c300 1508       4       java.lang.StringLatin1::indexOf (121 bytes)
Event: 4.913 Thread 0x000002057d24c300 nmethod 1508 0x000002057088c290 code [0x000002057088c440, 0x000002057088c990]
Event: 4.913 Thread 0x000002057d24c300 1509       4       java.lang.ClassLoader::getClassLoadingLock (35 bytes)
Event: 4.915 Thread 0x000002057d24c300 nmethod 1509 0x000002057088cc10 code [0x000002057088cda0, 0x000002057088cf00]
Event: 4.917 Thread 0x000002057d24c300 1510   !   4       jdk.internal.loader.BuiltinClassLoader::loadClassOrNull (143 bytes)
Event: 4.925 Thread 0x0000020545128070 1513       1       org.jetbrains.kotlin.com.fasterxml.aalto.in.PName::getLocalName (5 bytes)
Event: 4.925 Thread 0x0000020545128070 nmethod 1513 0x000002057088d010 code [0x000002057088d1a0, 0x000002057088d268]
Event: 4.939 Thread 0x0000020545128070 1514       3       jdk.internal.loader.ClassLoaders::platformClassLoader (4 bytes)
Event: 4.939 Thread 0x0000020545128070 nmethod 1514 0x0000020568fc1990 code [0x0000020568fc1b20, 0x0000020568fc1c18]
Event: 5.005 Thread 0x0000020545128070 1515       3       java.lang.reflect.Array::newInstance (6 bytes)
Event: 5.005 Thread 0x0000020545128070 nmethod 1515 0x0000020568fc1c90 code [0x0000020568fc1e40, 0x0000020568fc1f58]
Event: 5.005 Thread 0x0000020545128070 1516       3       sun.invoke.util.VerifyAccess::getClassModifiers (24 bytes)
Event: 5.006 Thread 0x0000020545128070 nmethod 1516 0x0000020568fc2010 code [0x0000020568fc21e0, 0x0000020568fc2418]
Event: 5.006 Thread 0x0000020545128070 1517       3       sun.invoke.util.VerifyAccess::isTypeVisible (47 bytes)

GC Heap History (4 events):
Event: 3.088 GC heap before
{Heap before GC invocations=0 (full 0):
 garbage-first heap   total reserved 2066432K, committed 131072K, used 28672K [0x0000000081e00000, 0x0000000100000000)
  region size 1024K, 24 young (24576K), 0 survivors (0K)
 Metaspace       used 6924K, committed 7104K, reserved 1114112K
  class space    used 690K, committed 768K, reserved 1048576K
}
Event: 3.097 GC heap after
{Heap after GC invocations=1 (full 0):
 garbage-first heap   total reserved 2066432K, committed 131072K, used 7168K [0x0000000081e00000, 0x0000000100000000)
  region size 1024K, 3 young (3072K), 3 survivors (3072K)
 Metaspace       used 6924K, committed 7104K, reserved 1114112K
  class space    used 690K, committed 768K, reserved 1048576K
}
Event: 4.682 GC heap before
{Heap before GC invocations=1 (full 0):
 garbage-first heap   total reserved 2066432K, committed 131072K, used 40960K [0x0000000081e00000, 0x0000000100000000)
  region size 1024K, 37 young (37888K), 3 survivors (3072K)
 Metaspace       used 15321K, committed 15552K, reserved 1114112K
  class space    used 1798K, committed 1920K, reserved 1048576K
}
Event: 4.694 GC heap after
{Heap after GC invocations=2 (full 0):
 garbage-first heap   total reserved 2066432K, committed 131072K, used 10618K [0x0000000081e00000, 0x0000000100000000)
  region size 1024K, 4 young (4096K), 4 survivors (4096K)
 Metaspace       used 15321K, committed 15552K, reserved 1114112K
  class space    used 1798K, committed 1920K, reserved 1048576K
}

Dll operation events (8 events):
Event: 0.033 Loaded shared library C:\Users\Lenovo\Downloads\jdk-22_windows-x64_bin\jdk-22.0.2\bin\java.dll
Event: 0.134 Loaded shared library C:\Users\Lenovo\Downloads\jdk-22_windows-x64_bin\jdk-22.0.2\bin\jsvml.dll
Event: 0.172 Loaded shared library C:\Users\Lenovo\Downloads\jdk-22_windows-x64_bin\jdk-22.0.2\bin\net.dll
Event: 0.179 Loaded shared library C:\Users\Lenovo\Downloads\jdk-22_windows-x64_bin\jdk-22.0.2\bin\nio.dll
Event: 0.239 Loaded shared library C:\Users\Lenovo\Downloads\jdk-22_windows-x64_bin\jdk-22.0.2\bin\zip.dll
Event: 0.764 Loaded shared library C:\Users\Lenovo\Downloads\jdk-22_windows-x64_bin\jdk-22.0.2\bin\jimage.dll
Event: 3.465 Loaded shared library C:\Users\Lenovo\Downloads\jdk-22_windows-x64_bin\jdk-22.0.2\bin\management.dll
Event: 3.483 Loaded shared library C:\Users\Lenovo\Downloads\jdk-22_windows-x64_bin\jdk-22.0.2\bin\management_ext.dll

Deoptimization events (20 events):
Event: 3.813 Thread 0x000002055e7ac230 Uncommon trap: trap_request=0xffffff45 fr.pc=0x000002057085982c relative=0x000000000000076c
Event: 3.813 Thread 0x000002055e7ac230 Uncommon trap: reason=unstable_if action=reinterpret pc=0x000002057085982c method=java.util.ArrayList.grow(I)[Ljava/lang/Object; @ 17 c2
Event: 3.813 Thread 0x000002055e7ac230 DEOPT PACKING pc=0x000002057085982c sp=0x0000005f9eafe0a0
Event: 3.813 Thread 0x000002055e7ac230 DEOPT UNPACKING pc=0x00000205702c46a2 sp=0x0000005f9eafdf38 mode 2
Event: 4.218 Thread 0x000002055e7ac230 Uncommon trap: trap_request=0xffffff45 fr.pc=0x000002057084d8e4 relative=0x00000000000004a4
Event: 4.218 Thread 0x000002055e7ac230 Uncommon trap: reason=unstable_if action=reinterpret pc=0x000002057084d8e4 method=java.lang.StringLatin1.indexOf([BI[BII)I @ 27 c2
Event: 4.218 Thread 0x000002055e7ac230 DEOPT PACKING pc=0x000002057084d8e4 sp=0x0000005f9eafe160
Event: 4.218 Thread 0x000002055e7ac230 DEOPT UNPACKING pc=0x00000205702c46a2 sp=0x0000005f9eafe0c0 mode 2
Event: 4.364 Thread 0x000002055e7ac230 DEOPT PACKING pc=0x0000020568f89f25 sp=0x0000005f9eafaa90
Event: 4.364 Thread 0x000002055e7ac230 DEOPT UNPACKING pc=0x00000205702c4e42 sp=0x0000005f9eaf9ee0 mode 0
Event: 4.557 Thread 0x000002055e7ac230 DEOPT PACKING pc=0x0000020568f89f25 sp=0x0000005f9eaf9d20
Event: 4.557 Thread 0x000002055e7ac230 DEOPT UNPACKING pc=0x00000205702c4e42 sp=0x0000005f9eaf9170 mode 0
Event: 4.668 Thread 0x000002055e7ac230 DEOPT PACKING pc=0x0000020568f89f25 sp=0x0000005f9eafc100
Event: 4.668 Thread 0x000002055e7ac230 DEOPT UNPACKING pc=0x00000205702c4e42 sp=0x0000005f9eafb550 mode 0
Event: 4.752 Thread 0x000002055e7ac230 DEOPT PACKING pc=0x0000020568f89f25 sp=0x0000005f9eafd720
Event: 4.752 Thread 0x000002055e7ac230 DEOPT UNPACKING pc=0x00000205702c4e42 sp=0x0000005f9eafcb98 mode 0
Event: 4.825 Thread 0x000002055e7ac230 DEOPT PACKING pc=0x0000020568f89f25 sp=0x0000005f9eaf8aa0
Event: 4.825 Thread 0x000002055e7ac230 DEOPT UNPACKING pc=0x00000205702c4e42 sp=0x0000005f9eaf7ef0 mode 0
Event: 4.901 Thread 0x000002055e7ac230 DEOPT PACKING pc=0x0000020568f89f25 sp=0x0000005f9eafac80
Event: 4.901 Thread 0x000002055e7ac230 DEOPT UNPACKING pc=0x00000205702c4e42 sp=0x0000005f9eafa0d0 mode 0

Classes loaded (20 events):
Event: 4.865 Loading class java/lang/invoke/VarHandleReferences$Array
Event: 4.865 Loading class java/lang/invoke/VarHandleReferences$Array done
Event: 4.892 Loading class javax/xml/stream/XMLStreamException
Event: 4.892 Loading class javax/xml/stream/XMLStreamException done
Event: 4.892 Loading class java/text/ParseException
Event: 4.892 Loading class java/text/ParseException done
Event: 4.902 Loading class javax/xml/stream/Location
Event: 4.902 Loading class javax/xml/stream/Location done
Event: 4.903 Loading class javax/xml/namespace/NamespaceContext
Event: 4.903 Loading class javax/xml/namespace/NamespaceContext done
Event: 4.903 Loading class javax/xml/stream/XMLStreamConstants
Event: 4.903 Loading class javax/xml/stream/XMLStreamConstants done
Event: 4.907 Loading class java/io/CharConversionException
Event: 4.907 Loading class java/io/CharConversionException done
Event: 4.908 Loading class javax/xml/stream/XMLStreamReader
Event: 4.909 Loading class javax/xml/stream/XMLStreamReader done
Event: 4.947 Loading class javax/swing/Icon
Event: 4.947 Loading class javax/swing/Icon done
Event: 4.947 Loading class sun/invoke/util/VerifyAccess$1
Event: 4.947 Loading class sun/invoke/util/VerifyAccess$1 done

Classes unloaded (0 events):
No events

Classes redefined (0 events):
No events

Internal exceptions (20 events):
Event: 4.525 Thread 0x000002055e7ac230 Exception <a 'java/lang/NoSuchMethodError'{0x0000000087c65718}: 'long java.lang.invoke.DirectMethodHandle$Holder.invokeStatic(java.lang.Object)'> (0x0000000087c65718) 
thrown [s\open\src\hotspot\share\interpreter\linkResolver.cpp, line 774]
Event: 4.526 Thread 0x000002055e7ac230 Exception <a 'java/lang/NoSuchMethodError'{0x0000000087c68b50}: 'long java.lang.invoke.DirectMethodHandle$Holder.invokeStaticInit(java.lang.Object)'> (0x0000000087c68b50) 
thrown [s\open\src\hotspot\share\interpreter\linkResolver.cpp, line 774]
Event: 4.537 Thread 0x000002055e7ac230 Exception <a 'java/lang/NoSuchMethodError'{0x0000000087c95ad0}: 'int java.lang.invoke.DirectMethodHandle$Holder.invokeStaticInit(java.lang.Object, java.lang.Object, java.lang.Object, java.lang.Object)'> (0x0000000087c95ad0) 
thrown [s\open\src\hotspot\share\interpreter\linkResolver.cpp, line 774]
Event: 4.625 Thread 0x000002055e7ac230 Exception <a 'java/lang/NoSuchMethodError'{0x0000000087ad36d8}: 'void java.lang.invoke.DirectMethodHandle$Holder.invokeStaticInit(java.lang.Object)'> (0x0000000087ad36d8) 
thrown [s\open\src\hotspot\share\interpreter\linkResolver.cpp, line 774]
Event: 4.640 Thread 0x000002055e7ac230 Exception <a 'java/lang/NoSuchMethodError'{0x0000000087936808}: 'void java.lang.invoke.DelegatingMethodHandle$Holder.reinvoke_L(java.lang.Object, java.lang.Object, java.lang.Object, long, java.lang.Object)'> (0x0000000087936808) 
thrown [s\open\src\hotspot\share\interpreter\linkResolver.cpp, line 774]
Event: 4.641 Thread 0x000002055e7ac230 Exception <a 'java/lang/NoSuchMethodError'{0x000000008793e0c8}: 'java.lang.Object java.lang.invoke.DirectMethodHandle$Holder.invokeSpecial(java.lang.Object, java.lang.Object, java.lang.Object, java.lang.Object, long)'> (0x000000008793e0c8) 
thrown [s\open\src\hotspot\share\interpreter\linkResolver.cpp, line 774]
Event: 4.643 Thread 0x000002055e7ac230 Exception <a 'java/lang/NoSuchMethodError'{0x000000008794cd20}: 'int java.lang.invoke.DelegatingMethodHandle$Holder.reinvoke_L(java.lang.Object, java.lang.Object, java.lang.Object, long, java.lang.Object, java.lang.Object)'> (0x000000008794cd20) 
thrown [s\open\src\hotspot\share\interpreter\linkResolver.cpp, line 774]
Event: 4.647 Thread 0x000002055e7ac230 Exception <a 'java/lang/NoSuchMethodError'{0x000000008795b100}: 'int java.lang.invoke.DelegatingMethodHandle$Holder.reinvoke_L(java.lang.Object, java.lang.Object, java.lang.Object, long, int, int)'> (0x000000008795b100) 
thrown [s\open\src\hotspot\share\interpreter\linkResolver.cpp, line 774]
Event: 4.658 Thread 0x000002055e7ac230 Exception <a 'java/lang/NoSuchMethodError'{0x0000000087969290}: 'int java.lang.invoke.DelegatingMethodHandle$Holder.reinvoke_L(java.lang.Object, java.lang.Object, java.lang.Object, long, long, long)'> (0x0000000087969290) 
thrown [s\open\src\hotspot\share\interpreter\linkResolver.cpp, line 774]
Event: 4.660 Thread 0x000002055e7ac230 Exception <a 'java/lang/NoSuchMethodError'{0x0000000087977358}: 'int java.lang.invoke.DelegatingMethodHandle$Holder.reinvoke_L(java.lang.Object, java.lang.Object, java.lang.Object, long, int)'> (0x0000000087977358) 
thrown [s\open\src\hotspot\share\interpreter\linkResolver.cpp, line 774]
Event: 4.662 Thread 0x000002055e7ac230 Exception <a 'java/lang/NoSuchMethodError'{0x0000000087982770}: 'int java.lang.invoke.DirectMethodHandle$Holder.invokeSpecial(java.lang.Object, java.lang.Object, java.lang.Object, java.lang.Object)'> (0x0000000087982770) 
thrown [s\open\src\hotspot\share\interpreter\linkResolver.cpp, line 774]
Event: 4.666 Thread 0x000002055e7ac230 Exception <a 'java/lang/NoSuchMethodError'{0x0000000087990e50}: 'void java.lang.invoke.DelegatingMethodHandle$Holder.reinvoke_L(java.lang.Object, java.lang.Object, java.lang.Object, long, java.lang.Object, long, long)'> (0x0000000087990e50) 
thrown [s\open\src\hotspot\share\interpreter\linkResolver.cpp, line 774]
Event: 4.666 Thread 0x000002055e7ac230 Exception <a 'java/lang/NoSuchMethodError'{0x0000000087997c30}: 'long java.lang.invoke.Invokers$Holder.invokeExact_MT(java.lang.Object, java.lang.Object, java.lang.Object)'> (0x0000000087997c30) 
thrown [s\open\src\hotspot\share\interpreter\linkResolver.cpp, line 774]
Event: 4.667 Thread 0x000002055e7ac230 Exception <a 'java/lang/NoSuchMethodError'{0x000000008799b628}: 'int java.lang.invoke.Invokers$Holder.invokeExact_MT(java.lang.Object, java.lang.Object, java.lang.Object)'> (0x000000008799b628) 
thrown [s\open\src\hotspot\share\interpreter\linkResolver.cpp, line 774]
Event: 4.714 Thread 0x000002055e7ac230 Exception <a 'java/lang/NoSuchMethodError'{0x0000000089d7dd00}: 'int java.lang.invoke.DirectMethodHandle$Holder.invokeStaticInit(java.lang.Object, java.lang.Object, java.lang.Object)'> (0x0000000089d7dd00) 
thrown [s\open\src\hotspot\share\interpreter\linkResolver.cpp, line 774]
Event: 4.722 Thread 0x000002055e7ac230 Exception <a 'java/lang/NoSuchMethodError'{0x0000000089de1510}: 'int java.lang.invoke.DirectMethodHandle$Holder.invokeStaticInit(java.lang.Object, java.lang.Object)'> (0x0000000089de1510) 
thrown [s\open\src\hotspot\share\interpreter\linkResolver.cpp, line 774]
Event: 4.745 Thread 0x000002055e7ac230 Exception <a 'java/lang/NoSuchMethodError'{0x0000000089cce480}: 'int java.lang.invoke.DirectMethodHandle$Holder.invokeStatic(java.lang.Object)'> (0x0000000089cce480) 
thrown [s\open\src\hotspot\share\interpreter\linkResolver.cpp, line 774]
Event: 4.747 Thread 0x000002055e7ac230 Exception <a 'java/lang/NoSuchMethodError'{0x0000000089cd18b8}: 'int java.lang.invoke.DirectMethodHandle$Holder.invokeStaticInit(java.lang.Object)'> (0x0000000089cd18b8) 
thrown [s\open\src\hotspot\share\interpreter\linkResolver.cpp, line 774]
Event: 4.756 Thread 0x000002055e7ac230 Exception <a 'java/lang/NoSuchMethodError'{0x0000000089cf9170}: 'java.lang.Object java.lang.invoke.DirectMethodHandle$Holder.invokeStatic(java.lang.Object, java.lang.Object, int, java.lang.Object, int)'> (0x0000000089cf9170) 
thrown [s\open\src\hotspot\share\interpreter\linkResolver.cpp, line 774]
Event: 4.757 Thread 0x000002055e7ac230 Exception <a 'java/lang/NoSuchMethodError'{0x0000000089cff788}: 'java.lang.Object java.lang.invoke.DirectMethodHandle$Holder.newInvokeSpecial(java.lang.Object, java.lang.Object, int)'> (0x0000000089cff788) 
thrown [s\open\src\hotspot\share\interpreter\linkResolver.cpp, line 774]

ZGC Phase Switch (0 events):
No events

VM Operations (20 events):
Event: 0.241 Executing VM operation: HandshakeAllThreads (Deoptimize)
Event: 0.241 Executing VM operation: HandshakeAllThreads (Deoptimize) done
Event: 1.253 Executing VM operation: Cleanup
Event: 1.269 Executing VM operation: Cleanup done
Event: 1.615 Executing VM operation: HandshakeAllThreads (Deoptimize)
Event: 1.615 Executing VM operation: HandshakeAllThreads (Deoptimize) done
Event: 2.624 Executing VM operation: Cleanup
Event: 2.624 Executing VM operation: Cleanup done
Event: 2.652 Executing VM operation: HandshakeAllThreads (Deoptimize)
Event: 2.652 Executing VM operation: HandshakeAllThreads (Deoptimize) done
Event: 3.088 Executing VM operation: G1CollectForAllocation (G1 Evacuation Pause)
Event: 3.098 Executing VM operation: G1CollectForAllocation (G1 Evacuation Pause) done
Event: 3.320 Executing VM operation: HandshakeAllThreads (Deoptimize)
Event: 3.321 Executing VM operation: HandshakeAllThreads (Deoptimize) done
Event: 3.347 Executing VM operation: HandshakeAllThreads (Deoptimize)
Event: 3.347 Executing VM operation: HandshakeAllThreads (Deoptimize) done
Event: 4.354 Executing VM operation: Cleanup
Event: 4.355 Executing VM operation: Cleanup done
Event: 4.682 Executing VM operation: G1CollectForAllocation (G1 Evacuation Pause)
Event: 4.694 Executing VM operation: G1CollectForAllocation (G1 Evacuation Pause) done

Memory protections (0 events):
No events

Nmethod flushes (0 events):
No events

Events (13 events):
Event: 0.084 Thread 0x000002055e7ac230 Thread added: 0x000002055e7ac230
Event: 0.112 Thread 0x000002055e7ac230 Thread added: 0x000002057d2442f0
Event: 0.114 Thread 0x000002055e7ac230 Thread added: 0x000002057d2453c0
Event: 0.115 Thread 0x000002055e7ac230 Thread added: 0x000002057d248e40
Event: 0.115 Thread 0x000002055e7ac230 Thread added: 0x000002057d24a0b0
Event: 0.115 Thread 0x000002055e7ac230 Thread added: 0x000002057d24ab10
Event: 0.115 Thread 0x000002055e7ac230 Thread added: 0x000002057d24b570
Event: 0.115 Thread 0x000002055e7ac230 Thread added: 0x000002057d24c300
Event: 0.122 Thread 0x000002055e7ac230 Thread added: 0x0000020545128070
Event: 0.166 Thread 0x000002055e7ac230 Thread added: 0x0000020545281220
Event: 0.169 Thread 0x000002055e7ac230 Thread added: 0x000002054528ace0
Event: 0.219 Thread 0x000002057d24c300 Thread added: 0x00000205452a8330
Event: 0.433 Thread 0x00000205452a8330 Thread exited: 0x00000205452a8330


Dynamic libraries:
0x00007ff7a1160000 - 0x00007ff7a1170000 	C:\Users\Lenovo\Downloads\jdk-22_windows-x64_bin\jdk-22.0.2\bin\java.exe
0x00007ffae5070000 - 0x00007ffae5288000 	C:\WINDOWS\SYSTEM32\ntdll.dll
0x00007ffae40a0000 - 0x00007ffae4164000 	C:\WINDOWS\System32\KERNEL32.DLL
0x00007ffae2180000 - 0x00007ffae2553000 	C:\WINDOWS\System32\KERNELBASE.dll
0x00007ffadc720000 - 0x00007ffadc7b7000 	C:\WINDOWS\SYSTEM32\apphelp.dll
0x00007ffae2780000 - 0x00007ffae2891000 	C:\WINDOWS\System32\ucrtbase.dll
0x00007ffabf7e0000 - 0x00007ffabf7f7000 	C:\Users\Lenovo\Downloads\jdk-22_windows-x64_bin\jdk-22.0.2\bin\jli.dll
0x00007ffae2da0000 - 0x00007ffae2f52000 	C:\WINDOWS\System32\USER32.dll
0x00007ffae2750000 - 0x00007ffae2776000 	C:\WINDOWS\System32\win32u.dll
0x00007ffac9cc0000 - 0x00007ffac9cdb000 	C:\Users\Lenovo\Downloads\jdk-22_windows-x64_bin\jdk-22.0.2\bin\VCRUNTIME140.dll
0x00007ffae34d0000 - 0x00007ffae34f9000 	C:\WINDOWS\System32\GDI32.dll
0x00007ffaceb10000 - 0x00007ffacedac000 	C:\WINDOWS\WinSxS\amd64_microsoft.windows.common-controls_6595b64144ccf1df_6.0.22621.6060_none_2712eda17382d24b\COMCTL32.dll
0x00007ffae2a80000 - 0x00007ffae2b9b000 	C:\WINDOWS\System32\gdi32full.dll
0x00007ffae4c90000 - 0x00007ffae4d37000 	C:\WINDOWS\System32\msvcrt.dll
0x00007ffae28a0000 - 0x00007ffae293a000 	C:\WINDOWS\System32\msvcp_win.dll
0x00007ffae4380000 - 0x00007ffae43b1000 	C:\WINDOWS\System32\IMM32.DLL
0x00007ffadd6d0000 - 0x00007ffadd6dc000 	C:\Users\Lenovo\Downloads\jdk-22_windows-x64_bin\jdk-22.0.2\bin\vcruntime140_1.dll
0x00007ffaafbb0000 - 0x00007ffaafc3e000 	C:\Users\Lenovo\Downloads\jdk-22_windows-x64_bin\jdk-22.0.2\bin\msvcp140.dll
0x00007ffa77730000 - 0x00007ffa78479000 	C:\Users\Lenovo\Downloads\jdk-22_windows-x64_bin\jdk-22.0.2\bin\server\jvm.dll
0x00007ffae3da0000 - 0x00007ffae3e51000 	C:\WINDOWS\System32\ADVAPI32.dll
0x00007ffae4e70000 - 0x00007ffae4f18000 	C:\WINDOWS\System32\sechost.dll
0x00007ffae2ba0000 - 0x00007ffae2bc8000 	C:\WINDOWS\System32\bcrypt.dll
0x00007ffae4430000 - 0x00007ffae4548000 	C:\WINDOWS\System32\RPCRT4.dll
0x00007ffae4df0000 - 0x00007ffae4e61000 	C:\WINDOWS\System32\WS2_32.dll
0x00007ffae0fd0000 - 0x00007ffae101d000 	C:\WINDOWS\SYSTEM32\POWRPROF.dll
0x00007ffadd540000 - 0x00007ffadd574000 	C:\WINDOWS\SYSTEM32\WINMM.dll
0x00007ffadd460000 - 0x00007ffadd46a000 	C:\WINDOWS\SYSTEM32\VERSION.dll
0x00007ffae0fb0000 - 0x00007ffae0fc3000 	C:\WINDOWS\SYSTEM32\UMPDC.dll
0x00007ffae1250000 - 0x00007ffae1268000 	C:\WINDOWS\SYSTEM32\kernel.appcore.dll
0x00007ffad63d0000 - 0x00007ffad63da000 	C:\Users\Lenovo\Downloads\jdk-22_windows-x64_bin\jdk-22.0.2\bin\jimage.dll
0x00007ffadfbb0000 - 0x00007ffadfde3000 	C:\WINDOWS\SYSTEM32\DBGHELP.DLL
0x00007ffae2f60000 - 0x00007ffae32f1000 	C:\WINDOWS\System32\combase.dll
0x00007ffae4550000 - 0x00007ffae4628000 	C:\WINDOWS\System32\OLEAUT32.dll
0x00007ffabc270000 - 0x00007ffabc2a2000 	C:\WINDOWS\SYSTEM32\dbgcore.DLL
0x00007ffae2a00000 - 0x00007ffae2a7b000 	C:\WINDOWS\System32\bcryptPrimitives.dll
0x00007ffac9ba0000 - 0x00007ffac9bbe000 	C:\Users\Lenovo\Downloads\jdk-22_windows-x64_bin\jdk-22.0.2\bin\java.dll
0x00007ffae3500000 - 0x00007ffae3d9c000 	C:\WINDOWS\System32\SHELL32.dll
0x00007ffae2bd0000 - 0x00007ffae2d0f000 	C:\WINDOWS\System32\wintypes.dll
0x00007ffae3ee0000 - 0x00007ffae4081000 	C:\WINDOWS\System32\ole32.dll
0x00007ffae0090000 - 0x00007ffae09aa000 	C:\WINDOWS\SYSTEM32\windows.storage.dll
0x00007ffae4f20000 - 0x00007ffae5024000 	C:\WINDOWS\System32\SHCORE.dll
0x00007ffae43c0000 - 0x00007ffae4429000 	C:\WINDOWS\System32\shlwapi.dll
0x00007ffae20b0000 - 0x00007ffae20d5000 	C:\WINDOWS\SYSTEM32\profapi.dll
0x00007ffaaf0f0000 - 0x00007ffaaf1c7000 	C:\Users\Lenovo\Downloads\jdk-22_windows-x64_bin\jdk-22.0.2\bin\jsvml.dll
0x00007ffad4200000 - 0x00007ffad4210000 	C:\Users\Lenovo\Downloads\jdk-22_windows-x64_bin\jdk-22.0.2\bin\net.dll
0x00007ffae1730000 - 0x00007ffae1799000 	C:\WINDOWS\system32\mswsock.dll
0x00007ffac7e20000 - 0x00007ffac7e36000 	C:\Users\Lenovo\Downloads\jdk-22_windows-x64_bin\jdk-22.0.2\bin\nio.dll
0x00007ffac9840000 - 0x00007ffac9857000 	C:\Users\Lenovo\Downloads\jdk-22_windows-x64_bin\jdk-22.0.2\bin\zip.dll
0x00007ffacedb0000 - 0x00007ffacedba000 	C:\Users\Lenovo\Downloads\jdk-22_windows-x64_bin\jdk-22.0.2\bin\management.dll
0x00007fface7f0000 - 0x00007fface7fb000 	C:\Users\Lenovo\Downloads\jdk-22_windows-x64_bin\jdk-22.0.2\bin\management_ext.dll
0x00007ffae3ed0000 - 0x00007ffae3ed8000 	C:\WINDOWS\System32\PSAPI.DLL

dbghelp: loaded successfully - version: 4.0.5 - missing functions: none
symbol engine: initialized successfully - sym options: 0x614 - pdb path: .;C:\Users\Lenovo\Downloads\jdk-22_windows-x64_bin\jdk-22.0.2\bin;C:\WINDOWS\SYSTEM32;C:\WINDOWS\WinSxS\amd64_microsoft.windows.common-controls_6595b64144ccf1df_6.0.22621.6060_none_2712eda17382d24b;C:\Users\Lenovo\Downloads\jdk-22_windows-x64_bin\jdk-22.0.2\bin\server

VM Arguments:
java_command: org.jetbrains.kotlin.cli.jvm.K2JVMCompiler @D:\flutter\packages\flutter_tools\gradle\build\20260914_10219111066758285046.compiler.options
java_class_path (initial): C:\Users\Lenovo\.gradle\caches\modules-2\files-2.1\org.jetbrains.kotlin\kotlin-compiler-embeddable\2.2.21\b13aed5cf8412f9ee9d1e4db21bdcfebcc24f606\kotlin-compiler-embeddable-2.2.21.jar;C:\Users\Lenovo\.gradle\caches\modules-2\files-2.1\org.jetbrains.kotlin\kotlin-stdlib\2.2.21\fa374a986e128314c3db00a20aae55f72a258511\kotlin-stdlib-2.2.21.jar;C:\Users\Lenovo\.gradle\caches\modules-2\files-2.1\org.jetbrains.kotlin\kotlin-script-runtime\2.2.21\e9b021c4e335e4ed7a7e3b32285249ae6bb3a6c8\kotlin-script-runtime-2.2.21.jar;C:\Users\Lenovo\.gradle\caches\modules-2\files-2.1\org.jetbrains.kotlin\kotlin-reflect\1.6.10\1cbe9c92c12a94eea200d23c2bbaedaf3daf5132\kotlin-reflect-1.6.10.jar;C:\Users\Lenovo\.gradle\caches\modules-2\files-2.1\org.jetbrains.kotlin\kotlin-daemon-embeddable\2.2.21\78fde5db1c92786448170b351d8f8868acabd2ce\kotlin-daemon-embeddable-2.2.21.jar;C:\Users\Lenovo\.gradle\caches\modules-2\files-2.1\org.jetbrains.kotlinx\kotlinx-coroutines-core-jvm\1.8.0\ac1dc37a30a93150b704022f8d895ee1bd3a36b3\kotlinx-coroutines-core-jvm-1.8.0.jar;C:\Users\Lenovo\.gradle\caches\modules-2\files-2.1\org.jetbrains\annotations\13.0\919f0dfe192fb4e063e7dacadee7f8bb9a2672a9\annotations-13.0.jar
Launcher Type: SUN_STANDARD

[Global flags]
     intx CICompilerCount                          = 4                                         {product} {ergonomic}
     uint ConcGCThreads                            = 2                                         {product} {ergonomic}
     uint G1ConcRefinementThreads                  = 8                                         {product} {ergonomic}
   size_t G1HeapRegionSize                         = 1048576                                   {product} {ergonomic}
   size_t InitialHeapSize                          = 134217728                                 {product} {ergonomic}
   size_t MarkStackSize                            = 4194304                                   {product} {ergonomic}
   size_t MaxHeapSize                              = 2116026368                                {product} {ergonomic}
   size_t MaxNewSize                               = 1268776960                                {product} {ergonomic}
   size_t MinHeapDeltaBytes                        = 1048576                                   {product} {ergonomic}
   size_t MinHeapSize                              = 8388608                                   {product} {ergonomic}
    uintx NonNMethodCodeHeapSize                   = 5839372                                {pd product} {ergonomic}
    uintx NonProfiledCodeHeapSize                  = 122909434                              {pd product} {ergonomic}
    uintx ProfiledCodeHeapSize                     = 122909434                              {pd product} {ergonomic}
    uintx ReservedCodeCacheSize                    = 251658240                              {pd product} {ergonomic}
     bool SegmentedCodeCache                       = true                                      {product} {ergonomic}
   size_t SoftMaxHeapSize                          = 2116026368                             {manageable} {ergonomic}
     bool UseCompressedOops                        = true                           {product lp64_product} {ergonomic}
     bool UseG1GC                                  = true                                      {product} {ergonomic}
     bool UseLargePagesIndividualAllocation        = false                                  {pd product} {ergonomic}

Logging:
Log output configuration:
 #0: stdout all=warning uptime,level,tags foldmultilines=false
 #1: stderr all=off uptime,level,tags foldmultilines=false

Environment Variables:
PATH=C:\Users\Lenovo\Downloads\jdk-22_windows-x64_bin;C:\Program Files\Common Files\Oracle\Java\javapath;C:\Program Files\Eclipse Adoptium\jdk-21.0.4.7-hotspot\bin;C:\Program Files (x86)\Common Files\Oracle\Java\java8path;C:\WINDOWS\system32;C:\WINDOWS;C:\WINDOWS\System32\Wbem;C:\WINDOWS\System32\WindowsPowerShell\v1.0\;C:\WINDOWS\System32\OpenSSH\;C:\Program Files\Intel\WiFi\bin\;C:\Program Files\Common Files\Intel\WirelessCommon\;C:\Program Files\Git\cmd;;C:\ProgramData\chocolatey\bin;C:\Program Files\PostgreSQL\17\bin;C:\Program Files\nodejs\;D:\laragon\bin\php\php-8.1.10-Win32-vs16-x64;C:\ProgramData\ComposerSetup\bin;C:\Users\Lenovo\AppData\Local\Programs\Python\Python314\Scripts\;C:\Users\Lenovo\AppData\Local\Programs\Python\Python314\;C:\Users\Lenovo\AppData\Local\Yarn\config\global\node_modules\.bin;C:\Users\Lenovo\AppData\Roaming\Composer\vendor\bin;C:\Users\Lenovo\AppData\Roaming\npm;D:\laragon\bin;D:\laragon\bin\apache\httpd-2.4.66-260223-Win64-VS18\bin;D:\laragon\bin\composer;D:\laragon\bin\git\bin;D:\laragon\bin\git\cmd;D:\laragon\bin\git\mingw64\bin;D:\laragon\bin\git\usr\bin;D:\laragon\bin\laragon\utils;D:\laragon\bin\mysql\mysql-8.0.30-winx64\bin;D:\laragon\bin\nginx\nginx-1.22.0;D:\laragon\bin\ngrok;D:\laragon\bin\nodejs\node-v18;D:\laragon\bin\notepad++;D:\laragon\bin\php\php-8.3.16-Win32-vs16-x64;D:\laragon\bin\python\python-3.10;D:\laragon\bin\python\python-3.10\Scripts;D:\laragon\bin\redis\redis-x64-5.0.14.1;D:\laragon\bin\telnet;D:\laragon\usr\bin;C:\Users\Lenovo\AppData\Local\Microsoft\WindowsApps;C:\Users\Lenovo\AppData\Local\Programs\Microsoft VS Code\bin;C:\Users\Lenovo\AppData\Local\Programs\Antigravity\bin;D:\flutter\bin
USERNAME=Lenovo
OS=Windows_NT
PROCESSOR_IDENTIFIER=Intel64 Family 6 Model 142 Stepping 10, GenuineIntel
TMP=C:\Users\Lenovo\AppData\Local\Temp
TEMP=C:\Users\Lenovo\AppData\Local\Temp




Periodic native trim disabled

---------------  S Y S T E M  ---------------

OS:
 Windows 11 , 64 bit Build 22621 (10.0.22621.5415)
OS uptime: 79 days 13:45 hours

CPU: total 8 (initial active 8) (4 cores per cpu, 2 threads per core) family 6 model 142 stepping 10 microcode 0xf0, cx8, cmov, fxsr, ht, mmx, 3dnowpref, sse, sse2, sse3, ssse3, sse4.1, sse4.2, popcnt, lzcnt, tsc, tscinvbit, avx, avx2, aes, erms, clmul, bmi1, bmi2, rtm, adx, fma, vzeroupper, clflush, clflushopt, rdtscp, f16c
Processor Information for all 8 processors :
  Max Mhz: 1896, Current Mhz: 1696, Mhz Limit: 1687

Memory: 4k page, system-wide physical 8071M (463M free)
TotalPageFile size 25645M (AvailPageFile size 0M)
current process WorkingSet (physical memory assigned to process): 127M, peak: 127M
current process commit charge ("private bytes"): 250M, peak: 250M

vm_info: Java HotSpot(TM) 64-Bit Server VM (22.0.2+9-70) for windows-amd64 JRE (22.0.2+9-70), built on 2024-06-04T16:52:23Z by "mach5one" with MS VC++ 17.6 (VS2022)

END.
