#
# There is insufficient memory for the Java Runtime Environment to continue.
# Native memory allocation (malloc) failed to allocate 122896 bytes. Error detail: Chunk::new
# Possible reasons:
#   The system is out of physical RAM or swap space
#   This process is running with CompressedOops enabled, and the Java Heap may be blocking the growth of the native heap
# Possible solutions:
#   Reduce memory load on the system
#   Increase physical memory or swap space
#   Check if swap backing store is full
#   Decrease Java heap size (-Xmx/-Xms)
#   Decrease number of Java threads
#   Decrease Java thread stack sizes (-Xss)
#   Set larger code cache with -XX:ReservedCodeCacheSize=
#   JVM is running with Unscaled Compressed Oops mode in which the Java heap is
#     placed in the first 4GB address space. The Java Heap base address is the
#     maximum limit for the native heap growth. Please use -XX:HeapBaseMinAddress
#     to set the Java Heap base and to place the Java Heap above 4GB virtual address.
# This output file may be truncated or incomplete.
#
#  Out of Memory Error (arena.cpp:150), pid=34852, tid=13644
#
# JRE version: Java(TM) SE Runtime Environment (22.0.2+9) (build 22.0.2+9-70)
# Java VM: Java HotSpot(TM) 64-Bit Server VM (22.0.2+9-70, mixed mode, sharing, tiered, compressed oops, compressed class ptrs, g1 gc, windows-amd64)
# No core dump will be written. Minidumps are not enabled by default on client versions of Windows
#

---------------  S U M M A R Y ------------

Command Line: org.jetbrains.kotlin.cli.jvm.K2JVMCompiler @D:\flutter\packages\flutter_tools\gradle\build\20260914_17971802538681088254.compiler.options

Host: Intel(R) Core(TM) i5-8350U CPU @ 1.70GHz, 8 cores, 7G,  Windows 11 , 64 bit Build 22621 (10.0.22621.5415)
Time: Mon Sep 14 13:51:06 2026 SE Asia Standard Time elapsed time: 49.491676 seconds (0d 0h 0m 49s)

---------------  T H R E A D  ---------------

Current thread (0x000002139c212850):  JavaThread "C2 CompilerThread1" daemon [_thread_in_native, id=13644, stack(0x000000ad43700000,0x000000ad43800000) (1024K)]


Current CompileTask:
C2:49491 17010       4       org.jetbrains.kotlin.codegen.optimization.common.FastAnalyzer::visitMeaningfulInstruction (113 bytes)

Stack: [0x000000ad43700000,0x000000ad43800000]
Native frames: (J=compiled Java code, j=interpreted, Vv=VM code, C=native code)
V  [jvm.dll+0x6e26e9]  (no source info available)
V  [jvm.dll+0x875753]  (no source info available)
V  [jvm.dll+0x877b7e]  (no source info available)
V  [jvm.dll+0x878253]  (no source info available)
V  [jvm.dll+0x27fc86]  (no source info available)
V  [jvm.dll+0xc3d0f]  (no source info available)
V  [jvm.dll+0xc3f6b]  (no source info available)
V  [jvm.dll+0x3bb442]  (no source info available)
V  [jvm.dll+0x387d4b]  (no source info available)
V  [jvm.dll+0x3871ba]  (no source info available)
V  [jvm.dll+0x2477f8]  (no source info available)
V  [jvm.dll+0x246e9f]  (no source info available)
V  [jvm.dll+0x1c4e80]  (no source info available)
V  [jvm.dll+0x2568f3]  (no source info available)
V  [jvm.dll+0x254baa]  (no source info available)
V  [jvm.dll+0x3f57a6]  (no source info available)
V  [jvm.dll+0x81dc0b]  (no source info available)
V  [jvm.dll+0x6e0d85]  (no source info available)
C  [ucrtbase.dll+0x29333]  (no source info available)
C  [KERNEL32.DLL+0x1259d]  (no source info available)
C  [ntdll.dll+0x5af78]  (no source info available)


---------------  P R O C E S S  ---------------

Threads class SMR info:
_java_thread_list=0x000002139ae6af00, length=12, elements={
0x0000021334dc0b30, 0x000002135382d470, 0x000002135382e390, 0x0000021353832210,
0x0000021353832c70, 0x0000021353833e70, 0x0000021353834a00, 0x0000021353835e10,
0x0000021353839940, 0x0000021353a920a0, 0x0000021353aa1380, 0x000002139c212850
}

Java Threads: ( => current thread )
  0x0000021334dc0b30 JavaThread "main"                              [_thread_in_vm, id=37548, stack(0x000000ad41d00000,0x000000ad41e00000) (1024K)]
  0x000002135382d470 JavaThread "Reference Handler"          daemon [_thread_blocked, id=19712, stack(0x000000ad42500000,0x000000ad42600000) (1024K)]
  0x000002135382e390 JavaThread "Finalizer"                  daemon [_thread_blocked, id=30516, stack(0x000000ad42600000,0x000000ad42700000) (1024K)]
  0x0000021353832210 JavaThread "Signal Dispatcher"          daemon [_thread_blocked, id=22260, stack(0x000000ad42700000,0x000000ad42800000) (1024K)]
  0x0000021353832c70 JavaThread "Attach Listener"            daemon [_thread_blocked, id=16648, stack(0x000000ad42800000,0x000000ad42900000) (1024K)]
  0x0000021353833e70 JavaThread "Service Thread"             daemon [_thread_blocked, id=30920, stack(0x000000ad42900000,0x000000ad42a00000) (1024K)]
  0x0000021353834a00 JavaThread "Monitor Deflation Thread"   daemon [_thread_blocked, id=16016, stack(0x000000ad42a00000,0x000000ad42b00000) (1024K)]
  0x0000021353835e10 JavaThread "C2 CompilerThread0"         daemon [_thread_in_native, id=1332, stack(0x000000ad42b00000,0x000000ad42c00000) (1024K)]
  0x0000021353839940 JavaThread "C1 CompilerThread0"         daemon [_thread_in_native, id=12448, stack(0x000000ad42c00000,0x000000ad42d00000) (1024K)]
  0x0000021353a920a0 JavaThread "Notification Thread"        daemon [_thread_blocked, id=15508, stack(0x000000ad42d00000,0x000000ad42e00000) (1024K)]
  0x0000021353aa1380 JavaThread "Common-Cleaner"             daemon [_thread_blocked, id=32620, stack(0x000000ad42e00000,0x000000ad42f00000) (1024K)]
=>0x000002139c212850 JavaThread "C2 CompilerThread1"         daemon [_thread_in_native, id=13644, stack(0x000000ad43700000,0x000000ad43800000) (1024K)]
Total: 12

Other Threads:
  0x000002135380fe60 VMThread "VM Thread"                           [id=8844, stack(0x000000ad42400000,0x000000ad42500000) (1024K)]
  0x00000213537f7d40 WatcherThread "VM Periodic Task Thread"        [id=40220, stack(0x000000ad42300000,0x000000ad42400000) (1024K)]
  0x000002133703d110 WorkerThread "GC Thread#0"                     [id=5548, stack(0x000000ad41e00000,0x000000ad41f00000) (1024K)]
  0x00000213992c5a40 WorkerThread "GC Thread#1"                     [id=40872, stack(0x000000ad42f00000,0x000000ad43000000) (1024K)]
  0x00000213992f67e0 WorkerThread "GC Thread#2"                     [id=35632, stack(0x000000ad43000000,0x000000ad43100000) (1024K)]
  0x00000213993cf310 WorkerThread "GC Thread#3"                     [id=36800, stack(0x000000ad43100000,0x000000ad43200000) (1024K)]
  0x00000213993cf6c0 WorkerThread "GC Thread#4"                     [id=33340, stack(0x000000ad43200000,0x000000ad43300000) (1024K)]
  0x00000213993cfa70 WorkerThread "GC Thread#5"                     [id=20964, stack(0x000000ad43300000,0x000000ad43400000) (1024K)]
  0x00000213993cfe20 WorkerThread "GC Thread#6"                     [id=2100, stack(0x000000ad43400000,0x000000ad43500000) (1024K)]
  0x0000021399a8e400 WorkerThread "GC Thread#7"                     [id=37196, stack(0x000000ad43500000,0x000000ad43600000) (1024K)]
  0x000002133704def0 ConcurrentGCThread "G1 Main Marker"            [id=31932, stack(0x000000ad41f00000,0x000000ad42000000) (1024K)]
  0x000002133704f1a0 WorkerThread "G1 Conc#0"                       [id=4256, stack(0x000000ad42000000,0x000000ad42100000) (1024K)]
  0x0000021399a8d8f0 WorkerThread "G1 Conc#1"                       [id=39972, stack(0x000000ad43600000,0x000000ad43700000) (1024K)]
  0x00000213536ba5d0 ConcurrentGCThread "G1 Refine#0"               [id=36364, stack(0x000000ad42100000,0x000000ad42200000) (1024K)]
  0x00000213536bb050 ConcurrentGCThread "G1 Service"                [id=3492, stack(0x000000ad42200000,0x000000ad42300000) (1024K)]
Total: 15

Threads with active compile tasks:
C2 CompilerThread0  49589 16908       4       org.jetbrains.org.objectweb.asm.ClassReader::readMethod (1093 bytes)
C1 CompilerThread0  49589 17104       3       org.jetbrains.kotlin.codegen.optimization.ApiVersionCallsPreprocessingMethodTransformer::isApiVersionIsAtLeastCall (95 bytes)
C2 CompilerThread1  49589 17010       4       org.jetbrains.kotlin.codegen.optimization.common.FastAnalyzer::visitMeaningfulInstruction (113 bytes)
Total: 3

VM state: not at safepoint (normal execution)

VM Mutex/Monitor currently owned by a thread:  ([mutex/lock_event])
[0x00007ffa7839b700] MethodCompileQueue_lock - owner thread: 0x0000021353839940
[0x00007ffa7839ca80] CodeCache_lock - owner thread: 0x0000021353839940
[0x00007ffa7839cc00] Compile_lock - owner thread: 0x0000000000000000

Heap address: 0x0000000081e00000, size: 2018 MB, Compressed Oops mode: 32-bit

CDS archive(s) mapped at: [0x0000021354000000-0x0000021354c60000-0x0000021354c60000), size 12976128, SharedBaseAddress: 0x0000021354000000, ArchiveRelocationMode: 1.
Compressed class space mapped at: 0x0000021355000000-0x0000021395000000, reserved size: 1073741824
Narrow klass base: 0x0000021354000000, Narrow klass shift: 0, Narrow klass range: 0x41000000

GC Precious Log:
 CardTable entry size: 512
 Card Set container configuration: InlinePtr #cards 5 size 8 Array Of Cards #cards 12 size 40 Howl #buckets 4 coarsen threshold 1843 Howl Bitmap #cards 512 size 80 coarsen threshold 460 Card regions per heap region 1 cards per card region 2048
 CPUs: 8 total, 8 available
 Memory: 8071M
 Large Page Support: Disabled
 NUMA Support: Disabled
 Compressed Oops: Enabled (32-bit)
 Heap Region Size: 1M
 Heap Min Capacity: 8M
 Heap Initial Capacity: 128M
 Heap Max Capacity: 2018M
 Pre-touch: Disabled
 Parallel Workers: 8
 Concurrent Workers: 2
 Concurrent Refinement Workers: 8
 Periodic GC: Disabled

Heap:
 garbage-first heap   total reserved 2066432K, committed 196608K, used 143422K [0x0000000081e00000, 0x0000000100000000)
  region size 1024K, 31 young (31744K), 4 survivors (4096K)
 Metaspace       used 85403K, committed 85824K, reserved 1179648K
  class space    used 9212K, committed 9408K, reserved 1048576K

Heap Regions: E=young(eden), S=young(survivor), O=old, HS=humongous(starts), HC=humongous(continues), CS=collection set, F=free, TAMS=top-at-mark-start, PB=parsable bottom
|   0|0x0000000081e00000, 0x0000000081f00000, 0x0000000081f00000|100%|HS|  |TAMS 0x0000000081e00000| PB 0x0000000081e00000| Complete |  0
|   1|0x0000000081f00000, 0x0000000082000000, 0x0000000082000000|100%|HC|  |TAMS 0x0000000081f00000| PB 0x0000000081f00000| Complete |  0
|   2|0x0000000082000000, 0x0000000082100000, 0x0000000082100000|100%|HC|  |TAMS 0x0000000082000000| PB 0x0000000082000000| Complete |  0
|   3|0x0000000082100000, 0x0000000082200000, 0x0000000082200000|100%|HC|  |TAMS 0x0000000082100000| PB 0x0000000082100000| Complete |  0
|   4|0x0000000082200000, 0x0000000082300000, 0x0000000082300000|100%| O|  |TAMS 0x0000000082200000| PB 0x0000000082200000| Untracked |  0
|   5|0x0000000082300000, 0x0000000082400000, 0x0000000082400000|100%| O|  |TAMS 0x0000000082300000| PB 0x0000000082300000| Untracked |  0
|   6|0x0000000082400000, 0x0000000082500000, 0x0000000082500000|100%| O|  |TAMS 0x0000000082400000| PB 0x0000000082400000| Untracked |  0
|   7|0x0000000082500000, 0x0000000082600000, 0x0000000082600000|100%| O|  |TAMS 0x0000000082500000| PB 0x0000000082500000| Untracked |  0
|   8|0x0000000082600000, 0x0000000082700000, 0x0000000082700000|100%| O|  |TAMS 0x0000000082600000| PB 0x0000000082600000| Untracked |  0
|   9|0x0000000082700000, 0x0000000082800000, 0x0000000082800000|100%| O|  |TAMS 0x0000000082700000| PB 0x0000000082700000| Untracked |  0
|  10|0x0000000082800000, 0x0000000082900000, 0x0000000082900000|100%| O|  |TAMS 0x0000000082800000| PB 0x0000000082800000| Untracked |  0
|  11|0x0000000082900000, 0x0000000082a00000, 0x0000000082a00000|100%| O|  |TAMS 0x0000000082900000| PB 0x0000000082900000| Untracked |  0
|  12|0x0000000082a00000, 0x0000000082b00000, 0x0000000082b00000|100%| O|  |TAMS 0x0000000082a00000| PB 0x0000000082a00000| Untracked |  0
|  13|0x0000000082b00000, 0x0000000082c00000, 0x0000000082c00000|100%| O|  |TAMS 0x0000000082b00000| PB 0x0000000082b00000| Untracked |  0
|  14|0x0000000082c00000, 0x0000000082d00000, 0x0000000082d00000|100%| O|  |TAMS 0x0000000082c00000| PB 0x0000000082c00000| Untracked |  0
|  15|0x0000000082d00000, 0x0000000082e00000, 0x0000000082e00000|100%| O|  |TAMS 0x0000000082d00000| PB 0x0000000082d00000| Untracked |  0
|  16|0x0000000082e00000, 0x0000000082f00000, 0x0000000082f00000|100%| O|  |TAMS 0x0000000082e00000| PB 0x0000000082e00000| Untracked |  0
|  17|0x0000000082f00000, 0x0000000083000000, 0x0000000083000000|100%| O|  |TAMS 0x0000000082f00000| PB 0x0000000082f00000| Untracked |  0
|  18|0x0000000083000000, 0x0000000083100000, 0x0000000083100000|100%| O|  |TAMS 0x0000000083000000| PB 0x0000000083000000| Untracked |  0
|  19|0x0000000083100000, 0x0000000083200000, 0x0000000083200000|100%| O|  |TAMS 0x0000000083100000| PB 0x0000000083100000| Untracked |  0
|  20|0x0000000083200000, 0x0000000083300000, 0x0000000083300000|100%| O|  |TAMS 0x0000000083200000| PB 0x0000000083200000| Untracked |  0
|  21|0x0000000083300000, 0x0000000083400000, 0x0000000083400000|100%| O|  |TAMS 0x0000000083300000| PB 0x0000000083300000| Untracked |  0
|  22|0x0000000083400000, 0x0000000083500000, 0x0000000083500000|100%| O|  |TAMS 0x0000000083400000| PB 0x0000000083400000| Untracked |  0
|  23|0x0000000083500000, 0x0000000083600000, 0x0000000083600000|100%| O|  |TAMS 0x0000000083500000| PB 0x0000000083500000| Untracked |  0
|  24|0x0000000083600000, 0x0000000083700000, 0x0000000083700000|100%| O|  |TAMS 0x0000000083600000| PB 0x0000000083600000| Untracked |  0
|  25|0x0000000083700000, 0x0000000083800000, 0x0000000083800000|100%| O|  |TAMS 0x0000000083700000| PB 0x0000000083700000| Untracked |  0
|  26|0x0000000083800000, 0x0000000083900000, 0x0000000083900000|100%| O|  |TAMS 0x0000000083800000| PB 0x0000000083800000| Untracked |  0
|  27|0x0000000083900000, 0x0000000083a00000, 0x0000000083a00000|100%| O|  |TAMS 0x0000000083900000| PB 0x0000000083900000| Untracked |  0
|  28|0x0000000083a00000, 0x0000000083b00000, 0x0000000083b00000|100%| O|  |TAMS 0x0000000083a00000| PB 0x0000000083a00000| Untracked |  0
|  29|0x0000000083b00000, 0x0000000083c00000, 0x0000000083c00000|100%| O|  |TAMS 0x0000000083b00000| PB 0x0000000083b00000| Untracked |  0
|  30|0x0000000083c00000, 0x0000000083d00000, 0x0000000083d00000|100%| O|  |TAMS 0x0000000083c00000| PB 0x0000000083c00000| Untracked |  0
|  31|0x0000000083d00000, 0x0000000083e00000, 0x0000000083e00000|100%| O|  |TAMS 0x0000000083d00000| PB 0x0000000083d00000| Untracked |  0
|  32|0x0000000083e00000, 0x0000000083f00000, 0x0000000083f00000|100%| O|  |TAMS 0x0000000083e00000| PB 0x0000000083e00000| Untracked |  0
|  33|0x0000000083f00000, 0x0000000084000000, 0x0000000084000000|100%| O|  |TAMS 0x0000000083f00000| PB 0x0000000083f00000| Untracked |  0
|  34|0x0000000084000000, 0x0000000084100000, 0x0000000084100000|100%| O|  |TAMS 0x0000000084000000| PB 0x0000000084000000| Untracked |  0
|  35|0x0000000084100000, 0x0000000084200000, 0x0000000084200000|100%| O|  |TAMS 0x0000000084100000| PB 0x0000000084100000| Untracked |  0
|  36|0x0000000084200000, 0x0000000084300000, 0x0000000084300000|100%| O|  |TAMS 0x0000000084200000| PB 0x0000000084200000| Untracked |  0
|  37|0x0000000084300000, 0x0000000084400000, 0x0000000084400000|100%| O|  |TAMS 0x0000000084300000| PB 0x0000000084300000| Untracked |  0
|  38|0x0000000084400000, 0x0000000084500000, 0x0000000084500000|100%| O|  |TAMS 0x0000000084400000| PB 0x0000000084400000| Untracked |  0
|  39|0x0000000084500000, 0x0000000084600000, 0x0000000084600000|100%| O|  |TAMS 0x0000000084500000| PB 0x0000000084500000| Untracked |  0
|  40|0x0000000084600000, 0x0000000084700000, 0x0000000084700000|100%| O|  |TAMS 0x0000000084600000| PB 0x0000000084600000| Untracked |  0
|  41|0x0000000084700000, 0x0000000084800000, 0x0000000084800000|100%| O|  |TAMS 0x0000000084700000| PB 0x0000000084700000| Untracked |  0
|  42|0x0000000084800000, 0x0000000084900000, 0x0000000084900000|100%| O|  |TAMS 0x0000000084800000| PB 0x0000000084800000| Untracked |  0
|  43|0x0000000084900000, 0x0000000084a00000, 0x0000000084a00000|100%| O|  |TAMS 0x0000000084900000| PB 0x0000000084900000| Untracked |  0
|  44|0x0000000084a00000, 0x0000000084b00000, 0x0000000084b00000|100%|HS|  |TAMS 0x0000000084a00000| PB 0x0000000084a00000| Complete |  0
|  45|0x0000000084b00000, 0x0000000084c00000, 0x0000000084c00000|100%| O|  |TAMS 0x0000000084b00000| PB 0x0000000084b00000| Untracked |  0
|  46|0x0000000084c00000, 0x0000000084d00000, 0x0000000084d00000|100%| O|  |TAMS 0x0000000084c00000| PB 0x0000000084c00000| Untracked |  0
|  47|0x0000000084d00000, 0x0000000084e00000, 0x0000000084e00000|100%| O|  |TAMS 0x0000000084d00000| PB 0x0000000084d00000| Untracked |  0
|  48|0x0000000084e00000, 0x0000000084f00000, 0x0000000084f00000|100%| O|  |TAMS 0x0000000084e00000| PB 0x0000000084e00000| Untracked |  0
|  49|0x0000000084f00000, 0x0000000085000000, 0x0000000085000000|100%| O|  |TAMS 0x0000000084f00000| PB 0x0000000084f00000| Untracked |  0
|  50|0x0000000085000000, 0x0000000085100000, 0x0000000085100000|100%| O|  |TAMS 0x0000000085000000| PB 0x0000000085000000| Untracked |  0
|  51|0x0000000085100000, 0x0000000085200000, 0x0000000085200000|100%| O|  |TAMS 0x0000000085100000| PB 0x0000000085100000| Untracked |  0
|  52|0x0000000085200000, 0x0000000085300000, 0x0000000085300000|100%| O|  |TAMS 0x0000000085200000| PB 0x0000000085200000| Untracked |  0
|  53|0x0000000085300000, 0x0000000085400000, 0x0000000085400000|100%| O|  |TAMS 0x0000000085300000| PB 0x0000000085300000| Untracked |  0
|  54|0x0000000085400000, 0x0000000085500000, 0x0000000085500000|100%| O|  |TAMS 0x0000000085400000| PB 0x0000000085400000| Untracked |  0
|  55|0x0000000085500000, 0x0000000085600000, 0x0000000085600000|100%| O|  |TAMS 0x0000000085500000| PB 0x0000000085500000| Untracked |  0
|  56|0x0000000085600000, 0x0000000085700000, 0x0000000085700000|100%| O|  |TAMS 0x0000000085600000| PB 0x0000000085600000| Untracked |  0
|  57|0x0000000085700000, 0x0000000085800000, 0x0000000085800000|100%| O|  |TAMS 0x0000000085700000| PB 0x0000000085700000| Untracked |  0
|  58|0x0000000085800000, 0x0000000085900000, 0x0000000085900000|100%| O|  |TAMS 0x0000000085800000| PB 0x0000000085800000| Untracked |  0
|  59|0x0000000085900000, 0x0000000085a00000, 0x0000000085a00000|100%| O|  |TAMS 0x0000000085900000| PB 0x0000000085900000| Untracked |  0
|  60|0x0000000085a00000, 0x0000000085b00000, 0x0000000085b00000|100%| O|  |TAMS 0x0000000085a00000| PB 0x0000000085a00000| Untracked |  0
|  61|0x0000000085b00000, 0x0000000085c00000, 0x0000000085c00000|100%| O|  |TAMS 0x0000000085b00000| PB 0x0000000085b00000| Untracked |  0
|  62|0x0000000085c00000, 0x0000000085d00000, 0x0000000085d00000|100%| O|  |TAMS 0x0000000085c00000| PB 0x0000000085c00000| Untracked |  0
|  63|0x0000000085d00000, 0x0000000085e00000, 0x0000000085e00000|100%| O|  |TAMS 0x0000000085d00000| PB 0x0000000085d00000| Untracked |  0
|  64|0x0000000085e00000, 0x0000000085f00000, 0x0000000085f00000|100%| O|  |TAMS 0x0000000085e00000| PB 0x0000000085e00000| Untracked |  0
|  65|0x0000000085f00000, 0x0000000086000000, 0x0000000086000000|100%| O|  |TAMS 0x0000000085f00000| PB 0x0000000085f00000| Untracked |  0
|  66|0x0000000086000000, 0x0000000086100000, 0x0000000086100000|100%| O|  |TAMS 0x0000000086000000| PB 0x0000000086000000| Untracked |  0
|  67|0x0000000086100000, 0x0000000086200000, 0x0000000086200000|100%| O|  |TAMS 0x0000000086100000| PB 0x0000000086100000| Untracked |  0
|  68|0x0000000086200000, 0x0000000086300000, 0x0000000086300000|100%| O|  |TAMS 0x0000000086200000| PB 0x0000000086200000| Untracked |  0
|  69|0x0000000086300000, 0x0000000086400000, 0x0000000086400000|100%| O|  |TAMS 0x0000000086300000| PB 0x0000000086300000| Untracked |  0
|  70|0x0000000086400000, 0x0000000086500000, 0x0000000086500000|100%| O|  |TAMS 0x0000000086400000| PB 0x0000000086400000| Untracked |  0
|  71|0x0000000086500000, 0x0000000086600000, 0x0000000086600000|100%| O|Cm|TAMS 0x0000000086500000| PB 0x0000000086500000| Complete |  0
|  72|0x0000000086600000, 0x0000000086700000, 0x0000000086700000|100%| O|  |TAMS 0x0000000086600000| PB 0x0000000086600000| Untracked |  0
|  73|0x0000000086700000, 0x0000000086800000, 0x0000000086800000|100%| O|  |TAMS 0x0000000086700000| PB 0x0000000086700000| Untracked |  0
|  74|0x0000000086800000, 0x0000000086900000, 0x0000000086900000|100%| O|  |TAMS 0x0000000086800000| PB 0x0000000086800000| Untracked |  0
|  75|0x0000000086900000, 0x0000000086a00000, 0x0000000086a00000|100%| O|  |TAMS 0x0000000086900000| PB 0x0000000086900000| Untracked |  0
|  76|0x0000000086a00000, 0x0000000086b00000, 0x0000000086b00000|100%| O|  |TAMS 0x0000000086a00000| PB 0x0000000086a00000| Untracked |  0
|  77|0x0000000086b00000, 0x0000000086c00000, 0x0000000086c00000|100%| O|  |TAMS 0x0000000086b00000| PB 0x0000000086b00000| Untracked |  0
|  78|0x0000000086c00000, 0x0000000086d00000, 0x0000000086d00000|100%| O|  |TAMS 0x0000000086c00000| PB 0x0000000086c00000| Untracked |  0
|  79|0x0000000086d00000, 0x0000000086e00000, 0x0000000086e00000|100%| O|  |TAMS 0x0000000086d00000| PB 0x0000000086d00000| Untracked |  0
|  80|0x0000000086e00000, 0x0000000086f00000, 0x0000000086f00000|100%| O|  |TAMS 0x0000000086e00000| PB 0x0000000086e00000| Untracked |  0
|  81|0x0000000086f00000, 0x0000000087000000, 0x0000000087000000|100%| O|  |TAMS 0x0000000086f00000| PB 0x0000000086f00000| Untracked |  0
|  82|0x0000000087000000, 0x0000000087100000, 0x0000000087100000|100%| O|  |TAMS 0x0000000087000000| PB 0x0000000087000000| Untracked |  0
|  83|0x0000000087100000, 0x0000000087200000, 0x0000000087200000|100%| O|  |TAMS 0x0000000087100000| PB 0x0000000087100000| Untracked |  0
|  84|0x0000000087200000, 0x0000000087300000, 0x0000000087300000|100%| O|  |TAMS 0x0000000087200000| PB 0x0000000087200000| Untracked |  0
|  85|0x0000000087300000, 0x0000000087400000, 0x0000000087400000|100%| O|  |TAMS 0x0000000087300000| PB 0x0000000087300000| Untracked |  0
|  86|0x0000000087400000, 0x0000000087500000, 0x0000000087500000|100%| O|  |TAMS 0x0000000087400000| PB 0x0000000087400000| Untracked |  0
|  87|0x0000000087500000, 0x0000000087600000, 0x0000000087600000|100%| O|  |TAMS 0x0000000087500000| PB 0x0000000087500000| Untracked |  0
|  88|0x0000000087600000, 0x0000000087700000, 0x0000000087700000|100%| O|  |TAMS 0x0000000087600000| PB 0x0000000087600000| Untracked |  0
|  89|0x0000000087700000, 0x0000000087800000, 0x0000000087800000|100%| O|  |TAMS 0x0000000087700000| PB 0x0000000087700000| Untracked |  0
|  90|0x0000000087800000, 0x0000000087900000, 0x0000000087900000|100%| O|  |TAMS 0x0000000087800000| PB 0x0000000087800000| Untracked |  0
|  91|0x0000000087900000, 0x0000000087a00000, 0x0000000087a00000|100%| O|  |TAMS 0x0000000087900000| PB 0x0000000087900000| Untracked |  0
|  92|0x0000000087a00000, 0x0000000087b00000, 0x0000000087b00000|100%| O|  |TAMS 0x0000000087a00000| PB 0x0000000087a00000| Untracked |  0
|  93|0x0000000087b00000, 0x0000000087c00000, 0x0000000087c00000|100%| O|Cm|TAMS 0x0000000087b00000| PB 0x0000000087b00000| Complete |  0
|  94|0x0000000087c00000, 0x0000000087d00000, 0x0000000087d00000|100%| O|  |TAMS 0x0000000087c00000| PB 0x0000000087c00000| Untracked |  0
|  95|0x0000000087d00000, 0x0000000087e00000, 0x0000000087e00000|100%| O|Cm|TAMS 0x0000000087d00000| PB 0x0000000087d00000| Complete |  0
|  96|0x0000000087e00000, 0x0000000087f00000, 0x0000000087f00000|100%| O|  |TAMS 0x0000000087e00000| PB 0x0000000087e00000| Untracked |  0
|  97|0x0000000087f00000, 0x0000000088000000, 0x0000000088000000|100%| O|  |TAMS 0x0000000087f00000| PB 0x0000000087f00000| Untracked |  0
|  98|0x0000000088000000, 0x0000000088100000, 0x0000000088100000|100%| O|  |TAMS 0x0000000088000000| PB 0x0000000088000000| Untracked |  0
|  99|0x0000000088100000, 0x0000000088200000, 0x0000000088200000|100%| O|  |TAMS 0x0000000088100000| PB 0x0000000088100000| Untracked |  0
| 100|0x0000000088200000, 0x0000000088300000, 0x0000000088300000|100%| O|  |TAMS 0x0000000088200000| PB 0x0000000088200000| Untracked |  0
| 101|0x0000000088300000, 0x0000000088400000, 0x0000000088400000|100%| O|  |TAMS 0x0000000088300000| PB 0x0000000088300000| Untracked |  0
| 102|0x0000000088400000, 0x0000000088500000, 0x0000000088500000|100%| O|  |TAMS 0x0000000088400000| PB 0x0000000088400000| Untracked |  0
| 103|0x0000000088500000, 0x0000000088600000, 0x0000000088600000|100%| O|  |TAMS 0x0000000088500000| PB 0x0000000088500000| Untracked |  0
| 104|0x0000000088600000, 0x0000000088700000, 0x0000000088700000|100%| O|  |TAMS 0x0000000088600000| PB 0x0000000088600000| Untracked |  0
| 105|0x0000000088700000, 0x0000000088800000, 0x0000000088800000|100%| O|  |TAMS 0x0000000088700000| PB 0x0000000088700000| Untracked |  0
| 106|0x0000000088800000, 0x00000000888cc408, 0x0000000088900000| 79%| O|  |TAMS 0x0000000088800000| PB 0x0000000088800000| Untracked |  0
| 107|0x0000000088900000, 0x0000000088900000, 0x0000000088a00000|  0%| F|  |TAMS 0x0000000088900000| PB 0x0000000088900000| Untracked |  0
| 108|0x0000000088a00000, 0x0000000088a00000, 0x0000000088b00000|  0%| F|  |TAMS 0x0000000088a00000| PB 0x0000000088a00000| Untracked |  0
| 109|0x0000000088b00000, 0x0000000088b00000, 0x0000000088c00000|  0%| F|  |TAMS 0x0000000088b00000| PB 0x0000000088b00000| Untracked |  0
| 110|0x0000000088c00000, 0x0000000088c00000, 0x0000000088d00000|  0%| F|  |TAMS 0x0000000088c00000| PB 0x0000000088c00000| Untracked |  0
| 111|0x0000000088d00000, 0x0000000088d00000, 0x0000000088e00000|  0%| F|  |TAMS 0x0000000088d00000| PB 0x0000000088d00000| Untracked |  0
| 112|0x0000000088e00000, 0x0000000088e00000, 0x0000000088f00000|  0%| F|  |TAMS 0x0000000088e00000| PB 0x0000000088e00000| Untracked |  0
| 113|0x0000000088f00000, 0x0000000088f00000, 0x0000000089000000|  0%| F|  |TAMS 0x0000000088f00000| PB 0x0000000088f00000| Untracked |  0
| 114|0x0000000089000000, 0x0000000089000000, 0x0000000089100000|  0%| F|  |TAMS 0x0000000089000000| PB 0x0000000089000000| Untracked |  0
| 115|0x0000000089100000, 0x0000000089100000, 0x0000000089200000|  0%| F|  |TAMS 0x0000000089100000| PB 0x0000000089100000| Untracked |  0
| 116|0x0000000089200000, 0x0000000089200000, 0x0000000089300000|  0%| F|  |TAMS 0x0000000089200000| PB 0x0000000089200000| Untracked |  0
| 117|0x0000000089300000, 0x0000000089300000, 0x0000000089400000|  0%| F|  |TAMS 0x0000000089300000| PB 0x0000000089300000| Untracked |  0
| 118|0x0000000089400000, 0x0000000089400000, 0x0000000089500000|  0%| F|  |TAMS 0x0000000089400000| PB 0x0000000089400000| Untracked |  0
| 119|0x0000000089500000, 0x0000000089500000, 0x0000000089600000|  0%| F|  |TAMS 0x0000000089500000| PB 0x0000000089500000| Untracked |  0
| 120|0x0000000089600000, 0x00000000896436e0, 0x0000000089700000| 26%| S|CS|TAMS 0x0000000089600000| PB 0x0000000089600000| Complete |  0
| 121|0x0000000089700000, 0x0000000089800000, 0x0000000089800000|100%| S|CS|TAMS 0x0000000089700000| PB 0x0000000089700000| Complete |  0
| 122|0x0000000089800000, 0x0000000089900000, 0x0000000089900000|100%| S|CS|TAMS 0x0000000089800000| PB 0x0000000089800000| Complete |  0
| 123|0x0000000089900000, 0x0000000089a00000, 0x0000000089a00000|100%| S|CS|TAMS 0x0000000089900000| PB 0x0000000089900000| Complete |  0
| 124|0x0000000089a00000, 0x0000000089a00000, 0x0000000089b00000|  0%| F|  |TAMS 0x0000000089a00000| PB 0x0000000089a00000| Untracked |  0
| 125|0x0000000089b00000, 0x0000000089b00000, 0x0000000089c00000|  0%| F|  |TAMS 0x0000000089b00000| PB 0x0000000089b00000| Untracked |  0
| 126|0x0000000089c00000, 0x0000000089c00000, 0x0000000089d00000|  0%| F|  |TAMS 0x0000000089c00000| PB 0x0000000089c00000| Untracked |  0
| 127|0x0000000089d00000, 0x0000000089d00000, 0x0000000089e00000|  0%| F|  |TAMS 0x0000000089d00000| PB 0x0000000089d00000| Untracked |  0
| 128|0x0000000089e00000, 0x0000000089e00000, 0x0000000089f00000|  0%| F|  |TAMS 0x0000000089e00000| PB 0x0000000089e00000| Untracked |  0
| 129|0x0000000089f00000, 0x0000000089f00000, 0x000000008a000000|  0%| F|  |TAMS 0x0000000089f00000| PB 0x0000000089f00000| Untracked |  0
| 130|0x000000008a000000, 0x000000008a000000, 0x000000008a100000|  0%| F|  |TAMS 0x000000008a000000| PB 0x000000008a000000| Untracked |  0
| 131|0x000000008a100000, 0x000000008a100000, 0x000000008a200000|  0%| F|  |TAMS 0x000000008a100000| PB 0x000000008a100000| Untracked |  0
| 132|0x000000008a200000, 0x000000008a200000, 0x000000008a300000|  0%| F|  |TAMS 0x000000008a200000| PB 0x000000008a200000| Untracked |  0
| 133|0x000000008a300000, 0x000000008a300000, 0x000000008a400000|  0%| F|  |TAMS 0x000000008a300000| PB 0x000000008a300000| Untracked |  0
| 134|0x000000008a400000, 0x000000008a400000, 0x000000008a500000|  0%| F|  |TAMS 0x000000008a400000| PB 0x000000008a400000| Untracked |  0
| 135|0x000000008a500000, 0x000000008a500000, 0x000000008a600000|  0%| F|  |TAMS 0x000000008a500000| PB 0x000000008a500000| Untracked |  0
| 136|0x000000008a600000, 0x000000008a600000, 0x000000008a700000|  0%| F|  |TAMS 0x000000008a600000| PB 0x000000008a600000| Untracked |  0
| 137|0x000000008a700000, 0x000000008a700000, 0x000000008a800000|  0%| F|  |TAMS 0x000000008a700000| PB 0x000000008a700000| Untracked |  0
| 138|0x000000008a800000, 0x000000008a800000, 0x000000008a900000|  0%| F|  |TAMS 0x000000008a800000| PB 0x000000008a800000| Untracked |  0
| 139|0x000000008a900000, 0x000000008a900000, 0x000000008aa00000|  0%| F|  |TAMS 0x000000008a900000| PB 0x000000008a900000| Untracked |  0
| 140|0x000000008aa00000, 0x000000008aa00000, 0x000000008ab00000|  0%| F|  |TAMS 0x000000008aa00000| PB 0x000000008aa00000| Untracked |  0
| 141|0x000000008ab00000, 0x000000008ab00000, 0x000000008ac00000|  0%| F|  |TAMS 0x000000008ab00000| PB 0x000000008ab00000| Untracked |  0
| 142|0x000000008ac00000, 0x000000008ac00000, 0x000000008ad00000|  0%| F|  |TAMS 0x000000008ac00000| PB 0x000000008ac00000| Untracked |  0
| 143|0x000000008ad00000, 0x000000008ad00000, 0x000000008ae00000|  0%| F|  |TAMS 0x000000008ad00000| PB 0x000000008ad00000| Untracked |  0
| 144|0x000000008ae00000, 0x000000008ae00000, 0x000000008af00000|  0%| F|  |TAMS 0x000000008ae00000| PB 0x000000008ae00000| Untracked |  0
| 145|0x000000008af00000, 0x000000008af00000, 0x000000008b000000|  0%| F|  |TAMS 0x000000008af00000| PB 0x000000008af00000| Untracked |  0
| 146|0x000000008b000000, 0x000000008b000000, 0x000000008b100000|  0%| F|  |TAMS 0x000000008b000000| PB 0x000000008b000000| Untracked |  0
| 147|0x000000008b100000, 0x000000008b100000, 0x000000008b200000|  0%| F|  |TAMS 0x000000008b100000| PB 0x000000008b100000| Untracked |  0
| 148|0x000000008b200000, 0x000000008b200000, 0x000000008b300000|  0%| F|  |TAMS 0x000000008b200000| PB 0x000000008b200000| Untracked |  0
| 149|0x000000008b300000, 0x000000008b300000, 0x000000008b400000|  0%| F|  |TAMS 0x000000008b300000| PB 0x000000008b300000| Untracked |  0
| 150|0x000000008b400000, 0x000000008b400000, 0x000000008b500000|  0%| F|  |TAMS 0x000000008b400000| PB 0x000000008b400000| Untracked |  0
| 151|0x000000008b500000, 0x000000008b500000, 0x000000008b600000|  0%| F|  |TAMS 0x000000008b500000| PB 0x000000008b500000| Untracked |  0
| 152|0x000000008b600000, 0x000000008b600000, 0x000000008b700000|  0%| F|  |TAMS 0x000000008b600000| PB 0x000000008b600000| Untracked |  0
| 153|0x000000008b700000, 0x000000008b700000, 0x000000008b800000|  0%| F|  |TAMS 0x000000008b700000| PB 0x000000008b700000| Untracked |  0
| 154|0x000000008b800000, 0x000000008b800000, 0x000000008b900000|  0%| F|  |TAMS 0x000000008b800000| PB 0x000000008b800000| Untracked |  0
| 155|0x000000008b900000, 0x000000008b900000, 0x000000008ba00000|  0%| F|  |TAMS 0x000000008b900000| PB 0x000000008b900000| Untracked |  0
| 156|0x000000008ba00000, 0x000000008ba00000, 0x000000008bb00000|  0%| F|  |TAMS 0x000000008ba00000| PB 0x000000008ba00000| Untracked |  0
| 157|0x000000008bb00000, 0x000000008bb00000, 0x000000008bc00000|  0%| F|  |TAMS 0x000000008bb00000| PB 0x000000008bb00000| Untracked |  0
| 158|0x000000008bc00000, 0x000000008bc00000, 0x000000008bd00000|  0%| F|  |TAMS 0x000000008bc00000| PB 0x000000008bc00000| Untracked |  0
| 159|0x000000008bd00000, 0x000000008bd00000, 0x000000008be00000|  0%| F|  |TAMS 0x000000008bd00000| PB 0x000000008bd00000| Untracked |  0
| 160|0x000000008be00000, 0x000000008be00000, 0x000000008bf00000|  0%| F|  |TAMS 0x000000008be00000| PB 0x000000008be00000| Untracked |  0
| 161|0x000000008bf00000, 0x000000008bf80000, 0x000000008c000000| 50%| E|  |TAMS 0x000000008bf00000| PB 0x000000008bf00000| Complete |  0
| 162|0x000000008c000000, 0x000000008c100000, 0x000000008c100000|100%| E|CS|TAMS 0x000000008c000000| PB 0x000000008c000000| Complete |  0
| 163|0x000000008c100000, 0x000000008c200000, 0x000000008c200000|100%| E|CS|TAMS 0x000000008c100000| PB 0x000000008c100000| Complete |  0
| 164|0x000000008c200000, 0x000000008c300000, 0x000000008c300000|100%| E|CS|TAMS 0x000000008c200000| PB 0x000000008c200000| Complete |  0
| 165|0x000000008c300000, 0x000000008c400000, 0x000000008c400000|100%| E|CS|TAMS 0x000000008c300000| PB 0x000000008c300000| Complete |  0
| 166|0x000000008c400000, 0x000000008c500000, 0x000000008c500000|100%| E|CS|TAMS 0x000000008c400000| PB 0x000000008c400000| Complete |  0
| 167|0x000000008c500000, 0x000000008c600000, 0x000000008c600000|100%| E|CS|TAMS 0x000000008c500000| PB 0x000000008c500000| Complete |  0
| 168|0x000000008c600000, 0x000000008c700000, 0x000000008c700000|100%| E|CS|TAMS 0x000000008c600000| PB 0x000000008c600000| Complete |  0
| 169|0x000000008c700000, 0x000000008c800000, 0x000000008c800000|100%| E|CS|TAMS 0x000000008c700000| PB 0x000000008c700000| Complete |  0
| 170|0x000000008c800000, 0x000000008c900000, 0x000000008c900000|100%| E|CS|TAMS 0x000000008c800000| PB 0x000000008c800000| Complete |  0
| 171|0x000000008c900000, 0x000000008ca00000, 0x000000008ca00000|100%| E|CS|TAMS 0x000000008c900000| PB 0x000000008c900000| Complete |  0
| 172|0x000000008ca00000, 0x000000008cb00000, 0x000000008cb00000|100%| E|CS|TAMS 0x000000008ca00000| PB 0x000000008ca00000| Complete |  0
| 173|0x000000008cb00000, 0x000000008cc00000, 0x000000008cc00000|100%| E|CS|TAMS 0x000000008cb00000| PB 0x000000008cb00000| Complete |  0
| 174|0x000000008cc00000, 0x000000008cd00000, 0x000000008cd00000|100%| E|CS|TAMS 0x000000008cc00000| PB 0x000000008cc00000| Complete |  0
| 175|0x000000008cd00000, 0x000000008ce00000, 0x000000008ce00000|100%| E|CS|TAMS 0x000000008cd00000| PB 0x000000008cd00000| Complete |  0
| 176|0x000000008ce00000, 0x000000008cf00000, 0x000000008cf00000|100%| E|CS|TAMS 0x000000008ce00000| PB 0x000000008ce00000| Complete |  0
| 177|0x000000008cf00000, 0x000000008d000000, 0x000000008d000000|100%| E|CS|TAMS 0x000000008cf00000| PB 0x000000008cf00000| Complete |  0
| 178|0x000000008d000000, 0x000000008d100000, 0x000000008d100000|100%| E|CS|TAMS 0x000000008d000000| PB 0x000000008d000000| Complete |  0
| 179|0x000000008d100000, 0x000000008d200000, 0x000000008d200000|100%| E|CS|TAMS 0x000000008d100000| PB 0x000000008d100000| Complete |  0
| 180|0x000000008d200000, 0x000000008d300000, 0x000000008d300000|100%| E|CS|TAMS 0x000000008d200000| PB 0x000000008d200000| Complete |  0
| 181|0x000000008d300000, 0x000000008d400000, 0x000000008d400000|100%| E|CS|TAMS 0x000000008d300000| PB 0x000000008d300000| Complete |  0
| 182|0x000000008d400000, 0x000000008d500000, 0x000000008d500000|100%| E|CS|TAMS 0x000000008d400000| PB 0x000000008d400000| Complete |  0
| 183|0x000000008d500000, 0x000000008d600000, 0x000000008d600000|100%| E|CS|TAMS 0x000000008d500000| PB 0x000000008d500000| Complete |  0
| 184|0x000000008d600000, 0x000000008d700000, 0x000000008d700000|100%| E|CS|TAMS 0x000000008d600000| PB 0x000000008d600000| Complete |  0
| 185|0x000000008d700000, 0x000000008d800000, 0x000000008d800000|100%| E|CS|TAMS 0x000000008d700000| PB 0x000000008d700000| Complete |  0
| 186|0x000000008d800000, 0x000000008d900000, 0x000000008d900000|100%| E|CS|TAMS 0x000000008d800000| PB 0x000000008d800000| Complete |  0
| 187|0x000000008d900000, 0x000000008da00000, 0x000000008da00000|100%| E|CS|TAMS 0x000000008d900000| PB 0x000000008d900000| Complete |  0
|2014|0x00000000ffc00000, 0x00000000ffd00000, 0x00000000ffd00000|100%| O|  |TAMS 0x00000000ffc00000| PB 0x00000000ffc00000| Untracked |  0
|2015|0x00000000ffd00000, 0x00000000ffe00000, 0x00000000ffe00000|100%| O|  |TAMS 0x00000000ffd00000| PB 0x00000000ffd00000| Untracked |  0
|2016|0x00000000ffe00000, 0x00000000fff00000, 0x00000000fff00000|100%| O|  |TAMS 0x00000000ffe00000| PB 0x00000000ffe00000| Untracked |  0
|2017|0x00000000fff00000, 0x0000000100000000, 0x0000000100000000|100%| O|  |TAMS 0x00000000fff00000| PB 0x00000000fff00000| Untracked |  0

Card table byte_map: [0x000002134ea50000,0x000002134ee50000] _byte_map_base: 0x000002134e641000

Marking Bits: (CMBitMap*) 0x000002133703d820
 Bits: [0x000002134ee50000, 0x0000021350dd8000)

Polling page: 0x0000021334f70000

Metaspace:

Usage:
  Non-class:     74.42 MB used.
      Class:      9.00 MB used.
       Both:     83.41 MB used.

Virtual space:
  Non-class space:      128.00 MB reserved,      74.69 MB ( 58%) committed,  2 nodes.
      Class space:        1.00 GB reserved,       9.19 MB ( <1%) committed,  1 nodes.
             Both:        1.12 GB reserved,      83.88 MB (  7%) committed. 

Chunk freelists:
   Non-Class:  4.92 MB
       Class:  6.83 MB
        Both:  11.75 MB

MaxMetaspaceSize: unlimited
CompressedClassSpaceSize: 1.00 GB
Initial GC threshold: 21.00 MB
Current GC threshold: 134.19 MB
CDS: on
 - commit_granule_bytes: 65536.
 - commit_granule_words: 8192.
 - virtual_space_node_default_size: 8388608.
 - enlarge_chunks_in_place: 1.
 - use_allocation_guard: 0.


Internal statistics:

num_allocs_failed_limit: 6.
num_arena_births: 530.
num_arena_deaths: 0.
num_vsnodes_births: 3.
num_vsnodes_deaths: 0.
num_space_committed: 1341.
num_space_uncommitted: 0.
num_chunks_returned_to_freelist: 6.
num_chunks_taken_from_freelist: 3548.
num_chunk_merges: 6.
num_chunk_splits: 2896.
num_chunks_enlarged: 2570.
num_inconsistent_stats: 0.

CodeHeap 'non-profiled nmethods': size=120000Kb used=8022Kb max_used=8385Kb free=111977Kb
 bounds [0x0000021346df0000, 0x0000021347630000, 0x000002134e320000]
CodeHeap 'profiled nmethods': size=120000Kb used=55086Kb max_used=55638Kb free=64914Kb
 bounds [0x000002133f320000, 0x0000021342980000, 0x0000021346850000]
CodeHeap 'non-nmethods': size=5760Kb used=1908Kb max_used=1943Kb free=3851Kb
 bounds [0x0000021346850000, 0x0000021346ac0000, 0x0000021346df0000]
 total_blobs=15627 nmethods=14756 adapters=771
 compilation: enabled
              stopped_count=0, restarted_count=0
 full_count=0

Compilation events (20 events):
Event: 49.479 Thread 0x0000021353839940 16981       3       org.jetbrains.kotlin.types.error.ErrorUtils::isError (46 bytes)
Event: 49.479 Thread 0x0000021353839940 nmethod 16981 0x0000021340e38510 code [0x0000021340e386e0, 0x0000021340e38c00]
Event: 49.479 Thread 0x0000021353839940 16973       3       org.jetbrains.kotlin.backend.jvm.mapping.IrTypeCheckerContextForTypeMapping::hasAnnotation (26 bytes)
Event: 49.481 Thread 0x0000021353839940 nmethod 16973 0x0000021341469110 code [0x00000213414693a0, 0x0000021341469e60]
Event: 49.481 Thread 0x000002139c212850 nmethod 16996 0x00000213472c1010 code [0x00000213472c1240, 0x00000213472c1bc8]
Event: 49.481 Thread 0x0000021353839940 17012       1       org.jetbrains.kotlin.fir.backend.jvm.FirJvmSerializerExtension::shouldUseTypeTable (5 bytes)
Event: 49.481 Thread 0x0000021353839940 nmethod 17012 0x0000021346e15a90 code [0x0000021346e15c20, 0x0000021346e15cf0]
Event: 49.481 Thread 0x000002139c212850 17010       4       org.jetbrains.kotlin.codegen.optimization.common.FastAnalyzer::visitMeaningfulInstruction (113 bytes)
Event: 49.481 Thread 0x0000021353839940 17013       1       org.jetbrains.kotlin.metadata.ProtoBuf$Type$Builder::getNullable (5 bytes)
Event: 49.482 Thread 0x0000021353839940 nmethod 17013 0x0000021346e15590 code [0x0000021346e15720, 0x0000021346e157f0]
Event: 49.482 Thread 0x0000021353839940 16983       1       org.jetbrains.kotlin.ir.declarations.impl.IrTypeParameterImpl::getAnnotations (5 bytes)
Event: 49.482 Thread 0x0000021353839940 nmethod 16983 0x00000213472c0d10 code [0x00000213472c0ea0, 0x00000213472c0f68]
Event: 49.482 Thread 0x0000021353839940 17014       3       org.jetbrains.kotlin.backend.jvm.mapping.IrTypeMappingKt::mapClass (32 bytes)
Event: 49.484 Thread 0x0000021353839940 nmethod 17014 0x0000021341466c10 code [0x0000021341467000, 0x0000021341468878]
Event: 49.484 Thread 0x0000021353839940 17011       1       org.jetbrains.kotlin.codegen.state.JvmBackendConfig::isParamAssertionsDisabled (5 bytes)
Event: 49.484 Thread 0x0000021353839940 nmethod 17011 0x00000213472c0a10 code [0x00000213472c0ba0, 0x00000213472c0c70]
Event: 49.488 Thread 0x0000021353839940 17015       3       org.jetbrains.kotlin.backend.jvm.mapping.IrTypeCheckerContextForTypeMapping::isNullableType (18 bytes)
Event: 49.489 Thread 0x0000021353839940 nmethod 17015 0x0000021341466110 code [0x0000021341466340, 0x00000213414669a0]
Event: 49.489 Thread 0x0000021353839940 17016       3       org.jetbrains.kotlin.backend.jvm.codegen.ExpressionCodegen::getAsmType (15 bytes)
Event: 49.489 Thread 0x0000021353839940 nmethod 17016 0x00000213412c5790 code [0x00000213412c5940, 0x00000213412c5aa0]

GC Heap History (20 events):
Event: 21.421 GC heap before
{Heap before GC invocations=16 (full 0):
 garbage-first heap   total reserved 2066432K, committed 131072K, used 108943K [0x0000000081e00000, 0x0000000100000000)
  region size 1024K, 43 young (44032K), 6 survivors (6144K)
 Metaspace       used 57900K, committed 58304K, reserved 1114112K
  class space    used 6926K, committed 7104K, reserved 1048576K
}
Event: 21.446 GC heap after
{Heap after GC invocations=17 (full 0):
 garbage-first heap   total reserved 2066432K, committed 131072K, used 75737K [0x0000000081e00000, 0x0000000100000000)
  region size 1024K, 5 young (5120K), 5 survivors (5120K)
 Metaspace       used 57900K, committed 58304K, reserved 1114112K
  class space    used 6926K, committed 7104K, reserved 1048576K
}
Event: 24.164 GC heap before
{Heap before GC invocations=18 (full 0):
 garbage-first heap   total reserved 2066432K, committed 131072K, used 111577K [0x0000000081e00000, 0x0000000100000000)
  region size 1024K, 40 young (40960K), 5 survivors (5120K)
 Metaspace       used 59538K, committed 59904K, reserved 1114112K
  class space    used 7043K, committed 7232K, reserved 1048576K
}
Event: 24.189 GC heap after
{Heap after GC invocations=19 (full 0):
 garbage-first heap   total reserved 2066432K, committed 131072K, used 82944K [0x0000000081e00000, 0x0000000100000000)
  region size 1024K, 5 young (5120K), 5 survivors (5120K)
 Metaspace       used 59538K, committed 59904K, reserved 1114112K
  class space    used 7043K, committed 7232K, reserved 1048576K
}
Event: 27.016 GC heap before
{Heap before GC invocations=19 (full 0):
 garbage-first heap   total reserved 2066432K, committed 131072K, used 113664K [0x0000000081e00000, 0x0000000100000000)
  region size 1024K, 35 young (35840K), 5 survivors (5120K)
 Metaspace       used 60225K, committed 60608K, reserved 1114112K
  class space    used 7067K, committed 7232K, reserved 1048576K
}
Event: 27.044 GC heap after
{Heap after GC invocations=20 (full 0):
 garbage-first heap   total reserved 2066432K, committed 131072K, used 88916K [0x0000000081e00000, 0x0000000100000000)
  region size 1024K, 5 young (5120K), 5 survivors (5120K)
 Metaspace       used 60225K, committed 60608K, reserved 1114112K
  class space    used 7067K, committed 7232K, reserved 1048576K
}
Event: 28.824 GC heap before
{Heap before GC invocations=20 (full 0):
 garbage-first heap   total reserved 2066432K, committed 131072K, used 115540K [0x0000000081e00000, 0x0000000100000000)
  region size 1024K, 31 young (31744K), 5 survivors (5120K)
 Metaspace       used 60784K, committed 61184K, reserved 1114112K
  class space    used 7089K, committed 7296K, reserved 1048576K
}
Event: 28.846 GC heap after
{Heap after GC invocations=21 (full 0):
 garbage-first heap   total reserved 2066432K, committed 131072K, used 94681K [0x0000000081e00000, 0x0000000100000000)
  region size 1024K, 4 young (4096K), 4 survivors (4096K)
 Metaspace       used 60784K, committed 61184K, reserved 1114112K
  class space    used 7089K, committed 7296K, reserved 1048576K
}
Event: 30.798 GC heap before
{Heap before GC invocations=22 (full 0):
 garbage-first heap   total reserved 2066432K, committed 158720K, used 117209K [0x0000000081e00000, 0x0000000100000000)
  region size 1024K, 26 young (26624K), 4 survivors (4096K)
 Metaspace       used 61176K, committed 61568K, reserved 1114112K
  class space    used 7103K, committed 7296K, reserved 1048576K
}
Event: 30.814 GC heap after
{Heap after GC invocations=23 (full 0):
 garbage-first heap   total reserved 2066432K, committed 158720K, used 98661K [0x0000000081e00000, 0x0000000100000000)
  region size 1024K, 4 young (4096K), 4 survivors (4096K)
 Metaspace       used 61176K, committed 61568K, reserved 1114112K
  class space    used 7103K, committed 7296K, reserved 1048576K
}
Event: 34.029 GC heap before
{Heap before GC invocations=23 (full 0):
 garbage-first heap   total reserved 2066432K, committed 158720K, used 139621K [0x0000000081e00000, 0x0000000100000000)
  region size 1024K, 44 young (45056K), 4 survivors (4096K)
 Metaspace       used 61766K, committed 62144K, reserved 1114112K
  class space    used 7129K, committed 7296K, reserved 1048576K
}
Event: 34.054 GC heap after
{Heap after GC invocations=24 (full 0):
 garbage-first heap   total reserved 2066432K, committed 158720K, used 101984K [0x0000000081e00000, 0x0000000100000000)
  region size 1024K, 6 young (6144K), 6 survivors (6144K)
 Metaspace       used 61766K, committed 62144K, reserved 1114112K
  class space    used 7129K, committed 7296K, reserved 1048576K
}
Event: 38.475 GC heap before
{Heap before GC invocations=24 (full 0):
 garbage-first heap   total reserved 2066432K, committed 158720K, used 140896K [0x0000000081e00000, 0x0000000100000000)
  region size 1024K, 44 young (45056K), 6 survivors (6144K)
 Metaspace       used 64614K, committed 65024K, reserved 1114112K
  class space    used 7293K, committed 7488K, reserved 1048576K
}
Event: 38.496 GC heap after
{Heap after GC invocations=25 (full 0):
 garbage-first heap   total reserved 2066432K, committed 158720K, used 105171K [0x0000000081e00000, 0x0000000100000000)
  region size 1024K, 3 young (3072K), 3 survivors (3072K)
 Metaspace       used 64614K, committed 65024K, reserved 1114112K
  class space    used 7293K, committed 7488K, reserved 1048576K
}
Event: 40.527 GC heap before
{Heap before GC invocations=26 (full 0):
 garbage-first heap   total reserved 2066432K, committed 176128K, used 143059K [0x0000000081e00000, 0x0000000100000000)
  region size 1024K, 41 young (41984K), 3 survivors (3072K)
 Metaspace       used 69362K, committed 69760K, reserved 1114112K
  class space    used 7714K, committed 7872K, reserved 1048576K
}
Event: 40.543 GC heap after
{Heap after GC invocations=27 (full 0):
 garbage-first heap   total reserved 2066432K, committed 176128K, used 109075K [0x0000000081e00000, 0x0000000100000000)
  region size 1024K, 6 young (6144K), 6 survivors (6144K)
 Metaspace       used 69362K, committed 69760K, reserved 1114112K
  class space    used 7714K, committed 7872K, reserved 1048576K
}
Event: 44.577 GC heap before
{Heap before GC invocations=27 (full 0):
 garbage-first heap   total reserved 2066432K, committed 176128K, used 159251K [0x0000000081e00000, 0x0000000100000000)
  region size 1024K, 55 young (56320K), 6 survivors (6144K)
 Metaspace       used 75842K, committed 76288K, reserved 1179648K
  class space    used 8325K, committed 8512K, reserved 1048576K
}
Event: 44.602 GC heap after
{Heap after GC invocations=28 (full 0):
 garbage-first heap   total reserved 2066432K, committed 176128K, used 114158K [0x0000000081e00000, 0x0000000100000000)
  region size 1024K, 6 young (6144K), 6 survivors (6144K)
 Metaspace       used 75842K, committed 76288K, reserved 1179648K
  class space    used 8325K, committed 8512K, reserved 1048576K
}
Event: 47.584 GC heap before
{Heap before GC invocations=28 (full 0):
 garbage-first heap   total reserved 2066432K, committed 176128K, used 159214K [0x0000000081e00000, 0x0000000100000000)
  region size 1024K, 50 young (51200K), 6 survivors (6144K)
 Metaspace       used 80864K, committed 81280K, reserved 1179648K
  class space    used 8791K, committed 8960K, reserved 1048576K
}
Event: 47.603 GC heap after
{Heap after GC invocations=29 (full 0):
 garbage-first heap   total reserved 2066432K, committed 176128K, used 116798K [0x0000000081e00000, 0x0000000100000000)
  region size 1024K, 4 young (4096K), 4 survivors (4096K)
 Metaspace       used 80864K, committed 81280K, reserved 1179648K
  class space    used 8791K, committed 8960K, reserved 1048576K
}

Dll operation events (9 events):
Event: 0.026 Loaded shared library C:\Users\Lenovo\Downloads\jdk-22_windows-x64_bin\jdk-22.0.2\bin\java.dll
Event: 0.089 Loaded shared library C:\Users\Lenovo\Downloads\jdk-22_windows-x64_bin\jdk-22.0.2\bin\jsvml.dll
Event: 0.152 Loaded shared library C:\Users\Lenovo\Downloads\jdk-22_windows-x64_bin\jdk-22.0.2\bin\net.dll
Event: 0.156 Loaded shared library C:\Users\Lenovo\Downloads\jdk-22_windows-x64_bin\jdk-22.0.2\bin\nio.dll
Event: 0.216 Loaded shared library C:\Users\Lenovo\Downloads\jdk-22_windows-x64_bin\jdk-22.0.2\bin\zip.dll
Event: 0.287 Loaded shared library C:\Users\Lenovo\Downloads\jdk-22_windows-x64_bin\jdk-22.0.2\bin\jimage.dll
Event: 1.780 Loaded shared library C:\Users\Lenovo\Downloads\jdk-22_windows-x64_bin\jdk-22.0.2\bin\management.dll
Event: 1.795 Loaded shared library C:\Users\Lenovo\Downloads\jdk-22_windows-x64_bin\jdk-22.0.2\bin\management_ext.dll
Event: 5.356 Loaded shared library C:\Users\Lenovo\Downloads\jdk-22_windows-x64_bin\jdk-22.0.2\bin\verify.dll

Deoptimization events (20 events):
Event: 49.424 Thread 0x0000021334dc0b30 Uncommon trap: trap_request=0xffffffc6 fr.pc=0x00000213474d7df8 relative=0x0000000000000c38
Event: 49.424 Thread 0x0000021334dc0b30 Uncommon trap: reason=bimorphic_or_optimized_type_check action=maybe_recompile pc=0x00000213474d7df8 method=org.jetbrains.kotlin.types.model.TypeSystemContext.typeConstructor(Lorg/jetbrains/kotlin/types/model/KotlinTypeMarker;)Lorg/jetbrains/kotlin/types/
Event: 49.424 Thread 0x0000021334dc0b30 DEOPT PACKING pc=0x00000213474d7df8 sp=0x000000ad41dfb860
Event: 49.424 Thread 0x0000021334dc0b30 DEOPT UNPACKING pc=0x00000213468a46a2 sp=0x000000ad41dfb850 mode 2
Event: 49.425 Thread 0x0000021334dc0b30 Uncommon trap: trap_request=0xffffffc6 fr.pc=0x00000213474d7df8 relative=0x0000000000000c38
Event: 49.425 Thread 0x0000021334dc0b30 Uncommon trap: reason=bimorphic_or_optimized_type_check action=maybe_recompile pc=0x00000213474d7df8 method=org.jetbrains.kotlin.types.model.TypeSystemContext.typeConstructor(Lorg/jetbrains/kotlin/types/model/KotlinTypeMarker;)Lorg/jetbrains/kotlin/types/
Event: 49.425 Thread 0x0000021334dc0b30 DEOPT PACKING pc=0x00000213474d7df8 sp=0x000000ad41dfb7a0
Event: 49.425 Thread 0x0000021334dc0b30 DEOPT UNPACKING pc=0x00000213468a46a2 sp=0x000000ad41dfb790 mode 2
Event: 49.462 Thread 0x0000021334dc0b30 Uncommon trap: trap_request=0xfffffff4 fr.pc=0x000002134723a730 relative=0x0000000000000370
Event: 49.462 Thread 0x0000021334dc0b30 Uncommon trap: reason=null_check action=make_not_entrant pc=0x000002134723a730 method=org.jetbrains.org.objectweb.asm.Type.equals(Ljava/lang/Object;)Z @ 8 c2
Event: 49.462 Thread 0x0000021334dc0b30 DEOPT PACKING pc=0x000002134723a730 sp=0x000000ad41dfda70
Event: 49.462 Thread 0x0000021334dc0b30 DEOPT UNPACKING pc=0x00000213468a46a2 sp=0x000000ad41dfd9e8 mode 2
Event: 49.464 Thread 0x0000021334dc0b30 Uncommon trap: trap_request=0xffffff45 fr.pc=0x00000213473c5848 relative=0x00000000000007a8
Event: 49.464 Thread 0x0000021334dc0b30 Uncommon trap: reason=unstable_if action=reinterpret pc=0x00000213473c5848 method=org.jetbrains.kotlin.codegen.optimization.common.FastAnalyzer.updateQueue(ZI)V @ 10 c2
Event: 49.464 Thread 0x0000021334dc0b30 DEOPT PACKING pc=0x00000213473c5848 sp=0x000000ad41dfdb20
Event: 49.464 Thread 0x0000021334dc0b30 DEOPT UNPACKING pc=0x00000213468a46a2 sp=0x000000ad41dfda48 mode 2
Event: 49.466 Thread 0x0000021334dc0b30 Uncommon trap: trap_request=0xffffff45 fr.pc=0x0000021346e3950c relative=0x00000000000000ec
Event: 49.466 Thread 0x0000021334dc0b30 Uncommon trap: reason=unstable_if action=reinterpret pc=0x0000021346e3950c method=org.jetbrains.kotlin.codegen.optimization.common.FastAnalyzer.updateQueue(ZI)V @ 10 c2
Event: 49.466 Thread 0x0000021334dc0b30 DEOPT PACKING pc=0x0000021346e3950c sp=0x000000ad41dfdad0
Event: 49.466 Thread 0x0000021334dc0b30 DEOPT UNPACKING pc=0x00000213468a46a2 sp=0x000000ad41dfda68 mode 2

Classes loaded (20 events):
Event: 17.351 Loading class java/util/RegularEnumSet$EnumSetIterator
Event: 17.352 Loading class java/util/RegularEnumSet$EnumSetIterator done
Event: 18.927 Loading class java/util/AbstractList$RandomAccessSubList
Event: 18.927 Loading class java/util/AbstractList$RandomAccessSubList done
Event: 19.909 Loading class java/lang/Byte$ByteCache
Event: 19.915 Loading class java/lang/Byte$ByteCache done
Event: 21.989 Loading class java/lang/Short$ShortCache
Event: 21.989 Loading class java/lang/Short$ShortCache done
Event: 40.913 Loading class java/util/Formatter$FixedString
Event: 40.913 Loading class java/util/Formatter$FixedString done
Event: 45.821 Loading class java/util/IdentityHashMap$EntrySet
Event: 45.822 Loading class java/util/IdentityHashMap$EntrySet done
Event: 45.822 Loading class java/util/IdentityHashMap$EntryIterator
Event: 45.822 Loading class java/util/IdentityHashMap$EntryIterator done
Event: 45.822 Loading class java/util/IdentityHashMap$EntryIterator$Entry
Event: 45.822 Loading class java/util/IdentityHashMap$EntryIterator$Entry done
Event: 47.494 Loading class java/lang/TypeNotPresentException
Event: 47.494 Loading class java/lang/TypeNotPresentException done
Event: 47.923 Loading class java/util/Vector$Itr
Event: 47.924 Loading class java/util/Vector$Itr done

Classes unloaded (0 events):
No events

Classes redefined (0 events):
No events

Internal exceptions (20 events):
Event: 41.464 Thread 0x0000021334dc0b30 Exception <a 'java/lang/NoSuchMethodError'{0x000000008bf8bb18}: 'java.lang.Object java.lang.invoke.Invokers$Holder.linkToTargetMethod(java.lang.Object, java.lang.Object, java.lang.Object, java.lang.Object, java.lang.Object, java.lang.Object, int, java.lang.Object)'> (0x000000008bf8bb18) 
thrown [s\open\src\hotspot\share\interpreter\linkResolver.cpp, line 774]
Event: 42.349 Thread 0x0000021334dc0b30 Exception <a 'java/lang/NoSuchMethodError'{0x000000008b96e3d0}: 'java.lang.Object java.lang.invoke.DirectMethodHandle$Holder.invokeStatic(java.lang.Object, java.lang.Object, java.lang.Object, int, int)'> (0x000000008b96e3d0) 
thrown [s\open\src\hotspot\share\interpreter\linkResolver.cpp, line 774]
Event: 44.212 Thread 0x0000021334dc0b30 Exception <a 'java/lang/NoSuchMethodError'{0x000000008936b880}: 'java.lang.Object java.lang.invoke.DirectMethodHandle$Holder.newInvokeSpecial(java.lang.Object, int, java.lang.Object, int)'> (0x000000008936b880) 
thrown [s\open\src\hotspot\share\interpreter\linkResolver.cpp, line 774]
Event: 44.212 Thread 0x0000021334dc0b30 Exception <a 'java/lang/NoSuchMethodError'{0x000000008936f590}: 'java.lang.Object java.lang.invoke.DirectMethodHandle$Holder.invokeSpecial(java.lang.Object, java.lang.Object, int, java.lang.Object, int)'> (0x000000008936f590) 
thrown [s\open\src\hotspot\share\interpreter\linkResolver.cpp, line 774]
Event: 45.463 Thread 0x0000021334dc0b30 Exception <a 'java/lang/NoSuchMethodError'{0x000000008bb1f8d0}: 'java.lang.Object java.lang.invoke.DirectMethodHandle$Holder.invokeStatic(java.lang.Object, java.lang.Object, int, java.lang.Object)'> (0x000000008bb1f8d0) 
thrown [s\open\src\hotspot\share\interpreter\linkResolver.cpp, line 774]
Event: 45.802 Thread 0x0000021334dc0b30 Exception <a 'java/lang/NoSuchMethodError'{0x000000008b9d6f48}: 'java.lang.Object java.lang.invoke.DirectMethodHandle$Holder.newInvokeSpecial(java.lang.Object, java.lang.Object, java.lang.Object, java.lang.Object, int, java.lang.Object)'> (0x000000008b9d6f48) 
thrown [s\open\src\hotspot\share\interpreter\linkResolver.cpp, line 774]
Event: 45.802 Thread 0x0000021334dc0b30 Exception <a 'java/lang/NoSuchMethodError'{0x000000008b9db2b0}: 'java.lang.Object java.lang.invoke.DirectMethodHandle$Holder.invokeSpecial(java.lang.Object, java.lang.Object, java.lang.Object, java.lang.Object, java.lang.Object, int, java.lang.Object)'> (0x000000008b9db2b0) 
thrown [s\open\src\hotspot\share\interpreter\linkResolver.cpp, line 774]
Event: 45.803 Thread 0x0000021334dc0b30 Exception <a 'java/lang/NoSuchMethodError'{0x000000008b9dee78}: 'java.lang.Object java.lang.invoke.Invokers$Holder.linkToTargetMethod(java.lang.Object, java.lang.Object, java.lang.Object, int, java.lang.Object, java.lang.Object)'> (0x000000008b9dee78) 
thrown [s\open\src\hotspot\share\interpreter\linkResolver.cpp, line 774]
Event: 45.909 Thread 0x0000021334dc0b30 Exception <a 'java/lang/NoSuchMethodError'{0x000000008b7196d0}: 'java.lang.Object java.lang.invoke.DirectMethodHandle$Holder.invokeStaticInit(java.lang.Object, java.lang.Object, int, java.lang.Object)'> (0x000000008b7196d0) 
thrown [s\open\src\hotspot\share\interpreter\linkResolver.cpp, line 774]
Event: 46.737 Thread 0x0000021334dc0b30 Exception <a 'java/lang/NoSuchMethodError'{0x000000008ab5f6f0}: 'java.lang.Object java.lang.invoke.DirectMethodHandle$Holder.newInvokeSpecial(java.lang.Object, java.lang.Object, int, java.lang.Object)'> (0x000000008ab5f6f0) 
thrown [s\open\src\hotspot\share\interpreter\linkResolver.cpp, line 774]
Event: 46.738 Thread 0x0000021334dc0b30 Exception <a 'java/lang/NoSuchMethodError'{0x000000008ab634e0}: 'java.lang.Object java.lang.invoke.DirectMethodHandle$Holder.invokeSpecial(java.lang.Object, java.lang.Object, java.lang.Object, int, java.lang.Object)'> (0x000000008ab634e0) 
thrown [s\open\src\hotspot\share\interpreter\linkResolver.cpp, line 774]
Event: 46.738 Thread 0x0000021334dc0b30 Exception <a 'java/lang/NoSuchMethodError'{0x000000008ab66ea0}: 'java.lang.Object java.lang.invoke.Invokers$Holder.linkToTargetMethod(java.lang.Object, int, java.lang.Object, java.lang.Object)'> (0x000000008ab66ea0) 
thrown [s\open\src\hotspot\share\interpreter\linkResolver.cpp, line 774]
Event: 47.767 Thread 0x0000021334dc0b30 Exception <a 'java/lang/NoSuchMethodError'{0x000000008c3d0100}: 'java.lang.Object java.lang.invoke.DirectMethodHandle$Holder.invokeStatic(java.lang.Object, int, int)'> (0x000000008c3d0100) 
thrown [s\open\src\hotspot\share\interpreter\linkResolver.cpp, line 774]
Event: 48.034 Thread 0x0000021334dc0b30 Exception <a 'java/lang/NoSuchMethodError'{0x000000008d8b85f0}: 'java.lang.Object java.lang.invoke.DirectMethodHandle$Holder.invokeStatic(java.lang.Object, java.lang.Object, java.lang.Object, int, java.lang.Object, java.lang.Object, java.lang.Object, java.lang.Object)'> (0x000000008d8b85f0) 
thrown [s\open\src\hotspot\share\interpreter\linkResolver.cpp, line 774]
Event: 48.130 Thread 0x0000021334dc0b30 Exception <a 'java/lang/NoSuchMethodError'{0x000000008d7ef920}: 'java.lang.Object java.lang.invoke.DirectMethodHandle$Holder.invokeStatic(java.lang.Object, java.lang.Object, java.lang.Object, java.lang.Object, java.lang.Object, int, java.lang.Object, java.lang.Object)'> (0x000000008d7ef920) 
thrown [s\open\src\hotspot\share\interpreter\linkResolver.cpp, line 774]
Event: 48.131 Thread 0x0000021334dc0b30 Exception <a 'java/lang/NoSuchMethodError'{0x000000008d7f8578}: 'java.lang.Object java.lang.invoke.DirectMethodHandle$Holder.newInvokeSpecial(java.lang.Object, java.lang.Object, java.lang.Object, java.lang.Object, java.lang.Object, int, java.lang.Object)'> (0x000000008d7f8578) 
thrown [s\open\src\hotspot\share\interpreter\linkResolver.cpp, line 774]
Event: 48.132 Thread 0x0000021334dc0b30 Exception <a 'java/lang/NoSuchMethodError'{0x000000008d7fc758}: 'java.lang.Object java.lang.invoke.DirectMethodHandle$Holder.invokeSpecial(java.lang.Object, java.lang.Object, java.lang.Object, java.lang.Object, java.lang.Object, java.lang.Object, int, java.lang.Object)'> (0x000000008d7fc758) 
thrown [s\open\src\hotspot\share\interpreter\linkResolver.cpp, line 774]
Event: 48.132 Thread 0x0000021334dc0b30 Exception <a 'java/lang/NoSuchMethodError'{0x000000008d600110}: 'java.lang.Object java.lang.invoke.Invokers$Holder.linkToTargetMethod(java.lang.Object, java.lang.Object, java.lang.Object, java.lang.Object, int, java.lang.Object, java.lang.Object)'> (0x000000008d600110) 
thrown [s\open\src\hotspot\share\interpreter\linkResolver.cpp, line 774]
Event: 48.215 Thread 0x0000021334dc0b30 Exception <a 'java/lang/NoSuchMethodError'{0x000000008d5d0388}: 'java.lang.Object java.lang.invoke.DirectMethodHandle$Holder.newInvokeSpecial(java.lang.Object, java.lang.Object, java.lang.Object, java.lang.Object, int, int, int, java.lang.Object)'> (0x000000008d5d0388) 
thrown [s\open\src\hotspot\share\interpreter\linkResolver.cpp, line 774]
Event: 49.462 Thread 0x0000021334dc0b30 Implicit null exception at 0x000002134723a410 to 0x000002134723a720

ZGC Phase Switch (0 events):
No events

VM Operations (20 events):
Event: 48.127 Executing VM operation: HandshakeAllThreads (Deoptimize)
Event: 48.127 Executing VM operation: HandshakeAllThreads (Deoptimize) done
Event: 48.141 Executing VM operation: HandshakeAllThreads (Deoptimize)
Event: 48.141 Executing VM operation: HandshakeAllThreads (Deoptimize) done
Event: 48.522 Executing VM operation: HandshakeAllThreads (Deoptimize)
Event: 48.522 Executing VM operation: HandshakeAllThreads (Deoptimize) done
Event: 48.526 Executing VM operation: HandshakeAllThreads (Deoptimize)
Event: 48.526 Executing VM operation: HandshakeAllThreads (Deoptimize) done
Event: 48.569 Executing VM operation: ICBufferFull
Event: 48.569 Executing VM operation: ICBufferFull done
Event: 48.977 Executing VM operation: HandshakeAllThreads (Deoptimize)
Event: 48.977 Executing VM operation: HandshakeAllThreads (Deoptimize) done
Event: 49.038 Executing VM operation: ICBufferFull
Event: 49.038 Executing VM operation: ICBufferFull done
Event: 49.335 Executing VM operation: ICBufferFull
Event: 49.336 Executing VM operation: ICBufferFull done
Event: 49.349 Executing VM operation: HandshakeAllThreads (Deoptimize)
Event: 49.349 Executing VM operation: HandshakeAllThreads (Deoptimize) done
Event: 49.392 Executing VM operation: HandshakeAllThreads (Deoptimize)
Event: 49.392 Executing VM operation: HandshakeAllThreads (Deoptimize) done

Memory protections (0 events):
No events

Nmethod flushes (20 events):
Event: 47.860 Thread 0x000002135380fe60 flushing  nmethod 0x0000021341196110
Event: 47.860 Thread 0x000002135380fe60 flushing  nmethod 0x000002134121a790
Event: 47.860 Thread 0x000002135380fe60 flushing  nmethod 0x000002134121b310
Event: 47.860 Thread 0x000002135380fe60 flushing  nmethod 0x00000213413b4510
Event: 47.860 Thread 0x000002135380fe60 flushing  nmethod 0x00000213413b5190
Event: 47.860 Thread 0x000002135380fe60 flushing  nmethod 0x00000213413b5610
Event: 47.860 Thread 0x000002135380fe60 flushing  nmethod 0x00000213413b7f10
Event: 47.860 Thread 0x000002135380fe60 flushing  nmethod 0x00000213413bd090
Event: 47.860 Thread 0x000002135380fe60 flushing  nmethod 0x00000213413c0890
Event: 47.860 Thread 0x000002135380fe60 flushing  nmethod 0x00000213413c2590
Event: 47.860 Thread 0x000002135380fe60 flushing  nmethod 0x00000213413c6810
Event: 47.860 Thread 0x000002135380fe60 flushing  nmethod 0x00000213413c6c90
Event: 47.860 Thread 0x000002135380fe60 flushing  nmethod 0x00000213413ca190
Event: 47.860 Thread 0x000002135380fe60 flushing  nmethod 0x00000213413f7890
Event: 47.860 Thread 0x000002135380fe60 flushing  nmethod 0x0000021341404e90
Event: 47.860 Thread 0x000002135380fe60 flushing  nmethod 0x000002134140c990
Event: 47.860 Thread 0x000002135380fe60 flushing  nmethod 0x0000021341492810
Event: 47.860 Thread 0x000002135380fe60 flushing  nmethod 0x000002134149ec90
Event: 47.860 Thread 0x000002135380fe60 flushing  nmethod 0x0000021341517390
Event: 47.860 Thread 0x000002135380fe60 flushing  nmethod 0x000002134160ba10

Events (20 events):
Event: 21.541 Thread 0x000002139b388df0 Thread exited: 0x000002139b388df0
Event: 22.050 Thread 0x0000021353835e10 Thread added: 0x000002139a07c5d0
Event: 23.521 Thread 0x000002139a07c5d0 Thread exited: 0x000002139a07c5d0
Event: 24.201 Thread 0x0000021353839940 Thread added: 0x000002139a11a920
Event: 24.533 Thread 0x000002139a11a920 Thread exited: 0x000002139a11a920
Event: 25.551 Thread 0x0000021353839940 Thread added: 0x00000213995a77c0
Event: 25.884 Thread 0x00000213995a77c0 Thread exited: 0x00000213995a77c0
Event: 26.941 Thread 0x0000021353839940 Thread added: 0x00000213b4b94210
Event: 34.666 Thread 0x00000213b4b94210 Thread exited: 0x00000213b4b94210
Event: 35.729 Thread 0x0000021353839940 Thread added: 0x00000213b4a36750
Event: 39.842 Thread 0x00000213b4a36750 Thread exited: 0x00000213b4a36750
Event: 41.173 Thread 0x0000021353839940 Thread added: 0x00000213b3e6d530
Event: 42.809 Thread 0x00000213b3e6d530 Thread exited: 0x00000213b3e6d530
Event: 42.883 Thread 0x0000021353839940 Thread added: 0x00000213b3e6c790
Event: 44.142 Thread 0x00000213b3e6c790 Thread exited: 0x00000213b3e6c790
Event: 44.302 Thread 0x0000021353839940 Thread added: 0x00000213b3e6d530
Event: 45.286 Thread 0x00000213b3e6d530 Thread exited: 0x00000213b3e6d530
Event: 45.965 Thread 0x0000021353839940 Thread added: 0x00000213b4a36750
Event: 47.643 Thread 0x00000213b4a36750 Thread exited: 0x00000213b4a36750
Event: 49.462 Thread 0x0000021353839940 Thread added: 0x000002139c212850


Dynamic libraries:
0x00007ff7a1160000 - 0x00007ff7a1170000 	C:\Users\Lenovo\Downloads\jdk-22_windows-x64_bin\jdk-22.0.2\bin\java.exe
0x00007ffae5070000 - 0x00007ffae5288000 	C:\WINDOWS\SYSTEM32\ntdll.dll
0x00007ffae40a0000 - 0x00007ffae4164000 	C:\WINDOWS\System32\KERNEL32.DLL
0x00007ffae2180000 - 0x00007ffae2553000 	C:\WINDOWS\System32\KERNELBASE.dll
0x00007ffadc720000 - 0x00007ffadc7b7000 	C:\WINDOWS\SYSTEM32\apphelp.dll
0x00007ffae2780000 - 0x00007ffae2891000 	C:\WINDOWS\System32\ucrtbase.dll
0x00007ffabf7e0000 - 0x00007ffabf7f7000 	C:\Users\Lenovo\Downloads\jdk-22_windows-x64_bin\jdk-22.0.2\bin\jli.dll
0x00007ffae2da0000 - 0x00007ffae2f52000 	C:\WINDOWS\System32\USER32.dll
0x00007ffae2750000 - 0x00007ffae2776000 	C:\WINDOWS\System32\win32u.dll
0x00007ffae34d0000 - 0x00007ffae34f9000 	C:\WINDOWS\System32\GDI32.dll
0x00007ffae2a80000 - 0x00007ffae2b9b000 	C:\WINDOWS\System32\gdi32full.dll
0x00007ffae28a0000 - 0x00007ffae293a000 	C:\WINDOWS\System32\msvcp_win.dll
0x00007ffac9cc0000 - 0x00007ffac9cdb000 	C:\Users\Lenovo\Downloads\jdk-22_windows-x64_bin\jdk-22.0.2\bin\VCRUNTIME140.dll
0x00007ffaceb10000 - 0x00007ffacedac000 	C:\WINDOWS\WinSxS\amd64_microsoft.windows.common-controls_6595b64144ccf1df_6.0.22621.6060_none_2712eda17382d24b\COMCTL32.dll
0x00007ffae4c90000 - 0x00007ffae4d37000 	C:\WINDOWS\System32\msvcrt.dll
0x00007ffae4380000 - 0x00007ffae43b1000 	C:\WINDOWS\System32\IMM32.DLL
0x00007ffadd6d0000 - 0x00007ffadd6dc000 	C:\Users\Lenovo\Downloads\jdk-22_windows-x64_bin\jdk-22.0.2\bin\vcruntime140_1.dll
0x00007ffaafbb0000 - 0x00007ffaafc3e000 	C:\Users\Lenovo\Downloads\jdk-22_windows-x64_bin\jdk-22.0.2\bin\msvcp140.dll
0x00007ffa77730000 - 0x00007ffa78479000 	C:\Users\Lenovo\Downloads\jdk-22_windows-x64_bin\jdk-22.0.2\bin\server\jvm.dll
0x00007ffae3da0000 - 0x00007ffae3e51000 	C:\WINDOWS\System32\ADVAPI32.dll
0x00007ffae4e70000 - 0x00007ffae4f18000 	C:\WINDOWS\System32\sechost.dll
0x00007ffae2ba0000 - 0x00007ffae2bc8000 	C:\WINDOWS\System32\bcrypt.dll
0x00007ffae4430000 - 0x00007ffae4548000 	C:\WINDOWS\System32\RPCRT4.dll
0x00007ffae4df0000 - 0x00007ffae4e61000 	C:\WINDOWS\System32\WS2_32.dll
0x00007ffae0fd0000 - 0x00007ffae101d000 	C:\WINDOWS\SYSTEM32\POWRPROF.dll
0x00007ffadd540000 - 0x00007ffadd574000 	C:\WINDOWS\SYSTEM32\WINMM.dll
0x00007ffadd460000 - 0x00007ffadd46a000 	C:\WINDOWS\SYSTEM32\VERSION.dll
0x00007ffae0fb0000 - 0x00007ffae0fc3000 	C:\WINDOWS\SYSTEM32\UMPDC.dll
0x00007ffae1250000 - 0x00007ffae1268000 	C:\WINDOWS\SYSTEM32\kernel.appcore.dll
0x00007ffad63d0000 - 0x00007ffad63da000 	C:\Users\Lenovo\Downloads\jdk-22_windows-x64_bin\jdk-22.0.2\bin\jimage.dll
0x00007ffadfbb0000 - 0x00007ffadfde3000 	C:\WINDOWS\SYSTEM32\DBGHELP.DLL
0x00007ffae2f60000 - 0x00007ffae32f1000 	C:\WINDOWS\System32\combase.dll
0x00007ffae4550000 - 0x00007ffae4628000 	C:\WINDOWS\System32\OLEAUT32.dll
0x00007ffabc270000 - 0x00007ffabc2a2000 	C:\WINDOWS\SYSTEM32\dbgcore.DLL
0x00007ffae2a00000 - 0x00007ffae2a7b000 	C:\WINDOWS\System32\bcryptPrimitives.dll
0x00007ffac9ba0000 - 0x00007ffac9bbe000 	C:\Users\Lenovo\Downloads\jdk-22_windows-x64_bin\jdk-22.0.2\bin\java.dll
0x00007ffae3500000 - 0x00007ffae3d9c000 	C:\WINDOWS\System32\SHELL32.dll
0x00007ffae2bd0000 - 0x00007ffae2d0f000 	C:\WINDOWS\System32\wintypes.dll
0x00007ffae3ee0000 - 0x00007ffae4081000 	C:\WINDOWS\System32\ole32.dll
0x00007ffae0090000 - 0x00007ffae09aa000 	C:\WINDOWS\SYSTEM32\windows.storage.dll
0x00007ffae4f20000 - 0x00007ffae5024000 	C:\WINDOWS\System32\SHCORE.dll
0x00007ffae43c0000 - 0x00007ffae4429000 	C:\WINDOWS\System32\shlwapi.dll
0x00007ffae20b0000 - 0x00007ffae20d5000 	C:\WINDOWS\SYSTEM32\profapi.dll
0x00007ffaaf0f0000 - 0x00007ffaaf1c7000 	C:\Users\Lenovo\Downloads\jdk-22_windows-x64_bin\jdk-22.0.2\bin\jsvml.dll
0x00007ffad4200000 - 0x00007ffad4210000 	C:\Users\Lenovo\Downloads\jdk-22_windows-x64_bin\jdk-22.0.2\bin\net.dll
0x00007ffae1730000 - 0x00007ffae1799000 	C:\WINDOWS\system32\mswsock.dll
0x00007ffac7e20000 - 0x00007ffac7e36000 	C:\Users\Lenovo\Downloads\jdk-22_windows-x64_bin\jdk-22.0.2\bin\nio.dll
0x00007ffac9840000 - 0x00007ffac9857000 	C:\Users\Lenovo\Downloads\jdk-22_windows-x64_bin\jdk-22.0.2\bin\zip.dll
0x00007ffacedb0000 - 0x00007ffacedba000 	C:\Users\Lenovo\Downloads\jdk-22_windows-x64_bin\jdk-22.0.2\bin\management.dll
0x00007fface7f0000 - 0x00007fface7fb000 	C:\Users\Lenovo\Downloads\jdk-22_windows-x64_bin\jdk-22.0.2\bin\management_ext.dll
0x00007ffae3ed0000 - 0x00007ffae3ed8000 	C:\WINDOWS\System32\PSAPI.DLL
0x00007ffad4140000 - 0x00007ffad4150000 	C:\Users\Lenovo\Downloads\jdk-22_windows-x64_bin\jdk-22.0.2\bin\verify.dll

dbghelp: loaded successfully - version: 4.0.5 - missing functions: none
symbol engine: initialized successfully - sym options: 0x614 - pdb path: .;C:\Users\Lenovo\Downloads\jdk-22_windows-x64_bin\jdk-22.0.2\bin;C:\WINDOWS\SYSTEM32;C:\WINDOWS\WinSxS\amd64_microsoft.windows.common-controls_6595b64144ccf1df_6.0.22621.6060_none_2712eda17382d24b;C:\Users\Lenovo\Downloads\jdk-22_windows-x64_bin\jdk-22.0.2\bin\server

VM Arguments:
java_command: org.jetbrains.kotlin.cli.jvm.K2JVMCompiler @D:\flutter\packages\flutter_tools\gradle\build\20260914_17971802538681088254.compiler.options
java_class_path (initial): C:\Users\Lenovo\.gradle\caches\modules-2\files-2.1\org.jetbrains.kotlin\kotlin-compiler-embeddable\2.2.21\b13aed5cf8412f9ee9d1e4db21bdcfebcc24f606\kotlin-compiler-embeddable-2.2.21.jar;C:\Users\Lenovo\.gradle\caches\modules-2\files-2.1\org.jetbrains.kotlin\kotlin-stdlib\2.2.21\fa374a986e128314c3db00a20aae55f72a258511\kotlin-stdlib-2.2.21.jar;C:\Users\Lenovo\.gradle\caches\modules-2\files-2.1\org.jetbrains.kotlin\kotlin-script-runtime\2.2.21\e9b021c4e335e4ed7a7e3b32285249ae6bb3a6c8\kotlin-script-runtime-2.2.21.jar;C:\Users\Lenovo\.gradle\caches\modules-2\files-2.1\org.jetbrains.kotlin\kotlin-reflect\1.6.10\1cbe9c92c12a94eea200d23c2bbaedaf3daf5132\kotlin-reflect-1.6.10.jar;C:\Users\Lenovo\.gradle\caches\modules-2\files-2.1\org.jetbrains.kotlin\kotlin-daemon-embeddable\2.2.21\78fde5db1c92786448170b351d8f8868acabd2ce\kotlin-daemon-embeddable-2.2.21.jar;C:\Users\Lenovo\.gradle\caches\modules-2\files-2.1\org.jetbrains.kotlinx\kotlinx-coroutines-core-jvm\1.8.0\ac1dc37a30a93150b704022f8d895ee1bd3a36b3\kotlinx-coroutines-core-jvm-1.8.0.jar;C:\Users\Lenovo\.gradle\caches\modules-2\files-2.1\org.jetbrains\annotations\13.0\919f0dfe192fb4e063e7dacadee7f8bb9a2672a9\annotations-13.0.jar
Launcher Type: SUN_STANDARD

[Global flags]
     intx CICompilerCount                          = 4                                         {product} {ergonomic}
     uint ConcGCThreads                            = 2                                         {product} {ergonomic}
     uint G1ConcRefinementThreads                  = 8                                         {product} {ergonomic}
   size_t G1HeapRegionSize                         = 1048576                                   {product} {ergonomic}
   size_t InitialHeapSize                          = 134217728                                 {product} {ergonomic}
   size_t MarkStackSize                            = 4194304                                   {product} {ergonomic}
   size_t MaxHeapSize                              = 2116026368                                {product} {ergonomic}
   size_t MaxNewSize                               = 1268776960                                {product} {ergonomic}
   size_t MinHeapDeltaBytes                        = 1048576                                   {product} {ergonomic}
   size_t MinHeapSize                              = 8388608                                   {product} {ergonomic}
    uintx NonNMethodCodeHeapSize                   = 5839372                                {pd product} {ergonomic}
    uintx NonProfiledCodeHeapSize                  = 122909434                              {pd product} {ergonomic}
    uintx ProfiledCodeHeapSize                     = 122909434                              {pd product} {ergonomic}
    uintx ReservedCodeCacheSize                    = 251658240                              {pd product} {ergonomic}
     bool SegmentedCodeCache                       = true                                      {product} {ergonomic}
   size_t SoftMaxHeapSize                          = 2116026368                             {manageable} {ergonomic}
     bool UseCompressedOops                        = true                           {product lp64_product} {ergonomic}
     bool UseG1GC                                  = true                                      {product} {ergonomic}
     bool UseLargePagesIndividualAllocation        = false                                  {pd product} {ergonomic}

Logging:
Log output configuration:
 #0: stdout all=warning uptime,level,tags foldmultilines=false
 #1: stderr all=off uptime,level,tags foldmultilines=false

Environment Variables:
PATH=C:\Users\Lenovo\Downloads\jdk-22_windows-x64_bin;C:\Program Files\Common Files\Oracle\Java\javapath;C:\Program Files\Eclipse Adoptium\jdk-21.0.4.7-hotspot\bin;C:\Program Files (x86)\Common Files\Oracle\Java\java8path;C:\WINDOWS\system32;C:\WINDOWS;C:\WINDOWS\System32\Wbem;C:\WINDOWS\System32\WindowsPowerShell\v1.0\;C:\WINDOWS\System32\OpenSSH\;C:\Program Files\Intel\WiFi\bin\;C:\Program Files\Common Files\Intel\WirelessCommon\;C:\Program Files\Git\cmd;;C:\ProgramData\chocolatey\bin;C:\Program Files\PostgreSQL\17\bin;C:\Program Files\nodejs\;D:\laragon\bin\php\php-8.1.10-Win32-vs16-x64;C:\ProgramData\ComposerSetup\bin;C:\Users\Lenovo\AppData\Local\Programs\Python\Python314\Scripts\;C:\Users\Lenovo\AppData\Local\Programs\Python\Python314\;C:\Users\Lenovo\AppData\Local\Yarn\config\global\node_modules\.bin;C:\Users\Lenovo\AppData\Roaming\Composer\vendor\bin;C:\Users\Lenovo\AppData\Roaming\npm;D:\laragon\bin;D:\laragon\bin\apache\httpd-2.4.66-260223-Win64-VS18\bin;D:\laragon\bin\composer;D:\laragon\bin\git\bin;D:\laragon\bin\git\cmd;D:\laragon\bin\git\mingw64\bin;D:\laragon\bin\git\usr\bin;D:\laragon\bin\laragon\utils;D:\laragon\bin\mysql\mysql-8.0.30-winx64\bin;D:\laragon\bin\nginx\nginx-1.22.0;D:\laragon\bin\ngrok;D:\laragon\bin\nodejs\node-v18;D:\laragon\bin\notepad++;D:\laragon\bin\php\php-8.3.16-Win32-vs16-x64;D:\laragon\bin\python\python-3.10;D:\laragon\bin\python\python-3.10\Scripts;D:\laragon\bin\redis\redis-x64-5.0.14.1;D:\laragon\bin\telnet;D:\laragon\usr\bin;C:\Users\Lenovo\AppData\Local\Microsoft\WindowsApps;C:\Users\Lenovo\AppData\Local\Programs\Microsoft VS Code\bin;C:\Users\Lenovo\AppData\Local\Programs\Antigravity\bin;D:\flutter\bin
USERNAME=Lenovo
OS=Windows_NT
PROCESSOR_IDENTIFIER=Intel64 Family 6 Model 142 Stepping 10, GenuineIntel
TMP=C:\Users\Lenovo\AppData\Local\Temp
TEMP=C:\Users\Lenovo\AppData\Local\Temp




Periodic native trim disabled

---------------  S Y S T E M  ---------------

OS:
 Windows 11 , 64 bit Build 22621 (10.0.22621.5415)
OS uptime: 79 days 13:46 hours

CPU: total 8 (initial active 8) (4 cores per cpu, 2 threads per core) family 6 model 142 stepping 10 microcode 0xf0, cx8, cmov, fxsr, ht, mmx, 3dnowpref, sse, sse2, sse3, ssse3, sse4.1, sse4.2, popcnt, lzcnt, tsc, tscinvbit, avx, avx2, aes, erms, clmul, bmi1, bmi2, rtm, adx, fma, vzeroupper, clflush, clflushopt, rdtscp, f16c
Processor Information for all 8 processors :
  Max Mhz: 1896, Current Mhz: 1696, Mhz Limit: 1687

Memory: 4k page, system-wide physical 8071M (448M free)
TotalPageFile size 25645M (AvailPageFile size 1M)
current process WorkingSet (physical memory assigned to process): 468M, peak: 468M
current process commit charge ("private bytes"): 501M, peak: 502M

vm_info: Java HotSpot(TM) 64-Bit Server VM (22.0.2+9-70) for windows-amd64 JRE (22.0.2+9-70), built on 2024-06-04T16:52:23Z by "mach5one" with MS VC++ 17.6 (VS2022)

END.
