#
# There is insufficient memory for the Java Runtime Environment to continue.
# Native memory allocation (mmap) failed to map 12582912 bytes. Error detail: G1 virtual space
# Possible reasons:
#   The system is out of physical RAM or swap space
#   This process is running with CompressedOops enabled, and the Java Heap may be blocking the growth of the native heap
# Possible solutions:
#   Reduce memory load on the system
#   Increase physical memory or swap space
#   Check if swap backing store is full
#   Decrease Java heap size (-Xmx/-Xms)
#   Decrease number of Java threads
#   Decrease Java thread stack sizes (-Xss)
#   Set larger code cache with -XX:ReservedCodeCacheSize=
#   JVM is running with Zero Based Compressed Oops mode in which the Java heap is
#     placed in the first 32GB address space. The Java Heap base address is the
#     maximum limit for the native heap growth. Please use -XX:HeapBaseMinAddress
#     to set the Java Heap base and to place the Java Heap above 32GB virtual address.
# This output file may be truncated or incomplete.
#
#  Out of Memory Error (os_windows.cpp:3631), pid=37940, tid=36292
#
# JRE version: Java(TM) SE Runtime Environment (22.0.2+9) (build 22.0.2+9-70)
# Java VM: Java HotSpot(TM) 64-Bit Server VM (22.0.2+9-70, mixed mode, sharing, tiered, compressed oops, compressed class ptrs, g1 gc, windows-amd64)
# No core dump will be written. Minidumps are not enabled by default on client versions of Windows
#

---------------  S U M M A R Y ------------

Command Line: --add-opens=java.base/java.lang=ALL-UNNAMED --add-opens=java.base/java.lang.invoke=ALL-UNNAMED --add-opens=java.base/java.util=ALL-UNNAMED --add-opens=java.prefs/java.util.prefs=ALL-UNNAMED --add-exports=jdk.compiler/com.sun.tools.javac.api=ALL-UNNAMED --add-exports=jdk.compiler/com.sun.tools.javac.util=ALL-UNNAMED --add-opens=java.base/java.util=ALL-UNNAMED --add-opens=java.prefs/java.util.prefs=ALL-UNNAMED --add-opens=java.base/java.nio.charset=ALL-UNNAMED --add-opens=java.base/java.net=ALL-UNNAMED --add-opens=java.base/java.util.concurrent=ALL-UNNAMED --add-opens=java.base/java.util.concurrent.atomic=ALL-UNNAMED --add-opens=java.xml/javax.xml.namespace=ALL-UNNAMED --add-opens=java.base/java.time=ALL-UNNAMED -XX:MaxMetaspaceSize=4G -XX:ReservedCodeCacheSize=512m -XX:+HeapDumpOnOutOfMemoryError -Xmx8G -Dfile.encoding=UTF-8 -Duser.country=ID -Duser.language=en -Duser.variant -javaagent:C:\Users\Lenovo\.gradle\wrapper\dists\gradle-9.3.1-all\9ot9r568e8zfvvd4mn8rbu1j0\gradle-9.3.1\lib\agents\gradle-instrumentation-agent-9.3.1.jar org.gradle.launcher.daemon.bootstrap.GradleDaemon 9.3.1

Host: Intel(R) Core(TM) i5-8350U CPU @ 1.70GHz, 8 cores, 7G,  Windows 11 , 64 bit Build 22621 (10.0.22621.5415)
Time: Mon Sep 14 13:47:50 2026 SE Asia Standard Time elapsed time: 390.367830 seconds (0d 0h 6m 30s)

---------------  T H R E A D  ---------------

Current thread (0x0000022237117260):  VMThread "VM Thread"          [id=36292, stack(0x000000b1c6d00000,0x000000b1c6e00000) (1024K)]

Stack: [0x000000b1c6d00000,0x000000b1c6e00000]
Native frames: (J=compiled Java code, j=interpreted, Vv=VM code, C=native code)
V  [jvm.dll+0x6e26e9]  (no source info available)
V  [jvm.dll+0x875753]  (no source info available)
V  [jvm.dll+0x877b7e]  (no source info available)
V  [jvm.dll+0x878253]  (no source info available)
V  [jvm.dll+0x27fc86]  (no source info available)
V  [jvm.dll+0x6ded85]  (no source info available)
V  [jvm.dll+0x6d388a]  (no source info available)
V  [jvm.dll+0x358b8a]  (no source info available)
V  [jvm.dll+0x3610b6]  (no source info available)
V  [jvm.dll+0x3b419e]  (no source info available)
V  [jvm.dll+0x3b4448]  (no source info available)
V  [jvm.dll+0x32c5ec]  (no source info available)
V  [jvm.dll+0x32f036]  (no source info available)
V  [jvm.dll+0x339371]  (no source info available)
V  [jvm.dll+0x370515]  (no source info available)
V  [jvm.dll+0x87e0f0]  (no source info available)
V  [jvm.dll+0x87f477]  (no source info available)
V  [jvm.dll+0x87f9f0]  (no source info available)
V  [jvm.dll+0x87fc93]  (no source info available)
V  [jvm.dll+0x81dc0b]  (no source info available)
V  [jvm.dll+0x6e0d85]  (no source info available)
C  [ucrtbase.dll+0x29333]  (no source info available)
C  [KERNEL32.DLL+0x1259d]  (no source info available)
C  [ntdll.dll+0x5af78]  (no source info available)

VM_Operation (0x000000b1c68ff7a0): G1PauseRemark, mode: safepoint, requested by thread 0x000002220475e790


---------------  P R O C E S S  ---------------

Threads class SMR info:
_java_thread_list=0x0000022283b5ac90, length=72, elements={
0x00000222046e2e60, 0x0000022237136470, 0x0000022237139040, 0x000002223713c020,
0x000002223713ca80, 0x000002223713d4e0, 0x000002223713df40, 0x000002223713ecd0,
0x0000022237141790, 0x0000022239bc4820, 0x0000022239d470a0, 0x0000022200e8f2b0,
0x0000022200da4f30, 0x0000022239d6a000, 0x000002227f594a70, 0x0000022239c324c0,
0x0000022239c303f0, 0x0000022239c30a80, 0x0000022239c31e30, 0x000002228053f6b0,
0x000002228053e300, 0x0000022280540a60, 0x000002228053b510, 0x00000222805403d0,
0x000002228053bba0, 0x000002228053c230, 0x000002228053d5e0, 0x000002228053e990,
0x0000022281eb5f20, 0x0000022281eb3e50, 0x0000022200441fd0, 0x0000022201374b70,
0x0000022201373e50, 0x0000022201375f20, 0x0000022201375200, 0x00000222831988f0,
0x0000022281ed3260, 0x0000022281ece3a0, 0x0000022281eb7960, 0x0000022201373130,
0x000002220043b6d0, 0x000002228319c400, 0x0000022283123380, 0x000002228311d7a0,
0x0000022283123a10, 0x0000022239c32b50, 0x0000022200440590, 0x000002220043b040,
0x0000022200440c20, 0x0000022200442660, 0x000002220043bd60, 0x000002220043c3f0,
0x000002220043ca80, 0x000002220043d7a0, 0x000002220043e4c0, 0x000002220043eb50,
0x000002220043f1e0, 0x000002220043ff00, 0x00000222800b8d80, 0x00000222800beff0,
0x00000222800bd5b0, 0x00000222800bf680, 0x00000222800bdc40, 0x00000222800b9410,
0x00000222800b9aa0, 0x00000222800ba7c0, 0x00000222800bae50, 0x00000222800be2d0,
0x00000222800bb4e0, 0x00000222800bc200, 0x00000222800bc890, 0x00000222800be960
}

Java Threads: ( => current thread )
  0x00000222046e2e60 JavaThread "main"                              [_thread_blocked, id=15808, stack(0x000000b1c6600000,0x000000b1c6700000) (1024K)]
  0x0000022237136470 JavaThread "Reference Handler"          daemon [_thread_blocked, id=34252, stack(0x000000b1c6e00000,0x000000b1c6f00000) (1024K)]
  0x0000022237139040 JavaThread "Finalizer"                  daemon [_thread_blocked, id=33020, stack(0x000000b1c6f00000,0x000000b1c7000000) (1024K)]
  0x000002223713c020 JavaThread "Signal Dispatcher"          daemon [_thread_blocked, id=38716, stack(0x000000b1c7000000,0x000000b1c7100000) (1024K)]
  0x000002223713ca80 JavaThread "Attach Listener"            daemon [_thread_blocked, id=33528, stack(0x000000b1c7100000,0x000000b1c7200000) (1024K)]
  0x000002223713d4e0 JavaThread "Service Thread"             daemon [_thread_blocked, id=30844, stack(0x000000b1c7200000,0x000000b1c7300000) (1024K)]
  0x000002223713df40 JavaThread "Monitor Deflation Thread"   daemon [_thread_blocked, id=24652, stack(0x000000b1c7300000,0x000000b1c7400000) (1024K)]
  0x000002223713ecd0 JavaThread "C2 CompilerThread0"         daemon [_thread_blocked, id=21140, stack(0x000000b1c7400000,0x000000b1c7500000) (1024K)]
  0x0000022237141790 JavaThread "C1 CompilerThread0"         daemon [_thread_blocked, id=37392, stack(0x000000b1c7500000,0x000000b1c7600000) (1024K)]
  0x0000022239bc4820 JavaThread "Common-Cleaner"             daemon [_thread_blocked, id=28352, stack(0x000000b1c7600000,0x000000b1c7700000) (1024K)]
  0x0000022239d470a0 JavaThread "Notification Thread"        daemon [_thread_blocked, id=19328, stack(0x000000b1c7700000,0x000000b1c7800000) (1024K)]
  0x0000022200e8f2b0 JavaThread "Daemon health stats"               [_thread_blocked, id=10420, stack(0x000000b1c7800000,0x000000b1c7900000) (1024K)]
  0x0000022200da4f30 JavaThread "Incoming local TCP Connector on port 52321"        [_thread_in_native, id=21532, stack(0x000000b1c7d00000,0x000000b1c7e00000) (1024K)]
  0x0000022239d6a000 JavaThread "Daemon periodic checks"            [_thread_blocked, id=31308, stack(0x000000b1c7e00000,0x000000b1c7f00000) (1024K)]
  0x000002227f594a70 JavaThread "Daemon"                            [_thread_blocked, id=33484, stack(0x000000b1c8200000,0x000000b1c8300000) (1024K)]
  0x0000022239c324c0 JavaThread "Daemon worker"                     [_thread_blocked, id=30456, stack(0x000000b1c8500000,0x000000b1c8600000) (1024K)]
  0x0000022239c303f0 JavaThread "Cache worker for journal cache (C:\Users\Lenovo\.gradle\caches\journal-1)"        [_thread_blocked, id=26216, stack(0x000000b1c8900000,0x000000b1c8a00000) (1024K)]
  0x0000022239c30a80 JavaThread "File lock request listener"        [_thread_blocked, id=2100, stack(0x000000b1c8a00000,0x000000b1c8b00000) (1024K)]
  0x0000022239c31e30 JavaThread "Cache worker for file hash cache (C:\Users\Lenovo\.gradle\caches\9.3.1\fileHashes)"        [_thread_blocked, id=12472, stack(0x000000b1c8b00000,0x000000b1c8c00000) (1024K)]
  0x000002228053f6b0 JavaThread "File watcher server"        daemon [_thread_in_native, id=39076, stack(0x000000b1c9000000,0x000000b1c9100000) (1024K)]
  0x000002228053e300 JavaThread "File watcher consumer"      daemon [_thread_blocked, id=16184, stack(0x000000b1c9100000,0x000000b1c9200000) (1024K)]
  0x0000022280540a60 JavaThread "jar transforms"                    [_thread_blocked, id=27088, stack(0x000000b1c9200000,0x000000b1c9300000) (1024K)]
  0x000002228053b510 JavaThread "jar transforms Thread 2"           [_thread_blocked, id=34168, stack(0x000000b1c9300000,0x000000b1c9400000) (1024K)]
  0x00000222805403d0 JavaThread "jar transforms Thread 3"           [_thread_blocked, id=17424, stack(0x000000b1c9400000,0x000000b1c9500000) (1024K)]
  0x000002228053bba0 JavaThread "Cache worker for file content cache (C:\Users\Lenovo\.gradle\caches\9.3.1\fileContent)"        [_thread_blocked, id=24116, stack(0x000000b1c9600000,0x000000b1c9700000) (1024K)]
  0x000002228053c230 JavaThread "jar transforms Thread 4"           [_thread_blocked, id=37796, stack(0x000000b1c9900000,0x000000b1c9a00000) (1024K)]
  0x000002228053d5e0 JavaThread "jar transforms Thread 5"           [_thread_blocked, id=37196, stack(0x000000b1c9a00000,0x000000b1c9b00000) (1024K)]
  0x000002228053e990 JavaThread "jar transforms Thread 6"           [_thread_blocked, id=39972, stack(0x000000b1c9b00000,0x000000b1c9c00000) (1024K)]
  0x0000022281eb5f20 JavaThread "jar transforms Thread 7"           [_thread_blocked, id=34256, stack(0x000000b1c9c00000,0x000000b1c9d00000) (1024K)]
  0x0000022281eb3e50 JavaThread "jar transforms Thread 8"           [_thread_blocked, id=11940, stack(0x000000b1c9d00000,0x000000b1c9e00000) (1024K)]
  0x0000022200441fd0 JavaThread "Memory manager"                    [_thread_blocked, id=29716, stack(0x000000b1cb400000,0x000000b1cb500000) (1024K)]
  0x0000022201374b70 JavaThread "RMI Scheduler(0)"           daemon [_thread_blocked, id=3132, stack(0x000000b1cda00000,0x000000b1cdb00000) (1024K)]
  0x0000022201373e50 JavaThread "RMI GC Daemon"              daemon [_thread_blocked, id=18944, stack(0x000000b1cdc00000,0x000000b1cdd00000) (1024K)]
  0x0000022201375f20 JavaThread "RMI TCP Accept-0"           daemon [_thread_in_native, id=36224, stack(0x000000b1cde00000,0x000000b1cdf00000) (1024K)]
  0x0000022201375200 JavaThread "RMI Reaper"                        [_thread_blocked, id=6048, stack(0x000000b1cdf00000,0x000000b1ce000000) (1024K)]
  0x00000222831988f0 JavaThread "File lock release action executor Thread 5"        [_thread_blocked, id=28084, stack(0x000000b1ce800000,0x000000b1ce900000) (1024K)]
  0x0000022281ed3260 JavaThread "RMI TCP Connection(idle)"   daemon [_thread_blocked, id=35588, stack(0x000000b1cca00000,0x000000b1ccb00000) (1024K)]
  0x0000022281ece3a0 JavaThread "VFS cleanup Thread 2"              [_thread_blocked, id=30260, stack(0x000000b1c6300000,0x000000b1c6400000) (1024K)]
  0x0000022281eb7960 JavaThread "included builds"                   [_thread_blocked, id=40624, stack(0x000000b1cab00000,0x000000b1cac00000) (1024K)]
  0x0000022201373130 JavaThread "RMI TCP Connection(idle)"   daemon [_thread_blocked, id=27192, stack(0x000000b1cc900000,0x000000b1cca00000) (1024K)]
  0x000002220043b6d0 JavaThread "included builds"                   [_thread_blocked, id=39664, stack(0x000000b1caf00000,0x000000b1cb000000) (1024K)]
  0x000002228319c400 JavaThread "RMI TCP Connection(12)-127.0.0.1" daemon [_thread_in_native, id=35844, stack(0x000000b1c9700000,0x000000b1c9800000) (1024K)]
  0x0000022283123380 JavaThread "File lock release action executor Thread 6"        [_thread_blocked, id=39596, stack(0x000000b1ce600000,0x000000b1ce700000) (1024K)]
  0x000002228311d7a0 JavaThread "File lock release action executor Thread 7"        [_thread_blocked, id=30092, stack(0x000000b1ce700000,0x000000b1ce800000) (1024K)]
  0x0000022283123a10 JavaThread "File lock release action executor Thread 8"        [_thread_blocked, id=37320, stack(0x000000b1ce900000,0x000000b1cea00000) (1024K)]
  0x0000022239c32b50 JavaThread "File lock release action executor Thread 9"        [_thread_blocked, id=13892, stack(0x000000b1cea00000,0x000000b1ceb00000) (1024K)]
  0x0000022200440590 JavaThread "Handler for socket connection from /127.0.0.1:52321 to /127.0.0.1:56515"        [_thread_in_native, id=38552, stack(0x000000b1c6400000,0x000000b1c6500000) (1024K)]
  0x000002220043b040 JavaThread "Cancel handler"                    [_thread_blocked, id=27252, stack(0x000000b1c6500000,0x000000b1c6600000) (1024K)]
  0x0000022200440c20 JavaThread "Asynchronous log dispatcher for DefaultDaemonConnection: socket connection from /127.0.0.1:52321 to /127.0.0.1:56515"        [_thread_blocked, id=28964, stack(0x000000b1c8300000,0x000000b1c8400000) (1024K)]
  0x0000022200442660 JavaThread "Stdin handler"                     [_thread_blocked, id=17392, stack(0x000000b1c8400000,0x000000b1c8500000) (1024K)]
  0x000002220043bd60 JavaThread "Daemon client event forwarder"        [_thread_blocked, id=21560, stack(0x000000b1c8600000,0x000000b1c8700000) (1024K)]
  0x000002220043c3f0 JavaThread "Cache worker for file hash cache (D:\my_first_app\02-week-2-declarative-ui-responsive-design\responsive_dashboard\android\.gradle\9.3.1\fileHashes)"        [_thread_blocked, id=24308, stack(0x000000b1c8800000,0x000000b1c8900000) (1024K)]
  0x000002220043ca80 JavaThread "Cache worker for Build Output Cleanup Cache (D:\my_first_app\02-week-2-declarative-ui-responsive-design\responsive_dashboard\android\.gradle\buildOutputCleanup)"        [_thread_blocked, id=30556, stack(0x000000b1c8c00000,0x000000b1c8d00000) (1024K)]
  0x000002220043d7a0 JavaThread "Cache worker for checksums cache (D:\my_first_app\02-week-2-declarative-ui-responsive-design\responsive_dashboard\android\.gradle\9.3.1\checksums)"        [_thread_blocked, id=36732, stack(0x000000b1c8e00000,0x000000b1c8f00000) (1024K)]
  0x000002220043e4c0 JavaThread "Cache worker for cache directory md-supplier (C:\Users\Lenovo\.gradle\caches\9.3.1\md-supplier)"        [_thread_blocked, id=35088, stack(0x000000b1c8f00000,0x000000b1c9000000) (1024K)]
  0x000002220043eb50 JavaThread "Cache worker for cache directory md-rule (C:\Users\Lenovo\.gradle\caches\9.3.1\md-rule)"        [_thread_blocked, id=27660, stack(0x000000b1c9500000,0x000000b1c9600000) (1024K)]
  0x000002220043f1e0 JavaThread "Cache worker for Build Output Cleanup Cache (D:\flutter\packages\flutter_tools\gradle\.gradle\buildOutputCleanup)"        [_thread_blocked, id=4680, stack(0x000000b1c9800000,0x000000b1c9900000) (1024K)]
  0x000002220043ff00 JavaThread "Unconstrained build operations"        [_thread_blocked, id=33636, stack(0x000000b1c9e00000,0x000000b1c9f00000) (1024K)]
  0x00000222800b8d80 JavaThread "Unconstrained build operations Thread 2"        [_thread_blocked, id=32648, stack(0x000000b1c9f00000,0x000000b1ca000000) (1024K)]
  0x00000222800beff0 JavaThread "Unconstrained build operations Thread 3"        [_thread_blocked, id=37300, stack(0x000000b1ca000000,0x000000b1ca100000) (1024K)]
  0x00000222800bd5b0 JavaThread "Unconstrained build operations Thread 4"        [_thread_blocked, id=20964, stack(0x000000b1ca100000,0x000000b1ca200000) (1024K)]
  0x00000222800bf680 JavaThread "Unconstrained build operations Thread 5"        [_thread_blocked, id=37488, stack(0x000000b1ca200000,0x000000b1ca300000) (1024K)]
  0x00000222800bdc40 JavaThread "Unconstrained build operations Thread 6"        [_thread_blocked, id=21720, stack(0x000000b1ca300000,0x000000b1ca400000) (1024K)]
  0x00000222800b9410 JavaThread "Unconstrained build operations Thread 7"        [_thread_blocked, id=3188, stack(0x000000b1ca400000,0x000000b1ca500000) (1024K)]
  0x00000222800b9aa0 JavaThread "Unconstrained build operations Thread 8"        [_thread_blocked, id=20476, stack(0x000000b1ca500000,0x000000b1ca600000) (1024K)]
  0x00000222800ba7c0 JavaThread "Unconstrained build operations Thread 9"        [_thread_blocked, id=33340, stack(0x000000b1ca600000,0x000000b1ca700000) (1024K)]
  0x00000222800bae50 JavaThread "Unconstrained build operations Thread 10"        [_thread_blocked, id=10992, stack(0x000000b1ca700000,0x000000b1ca800000) (1024K)]
  0x00000222800be2d0 JavaThread "Unconstrained build operations Thread 11"        [_thread_blocked, id=9880, stack(0x000000b1ca800000,0x000000b1ca900000) (1024K)]
  0x00000222800bb4e0 JavaThread "Unconstrained build operations Thread 12"        [_thread_blocked, id=39072, stack(0x000000b1ca900000,0x000000b1caa00000) (1024K)]
  0x00000222800bc200 JavaThread "Unconstrained build operations Thread 13"        [_thread_blocked, id=32712, stack(0x000000b1caa00000,0x000000b1cab00000) (1024K)]
  0x00000222800bc890 JavaThread "Unconstrained build operations Thread 14"        [_thread_blocked, id=39084, stack(0x000000b1cac00000,0x000000b1cad00000) (1024K)]
  0x00000222800be960 JavaThread "build event listener"              [_thread_blocked, id=27440, stack(0x000000b1cad00000,0x000000b1cae00000) (1024K)]
Total: 72

Other Threads:
=>0x0000022237117260 VMThread "VM Thread"                           [id=36292, stack(0x000000b1c6d00000,0x000000b1c6e00000) (1024K)]
  0x00000222371000e0 WatcherThread "VM Periodic Task Thread"        [id=39888, stack(0x000000b1c6c00000,0x000000b1c6d00000) (1024K)]
  0x0000022236fb1920 WorkerThread "GC Thread#0"                     [id=23448, stack(0x000000b1c6700000,0x000000b1c6800000) (1024K)]
  0x0000022239d9f9f0 WorkerThread "GC Thread#1"                     [id=31948, stack(0x000000b1c7900000,0x000000b1c7a00000) (1024K)]
  0x0000022239dbf680 WorkerThread "GC Thread#2"                     [id=27700, stack(0x000000b1c7a00000,0x000000b1c7b00000) (1024K)]
  0x0000022239e60f30 WorkerThread "GC Thread#3"                     [id=37908, stack(0x000000b1c7b00000,0x000000b1c7c00000) (1024K)]
  0x000002220039e7a0 WorkerThread "GC Thread#4"                     [id=34388, stack(0x000000b1c7c00000,0x000000b1c7d00000) (1024K)]
  0x0000022239d777e0 WorkerThread "GC Thread#5"                     [id=40872, stack(0x000000b1c7f00000,0x000000b1c8000000) (1024K)]
  0x0000022200fe1a00 WorkerThread "GC Thread#6"                     [id=35632, stack(0x000000b1c8000000,0x000000b1c8100000) (1024K)]
  0x0000022200fe1db0 WorkerThread "GC Thread#7"                     [id=36800, stack(0x000000b1c8100000,0x000000b1c8200000) (1024K)]
  0x000002220475e790 ConcurrentGCThread "G1 Main Marker"            [id=38900, stack(0x000000b1c6800000,0x000000b1c6900000) (1024K)]
  0x000002220475f1b0 WorkerThread "G1 Conc#0"                       [id=32620, stack(0x000000b1c6900000,0x000000b1c6a00000) (1024K)]
  0x0000022239b812f0 WorkerThread "G1 Conc#1"                       [id=33976, stack(0x000000b1c8d00000,0x000000b1c8e00000) (1024K)]
  0x0000022236fd1a30 ConcurrentGCThread "G1 Refine#0"               [id=20828, stack(0x000000b1c6a00000,0x000000b1c6b00000) (1024K)]
  0x0000022236fd24c0 ConcurrentGCThread "G1 Service"                [id=5740, stack(0x000000b1c6b00000,0x000000b1c6c00000) (1024K)]
Total: 15

Threads with active compile tasks:
Total: 0

VM state: at safepoint (normal execution)

VM Mutex/Monitor currently owned by a thread:  ([mutex/lock_event])
[0x00007ffa7839cb80] Threads_lock - owner thread: 0x0000022237117260
[0x00007ffa7839cc80] Heap_lock - owner thread: 0x000002220475e790

Heap address: 0x0000000600000000, size: 8192 MB, Compressed Oops mode: Zero based, Oop shift amount: 3

CDS archive(s) mapped at: [0x000002223a000000-0x000002223ac60000-0x000002223ac60000), size 12976128, SharedBaseAddress: 0x000002223a000000, ArchiveRelocationMode: 1.
Compressed class space mapped at: 0x000002223b000000-0x000002227b000000, reserved size: 1073741824
Narrow klass base: 0x000002223a000000, Narrow klass shift: 0, Narrow klass range: 0x41000000

GC Precious Log:
 CardTable entry size: 512
 Card Set container configuration: InlinePtr #cards 4 size 8 Array Of Cards #cards 32 size 80 Howl #buckets 8 coarsen threshold 7372 Howl Bitmap #cards 1024 size 144 coarsen threshold 921 Card regions per heap region 1 cards per card region 8192
 CPUs: 8 total, 8 available
 Memory: 8071M
 Large Page Support: Disabled
 NUMA Support: Disabled
 Compressed Oops: Enabled (Zero based)
 Heap Region Size: 4M
 Heap Min Capacity: 8M
 Heap Initial Capacity: 128M
 Heap Max Capacity: 8G
 Pre-touch: Disabled
 Parallel Workers: 8
 Concurrent Workers: 2
 Concurrent Refinement Workers: 8
 Periodic GC: Disabled

Heap:
 garbage-first heap   total reserved 8388608K, committed 221184K, used 138857K [0x0000000600000000, 0x0000000800000000)
  region size 4096K, 5 young (20480K), 3 survivors (12288K)
 Metaspace       used 125622K, committed 128384K, reserved 1179648K
  class space    used 18097K, committed 19456K, reserved 1048576K

Heap Regions: E=young(eden), S=young(survivor), O=old, HS=humongous(starts), HC=humongous(continues), CS=collection set, F=free, TAMS=top-at-mark-start, PB=parsable bottom
|   0|0x0000000600000000, 0x0000000600400000, 0x0000000600400000|100%|HS|  |TAMS 0x0000000600400000| PB 0x0000000600000000| Complete |  0
|   1|0x0000000600400000, 0x0000000600800000, 0x0000000600800000|100%| O|  |TAMS 0x0000000600800000| PB 0x0000000600800000| Untracked |  0
|   2|0x0000000600800000, 0x0000000600c00000, 0x0000000600c00000|100%| O|  |TAMS 0x0000000600c00000| PB 0x0000000600c00000| Untracked |  0
|   3|0x0000000600c00000, 0x0000000601000000, 0x0000000601000000|100%| O|  |TAMS 0x0000000601000000| PB 0x0000000601000000| Untracked |  0
|   4|0x0000000601000000, 0x0000000601400000, 0x0000000601400000|100%| O|  |TAMS 0x0000000601400000| PB 0x0000000601400000| Untracked |  0
|   5|0x0000000601400000, 0x0000000601800000, 0x0000000601800000|100%| O|  |TAMS 0x0000000601800000| PB 0x0000000601800000| Untracked |  0
|   6|0x0000000601800000, 0x0000000601c00000, 0x0000000601c00000|100%| O|  |TAMS 0x0000000601c00000| PB 0x0000000601c00000| Untracked |  0
|   7|0x0000000601c00000, 0x0000000602000000, 0x0000000602000000|100%| O|  |TAMS 0x0000000602000000| PB 0x0000000602000000| Updating |  0
|   8|0x0000000602000000, 0x0000000602400000, 0x0000000602400000|100%| O|  |TAMS 0x0000000602400000| PB 0x0000000602400000| Updating |  0
|   9|0x0000000602400000, 0x0000000602800000, 0x0000000602800000|100%| O|  |TAMS 0x0000000602800000| PB 0x0000000602800000| Updating |  0
|  10|0x0000000602800000, 0x0000000602c00000, 0x0000000602c00000|100%| O|  |TAMS 0x0000000602c00000| PB 0x0000000602c00000| Updating |  0
|  11|0x0000000602c00000, 0x0000000602dc45c0, 0x0000000603000000| 44%| O|  |TAMS 0x0000000602c00000| PB 0x0000000602c00000| Updating |  0
|  12|0x0000000603000000, 0x0000000603400000, 0x0000000603400000|100%| O|  |TAMS 0x0000000603400000| PB 0x0000000603400000| Untracked |  0
|  13|0x0000000603400000, 0x0000000603800000, 0x0000000603800000|100%| O|  |TAMS 0x0000000603800000| PB 0x0000000603800000| Untracked |  0
|  14|0x0000000603800000, 0x0000000603c00000, 0x0000000603c00000|100%| O|  |TAMS 0x0000000603c00000| PB 0x0000000603c00000| Untracked |  0
|  15|0x0000000603c00000, 0x0000000604000000, 0x0000000604000000|100%| O|  |TAMS 0x0000000604000000| PB 0x0000000604000000| Updating |  0
|  16|0x0000000604000000, 0x0000000604400000, 0x0000000604400000|100%| O|  |TAMS 0x0000000604400000| PB 0x0000000604400000| Updating |  0
|  17|0x0000000604400000, 0x0000000604800000, 0x0000000604800000|100%| O|  |TAMS 0x0000000604800000| PB 0x0000000604800000| Untracked |  0
|  18|0x0000000604800000, 0x0000000604c00000, 0x0000000604c00000|100%| O|  |TAMS 0x0000000604c00000| PB 0x0000000604c00000| Updating |  0
|  19|0x0000000604c00000, 0x0000000605000000, 0x0000000605000000|100%| O|  |TAMS 0x0000000605000000| PB 0x0000000605000000| Updating |  0
|  20|0x0000000605000000, 0x0000000605400000, 0x0000000605400000|100%| O|  |TAMS 0x0000000605400000| PB 0x0000000605400000| Untracked |  0
|  21|0x0000000605400000, 0x0000000605800000, 0x0000000605800000|100%| O|  |TAMS 0x0000000605800000| PB 0x0000000605800000| Untracked |  0
|  22|0x0000000605800000, 0x0000000605c00000, 0x0000000605c00000|100%| O|  |TAMS 0x0000000605c00000| PB 0x0000000605c00000| Untracked |  0
|  23|0x0000000605c00000, 0x0000000606000000, 0x0000000606000000|100%| O|  |TAMS 0x0000000606000000| PB 0x0000000606000000| Untracked |  0
|  24|0x0000000606000000, 0x0000000606400000, 0x0000000606400000|100%| O|  |TAMS 0x0000000606400000| PB 0x0000000606400000| Untracked |  0
|  25|0x0000000606400000, 0x0000000606800000, 0x0000000606800000|100%| O|  |TAMS 0x0000000606800000| PB 0x0000000606800000| Untracked |  0
|  26|0x0000000606800000, 0x0000000606c00000, 0x0000000606c00000|100%| O|  |TAMS 0x0000000606c00000| PB 0x0000000606c00000| Updating |  0
|  27|0x0000000606c00000, 0x0000000607000000, 0x0000000607000000|100%| O|  |TAMS 0x0000000607000000| PB 0x0000000607000000| Updating |  0
|  28|0x0000000607000000, 0x0000000607400000, 0x0000000607400000|100%| O|  |TAMS 0x000000060723b680| PB 0x000000060723b680| Untracked |  0
|  29|0x0000000607400000, 0x0000000607800000, 0x0000000607800000|100%| O|  |TAMS 0x0000000607800000| PB 0x0000000607800000| Untracked |  0
|  30|0x0000000607800000, 0x0000000607c00000, 0x0000000607c00000|100%| O|  |TAMS 0x0000000607c00000| PB 0x0000000607c00000| Updating |  0
|  31|0x0000000607c00000, 0x0000000607c00000, 0x0000000608000000|  0%| F|  |TAMS 0x0000000607c00000| PB 0x0000000607c00000| Untracked |  0
|  32|0x0000000608000000, 0x0000000608000000, 0x0000000608400000|  0%| F|  |TAMS 0x0000000608000000| PB 0x0000000608000000| Untracked |  0
|  33|0x0000000608400000, 0x0000000608400000, 0x0000000608800000|  0%| F|  |TAMS 0x0000000608400000| PB 0x0000000608400000| Untracked |  0
|  34|0x0000000608800000, 0x0000000608800000, 0x0000000608c00000|  0%| F|  |TAMS 0x0000000608800000| PB 0x0000000608800000| Untracked |  0
|  35|0x0000000608c00000, 0x0000000608c00000, 0x0000000609000000|  0%| F|  |TAMS 0x0000000608c00000| PB 0x0000000608c00000| Untracked |  0
|  36|0x0000000609000000, 0x0000000609000000, 0x0000000609400000|  0%| F|  |TAMS 0x0000000609000000| PB 0x0000000609000000| Untracked |  0
|  37|0x0000000609400000, 0x00000006095d61e0, 0x0000000609800000| 45%| S|CS|TAMS 0x0000000609400000| PB 0x0000000609400000| Complete |  0
|  38|0x0000000609800000, 0x0000000609c00000, 0x0000000609c00000|100%| S|CS|TAMS 0x0000000609800000| PB 0x0000000609800000| Complete |  0
|  39|0x0000000609c00000, 0x000000060a000000, 0x000000060a000000|100%| S|CS|TAMS 0x0000000609c00000| PB 0x0000000609c00000| Complete |  0
|  40|0x000000060a000000, 0x000000060a000000, 0x000000060a400000|  0%| F|  |TAMS 0x000000060a000000| PB 0x000000060a000000| Untracked |  0
|  41|0x000000060a400000, 0x000000060a400000, 0x000000060a800000|  0%| F|  |TAMS 0x000000060a400000| PB 0x000000060a400000| Untracked |  0
|  42|0x000000060a800000, 0x000000060a800000, 0x000000060ac00000|  0%| F|  |TAMS 0x000000060a800000| PB 0x000000060a800000| Untracked |  0
|  43|0x000000060ac00000, 0x000000060ac00000, 0x000000060b000000|  0%| F|  |TAMS 0x000000060ac00000| PB 0x000000060ac00000| Untracked |  0
|  44|0x000000060b000000, 0x000000060b000000, 0x000000060b400000|  0%| F|  |TAMS 0x000000060b000000| PB 0x000000060b000000| Untracked |  0
|  45|0x000000060b400000, 0x000000060b400000, 0x000000060b800000|  0%| F|  |TAMS 0x000000060b400000| PB 0x000000060b400000| Untracked |  0
|  46|0x000000060b800000, 0x000000060b800000, 0x000000060bc00000|  0%| F|  |TAMS 0x000000060b800000| PB 0x000000060b800000| Untracked |  0
|  47|0x000000060bc00000, 0x000000060bc00000, 0x000000060c000000|  0%| F|  |TAMS 0x000000060bc00000| PB 0x000000060bc00000| Untracked |  0
|  48|0x000000060c000000, 0x000000060c000000, 0x000000060c400000|  0%| F|  |TAMS 0x000000060c000000| PB 0x000000060c000000| Untracked |  0
|  49|0x000000060c400000, 0x000000060c400000, 0x000000060c800000|  0%| F|  |TAMS 0x000000060c400000| PB 0x000000060c400000| Untracked |  0
|  50|0x000000060c800000, 0x000000060c800000, 0x000000060cc00000|  0%| F|  |TAMS 0x000000060c800000| PB 0x000000060c800000| Untracked |  0
|  51|0x000000060cc00000, 0x000000060cc00000, 0x000000060d000000|  0%| F|  |TAMS 0x000000060cc00000| PB 0x000000060cc00000| Untracked |  0
|  52|0x000000060d000000, 0x000000060d114108, 0x000000060d400000| 26%| E|  |TAMS 0x000000060d000000| PB 0x000000060d000000| Complete |  0
|  53|0x000000060d400000, 0x000000060d800000, 0x000000060d800000|100%| E|CS|TAMS 0x000000060d400000| PB 0x000000060d400000| Complete |  0

Card table byte_map: [0x000002222df70000,0x000002222ef70000] _byte_map_base: 0x000002222af70000

Marking Bits: (CMBitMap*) 0x000002220474deb0
 Bits: [0x000002222ef70000, 0x0000022236f70000)

Polling page: 0x00000222025f0000

Metaspace:

Usage:
  Non-class:    105.01 MB used.
      Class:     17.67 MB used.
       Both:    122.68 MB used.

Virtual space:
  Non-class space:      128.00 MB reserved,     106.38 MB ( 83%) committed,  2 nodes.
      Class space:        1.00 GB reserved,      19.00 MB (  2%) committed,  1 nodes.
             Both:        1.12 GB reserved,     125.38 MB ( 11%) committed. 

Chunk freelists:
   Non-Class:  5.57 MB
       Class:  12.97 MB
        Both:  18.54 MB

MaxMetaspaceSize: 4.00 GB
CompressedClassSpaceSize: 1.00 GB
Initial GC threshold: 21.00 MB
Current GC threshold: 191.50 MB
CDS: on
 - commit_granule_bytes: 65536.
 - commit_granule_words: 8192.
 - virtual_space_node_default_size: 8388608.
 - enlarge_chunks_in_place: 1.
 - use_allocation_guard: 0.


Internal statistics:

num_allocs_failed_limit: 12.
num_arena_births: 4728.
num_arena_deaths: 0.
num_vsnodes_births: 3.
num_vsnodes_deaths: 0.
num_space_committed: 2006.
num_space_uncommitted: 0.
num_chunks_returned_to_freelist: 12.
num_chunks_taken_from_freelist: 10175.
num_chunk_merges: 12.
num_chunk_splits: 6913.
num_chunks_enlarged: 4639.
num_inconsistent_stats: 0.

CodeHeap 'non-profiled nmethods': size=259264Kb used=9901Kb max_used=9962Kb free=249363Kb
 bounds [0x000002221ccf0000, 0x000002221d6b0000, 0x000002222ca20000]
CodeHeap 'profiled nmethods': size=259264Kb used=28354Kb max_used=28727Kb free=230909Kb
 bounds [0x000002220ca20000, 0x000002220e650000, 0x000002221c750000]
CodeHeap 'non-nmethods': size=5760Kb used=2198Kb max_used=2294Kb free=3561Kb
 bounds [0x000002221c750000, 0x000002221c9c0000, 0x000002221ccf0000]
 total_blobs=15490 nmethods=14583 adapters=810
 compilation: enabled
              stopped_count=0, restarted_count=0
 full_count=0

Compilation events (20 events):
Event: 390.288 Thread 0x0000022237141790 18043       3       kotlin.io.FilesKt__UtilsKt::resolve (130 bytes)
Event: 390.290 Thread 0x0000022237141790 nmethod 18043 0x000002220d58f610 code [0x000002220d58fb00, 0x000002220d591b50]
Event: 390.290 Thread 0x0000022237141790 18044       1       org.gradle.StartParameter::getGradleUserHomeDir (5 bytes)
Event: 390.291 Thread 0x0000022237141790 nmethod 18044 0x000002221d6aa190 code [0x000002221d6aa320, 0x000002221d6aa3f0]
Event: 390.292 Thread 0x0000022237141790 18045       3       org.gradle.internal.event.DefaultListenerManager$EventBroadcast::doAdd (12 bytes)
Event: 390.292 Thread 0x0000022237141790 nmethod 18045 0x000002220d6bbd10 code [0x000002220d6bbec0, 0x000002220d6bc0a0]
Event: 390.294 Thread 0x0000022237141790 18046       3       org.gradle.api.internal.DefaultNamedDomainObjectCollection::<init> (68 bytes)
Event: 390.295 Thread 0x0000022237141790 nmethod 18046 0x000002220d67a910 code [0x000002220d67ab80, 0x000002220d67b8b0]
Event: 390.296 Thread 0x0000022237141790 18047       3       org.gradle.api.internal.collections.DefaultCollectionEventRegister$FilteredEventRegister::registerLazyAddAction (18 bytes)
Event: 390.296 Thread 0x0000022237141790 nmethod 18047 0x000002220cde4490 code [0x000002220cde4660, 0x000002220cde4aa0]
Event: 390.296 Thread 0x0000022237141790 18048       3       org.jetbrains.kotlin.gradle.utils.GradleUtilsKt::registerClassLoaderScopedBuildService (80 bytes)
Event: 390.302 Thread 0x0000022237141790 nmethod 18048 0x000002220e63fe90 code [0x000002220e6404e0, 0x000002220e643888]
Event: 390.303 Thread 0x0000022237141790 18050       3       org.jetbrains.kotlin.gradle.internal.properties.PropertiesBuildService$property$1$valueFromGradleAndLocalProperties$1::<init> (20 bytes)
Event: 390.304 Thread 0x0000022237141790 nmethod 18050 0x000002220d027e90 code [0x000002220d028040, 0x000002220d0282d8]
Event: 390.304 Thread 0x0000022237141790 18051       3       org.jetbrains.kotlin.gradle.internal.properties.PropertiesBuildService$MemoizedCallable::<init> (29 bytes)
Event: 390.305 Thread 0x0000022237141790 nmethod 18051 0x000002220d678d10 code [0x000002220d678f60, 0x000002220d6797d8]
Event: 390.305 Thread 0x0000022237141790 18052       3       org.jetbrains.kotlin.gradle.internal.properties.PropertiesBuildService$property$1$1::<init> (10 bytes)
Event: 390.305 Thread 0x0000022237141790 nmethod 18052 0x000002220cee4c90 code [0x000002220cee4e20, 0x000002220cee4ff0]
Event: 390.308 Thread 0x0000022237141790 18053       3       java.lang.invoke.LambdaForm$MH/0x000002223be98000::invoke (122 bytes)
Event: 390.314 Thread 0x0000022237141790 nmethod 18053 0x000002220e644a90 code [0x000002220e645140, 0x000002220e649440]

GC Heap History (20 events):
Event: 303.891 GC heap before
{Heap before GC invocations=50 (full 0):
 garbage-first heap   total reserved 8388608K, committed 200704K, used 168721K [0x0000000600000000, 0x0000000800000000)
  region size 4096K, 15 young (61440K), 2 survivors (8192K)
 Metaspace       used 103858K, committed 106496K, reserved 1179648K
  class space    used 15052K, committed 16320K, reserved 1048576K
}
Event: 303.952 GC heap after
{Heap after GC invocations=51 (full 0):
 garbage-first heap   total reserved 8388608K, committed 200704K, used 118752K [0x0000000600000000, 0x0000000800000000)
  region size 4096K, 1 young (4096K), 1 survivors (4096K)
 Metaspace       used 103858K, committed 106496K, reserved 1179648K
  class space    used 15052K, committed 16320K, reserved 1048576K
}
Event: 338.458 GC heap before
{Heap before GC invocations=52 (full 0):
 garbage-first heap   total reserved 8388608K, committed 204800K, used 176096K [0x0000000600000000, 0x0000000800000000)
  region size 4096K, 15 young (61440K), 1 survivors (4096K)
 Metaspace       used 104116K, committed 106752K, reserved 1179648K
  class space    used 15054K, committed 16320K, reserved 1048576K
}
Event: 338.482 GC heap after
{Heap after GC invocations=53 (full 0):
 garbage-first heap   total reserved 8388608K, committed 204800K, used 116085K [0x0000000600000000, 0x0000000800000000)
  region size 4096K, 1 young (4096K), 1 survivors (4096K)
 Metaspace       used 104116K, committed 106752K, reserved 1179648K
  class space    used 15054K, committed 16320K, reserved 1048576K
}
Event: 366.134 GC heap before
{Heap before GC invocations=53 (full 0):
 garbage-first heap   total reserved 8388608K, committed 204800K, used 181621K [0x0000000600000000, 0x0000000800000000)
  region size 4096K, 17 young (69632K), 1 survivors (4096K)
 Metaspace       used 104408K, committed 107072K, reserved 1179648K
  class space    used 15063K, committed 16320K, reserved 1048576K
}
Event: 366.257 GC heap after
{Heap after GC invocations=54 (full 0):
 garbage-first heap   total reserved 8388608K, committed 204800K, used 115032K [0x0000000600000000, 0x0000000800000000)
  region size 4096K, 2 young (8192K), 2 survivors (8192K)
 Metaspace       used 104408K, committed 107072K, reserved 1179648K
  class space    used 15063K, committed 16320K, reserved 1048576K
}
Event: 369.801 GC heap before
{Heap before GC invocations=54 (full 0):
 garbage-first heap   total reserved 8388608K, committed 204800K, used 176472K [0x0000000600000000, 0x0000000800000000)
  region size 4096K, 18 young (73728K), 2 survivors (8192K)
 Metaspace       used 104477K, committed 107136K, reserved 1179648K
  class space    used 15064K, committed 16320K, reserved 1048576K
}
Event: 369.821 GC heap after
{Heap after GC invocations=55 (full 0):
 garbage-first heap   total reserved 8388608K, committed 204800K, used 118606K [0x0000000600000000, 0x0000000800000000)
  region size 4096K, 3 young (12288K), 3 survivors (12288K)
 Metaspace       used 104477K, committed 107136K, reserved 1179648K
  class space    used 15064K, committed 16320K, reserved 1048576K
}
Event: 373.927 GC heap before
{Heap before GC invocations=56 (full 0):
 garbage-first heap   total reserved 8388608K, committed 204800K, used 171854K [0x0000000600000000, 0x0000000800000000)
  region size 4096K, 17 young (69632K), 3 survivors (12288K)
 Metaspace       used 106334K, committed 109056K, reserved 1179648K
  class space    used 15277K, committed 16576K, reserved 1048576K
}
Event: 373.945 GC heap after
{Heap after GC invocations=57 (full 0):
 garbage-first heap   total reserved 8388608K, committed 204800K, used 119589K [0x0000000600000000, 0x0000000800000000)
  region size 4096K, 2 young (8192K), 2 survivors (8192K)
 Metaspace       used 106334K, committed 109056K, reserved 1179648K
  class space    used 15277K, committed 16576K, reserved 1048576K
}
Event: 377.225 GC heap before
{Heap before GC invocations=57 (full 0):
 garbage-first heap   total reserved 8388608K, committed 204800K, used 176933K [0x0000000600000000, 0x0000000800000000)
  region size 4096K, 17 young (69632K), 2 survivors (8192K)
 Metaspace       used 111007K, committed 113664K, reserved 1179648K
  class space    used 15828K, committed 17088K, reserved 1048576K
}
Event: 377.248 GC heap after
{Heap after GC invocations=58 (full 0):
 garbage-first heap   total reserved 8388608K, committed 204800K, used 121828K [0x0000000600000000, 0x0000000800000000)
  region size 4096K, 3 young (12288K), 3 survivors (12288K)
 Metaspace       used 111007K, committed 113664K, reserved 1179648K
  class space    used 15828K, committed 17088K, reserved 1048576K
}
Event: 379.423 GC heap before
{Heap before GC invocations=58 (full 0):
 garbage-first heap   total reserved 8388608K, committed 204800K, used 175076K [0x0000000600000000, 0x0000000800000000)
  region size 4096K, 16 young (65536K), 3 survivors (12288K)
 Metaspace       used 114599K, committed 117376K, reserved 1179648K
  class space    used 16349K, committed 17664K, reserved 1048576K
}
Event: 379.437 GC heap after
{Heap after GC invocations=59 (full 0):
 garbage-first heap   total reserved 8388608K, committed 204800K, used 126383K [0x0000000600000000, 0x0000000800000000)
  region size 4096K, 2 young (8192K), 2 survivors (8192K)
 Metaspace       used 114599K, committed 117376K, reserved 1179648K
  class space    used 16349K, committed 17664K, reserved 1048576K
}
Event: 380.680 GC heap before
{Heap before GC invocations=60 (full 0):
 garbage-first heap   total reserved 8388608K, committed 221184K, used 175535K [0x0000000600000000, 0x0000000800000000)
  region size 4096K, 14 young (57344K), 2 survivors (8192K)
 Metaspace       used 117984K, committed 120768K, reserved 1179648K
  class space    used 16855K, committed 18176K, reserved 1048576K
}
Event: 380.686 GC heap after
{Heap after GC invocations=61 (full 0):
 garbage-first heap   total reserved 8388608K, committed 221184K, used 128332K [0x0000000600000000, 0x0000000800000000)
  region size 4096K, 2 young (8192K), 2 survivors (8192K)
 Metaspace       used 117984K, committed 120768K, reserved 1179648K
  class space    used 16855K, committed 18176K, reserved 1048576K
}
Event: 386.744 GC heap before
{Heap before GC invocations=61 (full 0):
 garbage-first heap   total reserved 8388608K, committed 221184K, used 189772K [0x0000000600000000, 0x0000000800000000)
  region size 4096K, 18 young (73728K), 2 survivors (8192K)
 Metaspace       used 123048K, committed 125824K, reserved 1179648K
  class space    used 17669K, committed 19008K, reserved 1048576K
}
Event: 386.759 GC heap after
{Heap after GC invocations=62 (full 0):
 garbage-first heap   total reserved 8388608K, committed 221184K, used 129958K [0x0000000600000000, 0x0000000800000000)
  region size 4096K, 3 young (12288K), 3 survivors (12288K)
 Metaspace       used 123048K, committed 125824K, reserved 1179648K
  class space    used 17669K, committed 19008K, reserved 1048576K
}
Event: 390.126 GC heap before
{Heap before GC invocations=62 (full 0):
 garbage-first heap   total reserved 8388608K, committed 221184K, used 187302K [0x0000000600000000, 0x0000000800000000)
  region size 4096K, 17 young (69632K), 3 survivors (12288K)
 Metaspace       used 125602K, committed 128384K, reserved 1179648K
  class space    used 18097K, committed 19456K, reserved 1048576K
}
Event: 390.146 GC heap after
{Heap after GC invocations=63 (full 0):
 garbage-first heap   total reserved 8388608K, committed 221184K, used 134761K [0x0000000600000000, 0x0000000800000000)
  region size 4096K, 3 young (12288K), 3 survivors (12288K)
 Metaspace       used 125602K, committed 128384K, reserved 1179648K
  class space    used 18097K, committed 19456K, reserved 1048576K
}

Dll operation events (17 events):
Event: 0.029 Loaded shared library C:\Users\Lenovo\Downloads\jdk-22_windows-x64_bin\jdk-22.0.2\bin\java.dll
Event: 0.113 Loaded shared library C:\Users\Lenovo\Downloads\jdk-22_windows-x64_bin\jdk-22.0.2\bin\jsvml.dll
Event: 0.224 Loaded shared library C:\Users\Lenovo\Downloads\jdk-22_windows-x64_bin\jdk-22.0.2\bin\zip.dll
Event: 0.230 Loaded shared library C:\Users\Lenovo\Downloads\jdk-22_windows-x64_bin\jdk-22.0.2\bin\instrument.dll
Event: 0.236 Loaded shared library C:\Users\Lenovo\Downloads\jdk-22_windows-x64_bin\jdk-22.0.2\bin\net.dll
Event: 0.242 Loaded shared library C:\Users\Lenovo\Downloads\jdk-22_windows-x64_bin\jdk-22.0.2\bin\nio.dll
Event: 0.250 Loaded shared library C:\Users\Lenovo\Downloads\jdk-22_windows-x64_bin\jdk-22.0.2\bin\zip.dll
Event: 1.224 Loaded shared library C:\Users\Lenovo\Downloads\jdk-22_windows-x64_bin\jdk-22.0.2\bin\jimage.dll
Event: 1.729 Loaded shared library C:\Users\Lenovo\Downloads\jdk-22_windows-x64_bin\jdk-22.0.2\bin\verify.dll
Event: 1.821 Loaded shared library C:\Users\Lenovo\.gradle\native\660c5614fbf4a5f2a75b1949f50a0caf5cd603558e7d8a26e50b933a0cfb79d1\windows-amd64\native-platform.dll
Event: 1.840 Loaded shared library C:\Users\Lenovo\.gradle\native\0.2.8\x86_64-windows-gnu\gradle-fileevents.dll
Event: 4.778 Loaded shared library C:\Users\Lenovo\Downloads\jdk-22_windows-x64_bin\jdk-22.0.2\bin\management.dll
Event: 4.783 Loaded shared library C:\Users\Lenovo\Downloads\jdk-22_windows-x64_bin\jdk-22.0.2\bin\management_ext.dll
Event: 5.122 Loaded shared library C:\Users\Lenovo\Downloads\jdk-22_windows-x64_bin\jdk-22.0.2\bin\extnet.dll
Event: 5.791 Loaded shared library C:\Users\Lenovo\Downloads\jdk-22_windows-x64_bin\jdk-22.0.2\bin\sunmscapi.dll
Event: 30.980 Loaded shared library C:\Users\Lenovo\Downloads\jdk-22_windows-x64_bin\jdk-22.0.2\bin\le.dll
Event: 44.704 Loaded shared library C:\Users\Lenovo\Downloads\jdk-22_windows-x64_bin\jdk-22.0.2\bin\rmi.dll

Deoptimization events (20 events):
Event: 376.175 Thread 0x0000022239c324c0 Uncommon trap: trap_request=0xffffffbe fr.pc=0x000002221d2ff338 relative=0x0000000000000658
Event: 376.175 Thread 0x0000022239c324c0 Uncommon trap: reason=profile_predicate action=maybe_recompile pc=0x000002221d2ff338 method=java.math.BigInteger.montReduce([I[III)[I @ 9 c2
Event: 376.175 Thread 0x0000022239c324c0 DEOPT PACKING pc=0x000002221d2ff338 sp=0x000000b1c85ef1a0
Event: 376.175 Thread 0x0000022239c324c0 DEOPT UNPACKING pc=0x000002221c7a46a2 sp=0x000000b1c85ef170 mode 2
Event: 376.175 Thread 0x0000022239c324c0 Uncommon trap: trap_request=0xffffffbe fr.pc=0x000002221d2ff338 relative=0x0000000000000658
Event: 376.175 Thread 0x0000022239c324c0 Uncommon trap: reason=profile_predicate action=maybe_recompile pc=0x000002221d2ff338 method=java.math.BigInteger.montReduce([I[III)[I @ 9 c2
Event: 376.175 Thread 0x0000022239c324c0 DEOPT PACKING pc=0x000002221d2ff338 sp=0x000000b1c85ef1a0
Event: 376.175 Thread 0x0000022239c324c0 DEOPT UNPACKING pc=0x000002221c7a46a2 sp=0x000000b1c85ef170 mode 2
Event: 376.247 Thread 0x0000022239c324c0 DEOPT PACKING pc=0x000002220d51930b sp=0x000000b1c85ef830
Event: 376.247 Thread 0x0000022239c324c0 DEOPT UNPACKING pc=0x000002221c7a4e42 sp=0x000000b1c85eeca8 mode 0
Event: 377.193 Thread 0x0000022239c324c0 DEOPT PACKING pc=0x000002220de32bea sp=0x000000b1c85f42e0
Event: 377.193 Thread 0x0000022239c324c0 DEOPT UNPACKING pc=0x000002221c7a4e42 sp=0x000000b1c85f37a0 mode 0
Event: 378.986 Thread 0x0000022239c303f0 DEOPT PACKING pc=0x000002220d53c4b2 sp=0x000000b1c89fe6c0
Event: 378.986 Thread 0x0000022239c303f0 DEOPT UNPACKING pc=0x000002221c7a4e42 sp=0x000000b1c89fdc30 mode 0
Event: 389.324 Thread 0x0000022200440590 DEOPT PACKING pc=0x000002220db44756 sp=0x000000b1c64fef60
Event: 389.324 Thread 0x0000022200440590 DEOPT UNPACKING pc=0x000002221c7a4e42 sp=0x000000b1c64fe428 mode 0
Event: 389.376 Thread 0x0000022239c324c0 Uncommon trap: trap_request=0xffffffbe fr.pc=0x000002221d5541ec relative=0x00000000000005ac
Event: 389.376 Thread 0x0000022239c324c0 Uncommon trap: reason=profile_predicate action=maybe_recompile pc=0x000002221d5541ec method=org.gradle.internal.service.DefaultServiceRegistry.validateImplementationForServiceTypes(Ljava/util/List;Ljava/lang/reflect/Type;)V @ 18 c2
Event: 389.376 Thread 0x0000022239c324c0 DEOPT PACKING pc=0x000002221d5541ec sp=0x000000b1c85fdab0
Event: 389.376 Thread 0x0000022239c324c0 DEOPT UNPACKING pc=0x000002221c7a46a2 sp=0x000000b1c85fda30 mode 2

Classes loaded (20 events):
Event: 183.661 Loading class jdk/internal/math/FormattedFPDecimal
Event: 183.662 Loading class jdk/internal/math/FormattedFPDecimal done
Event: 221.833 Loading class java/rmi/server/Unreferenced
Event: 221.937 Loading class java/rmi/server/Unreferenced done
Event: 243.565 Loading class java/lang/Throwable$SentinelHolder
Event: 243.575 Loading class java/lang/Throwable$SentinelHolder done
Event: 261.598 Loading class java/util/PriorityQueue
Event: 261.613 Loading class java/util/PriorityQueue done
Event: 338.746 Loading class java/lang/StackStreamFactory
Event: 338.812 Loading class java/lang/StackStreamFactory done
Event: 338.815 Loading class java/lang/StackWalker$ExtendedOption
Event: 338.829 Loading class java/lang/StackWalker$ExtendedOption done
Event: 338.832 Loading class java/lang/StackStreamFactory$StackFrameTraverser
Event: 338.895 Loading class java/lang/StackStreamFactory$StackFrameTraverser done
Event: 338.896 Loading class java/lang/StackStreamFactory$WalkerState
Event: 338.900 Loading class java/lang/StackStreamFactory$WalkerState done
Event: 338.900 Loading class java/lang/StackStreamFactory$StackFrameBuffer
Event: 338.930 Loading class java/lang/StackStreamFactory$FrameBuffer
Event: 339.006 Loading class java/lang/StackStreamFactory$FrameBuffer done
Event: 339.006 Loading class java/lang/StackStreamFactory$StackFrameBuffer done

Classes unloaded (0 events):
No events

Classes redefined (0 events):
No events

Internal exceptions (20 events):
Event: 380.462 Thread 0x0000022239c324c0 Exception <a 'java/lang/ClassNotFoundException'{0x000000060ae442c0}: org/jetbrains/kotlin/gradle/targets/js/npm/NpmDependencyExtensionKt$defaultNpmDependencyDelegate$1Customizer> (0x000000060ae442c0) 
thrown [s\open\src\hotspot\share\classfile\systemDictionary.cpp, line 313]
Event: 380.469 Thread 0x0000022239c324c0 Exception <a 'java/lang/ClassNotFoundException'{0x000000060ae78f78}: org/jetbrains/kotlin/gradle/targets/js/npm/DefaultDevNpmDependencyExtensionBeanInfo> (0x000000060ae78f78) 
thrown [s\open\src\hotspot\share\classfile\systemDictionary.cpp, line 313]
Event: 380.470 Thread 0x0000022239c324c0 Exception <a 'java/lang/ClassNotFoundException'{0x000000060ae85d40}: org/jetbrains/kotlin/gradle/targets/js/npm/DefaultDevNpmDependencyExtensionCustomizer> (0x000000060ae85d40) 
thrown [s\open\src\hotspot\share\classfile\systemDictionary.cpp, line 313]
Event: 380.473 Thread 0x0000022239c324c0 Exception <a 'java/lang/ClassNotFoundException'{0x000000060aec99c0}: org/jetbrains/kotlin/gradle/targets/js/npm/DefaultPeerNpmDependencyExtensionBeanInfo> (0x000000060aec99c0) 
thrown [s\open\src\hotspot\share\classfile\systemDictionary.cpp, line 313]
Event: 380.473 Thread 0x0000022239c324c0 Exception <a 'java/lang/ClassNotFoundException'{0x000000060aed67c0}: org/jetbrains/kotlin/gradle/targets/js/npm/DefaultPeerNpmDependencyExtensionCustomizer> (0x000000060aed67c0) 
thrown [s\open\src\hotspot\share\classfile\systemDictionary.cpp, line 313]
Event: 380.478 Thread 0x0000022239c324c0 Exception <a 'java/lang/ClassNotFoundException'{0x000000060af1a360}: org/jetbrains/kotlin/gradle/targets/js/npm/DefaultPeerNpmDependencyExtension$delegate$1BeanInfo> (0x000000060af1a360) 
thrown [s\open\src\hotspot\share\classfile\systemDictionary.cpp, line 313]
Event: 380.478 Thread 0x0000022239c324c0 Exception <a 'java/lang/ClassNotFoundException'{0x000000060af27448}: org/jetbrains/kotlin/gradle/targets/js/npm/DefaultPeerNpmDependencyExtension$delegate$1Customizer> (0x000000060af27448) 
thrown [s\open\src\hotspot\share\classfile\systemDictionary.cpp, line 313]
Event: 388.010 Thread 0x0000022239c324c0 Exception <a 'sun/nio/fs/WindowsException'{0x000000060b0a2198}> (0x000000060b0a2198) 
thrown [s\open\src\hotspot\share\prims\jni.cpp, line 520]
Event: 388.312 Thread 0x0000022281ece3a0 Exception <a 'sun/nio/fs/WindowsException'{0x000000060af91e80}> (0x000000060af91e80) 
thrown [s\open\src\hotspot\share\prims\jni.cpp, line 520]
Event: 388.312 Thread 0x0000022281ece3a0 Exception <a 'sun/nio/fs/WindowsException'{0x000000060af92d30}> (0x000000060af92d30) 
thrown [s\open\src\hotspot\share\prims\jni.cpp, line 520]
Event: 389.871 Thread 0x0000022239c324c0 Exception <a 'java/lang/ClassNotFoundException'{0x000000060aaa12d0}: init_3gisqa4ieu1d1wfeebwugthzwBeanInfo> (0x000000060aaa12d0) 
thrown [s\open\src\hotspot\share\classfile\systemDictionary.cpp, line 313]
Event: 389.872 Thread 0x0000022239c324c0 Exception <a 'java/lang/ClassNotFoundException'{0x000000060aaa8348}: init_3gisqa4ieu1d1wfeebwugthzwCustomizer> (0x000000060aaa8348) 
thrown [s\open\src\hotspot\share\classfile\systemDictionary.cpp, line 313]
Event: 389.907 Thread 0x0000022239c324c0 Exception <a 'sun/nio/fs/WindowsException'{0x000000060aae3510}> (0x000000060aae3510) 
thrown [s\open\src\hotspot\share\prims\jni.cpp, line 520]
Event: 389.907 Thread 0x0000022239c324c0 Exception <a 'sun/nio/fs/WindowsException'{0x000000060aae49c8}> (0x000000060aae49c8) 
thrown [s\open\src\hotspot\share\prims\jni.cpp, line 520]
Event: 389.908 Thread 0x0000022239c324c0 Exception <a 'sun/nio/fs/WindowsException'{0x000000060aae5e70}> (0x000000060aae5e70) 
thrown [s\open\src\hotspot\share\prims\jni.cpp, line 520]
Event: 389.908 Thread 0x0000022239c324c0 Exception <a 'sun/nio/fs/WindowsException'{0x000000060aae6f10}> (0x000000060aae6f10) 
thrown [s\open\src\hotspot\share\prims\jni.cpp, line 520]
Event: 389.959 Thread 0x0000022239c324c0 Exception <a 'sun/nio/fs/WindowsException'{0x000000060a4a0490}> (0x000000060a4a0490) 
thrown [s\open\src\hotspot\share\prims\jni.cpp, line 520]
Event: 389.959 Thread 0x0000022239c324c0 Exception <a 'sun/nio/fs/WindowsException'{0x000000060a4a2158}> (0x000000060a4a2158) 
thrown [s\open\src\hotspot\share\prims\jni.cpp, line 520]
Event: 389.960 Thread 0x0000022239c324c0 Exception <a 'sun/nio/fs/WindowsException'{0x000000060a4a3e10}> (0x000000060a4a3e10) 
thrown [s\open\src\hotspot\share\prims\jni.cpp, line 520]
Event: 389.960 Thread 0x0000022239c324c0 Exception <a 'sun/nio/fs/WindowsException'{0x000000060a4a56c0}> (0x000000060a4a56c0) 
thrown [s\open\src\hotspot\share\prims\jni.cpp, line 520]

ZGC Phase Switch (0 events):
No events

VM Operations (20 events):
Event: 381.690 Executing VM operation: Cleanup done
Event: 382.703 Executing VM operation: Cleanup
Event: 382.703 Executing VM operation: Cleanup done
Event: 383.709 Executing VM operation: Cleanup
Event: 383.709 Executing VM operation: Cleanup done
Event: 385.725 Executing VM operation: Cleanup
Event: 385.725 Executing VM operation: Cleanup done
Event: 386.733 Executing VM operation: Cleanup
Event: 386.733 Executing VM operation: Cleanup done
Event: 386.744 Executing VM operation: G1CollectForAllocation (G1 Evacuation Pause)
Event: 386.760 Executing VM operation: G1CollectForAllocation (G1 Evacuation Pause) done
Event: 387.767 Executing VM operation: Cleanup
Event: 387.767 Executing VM operation: Cleanup done
Event: 388.768 Executing VM operation: Cleanup
Event: 388.768 Executing VM operation: Cleanup done
Event: 389.775 Executing VM operation: Cleanup
Event: 389.775 Executing VM operation: Cleanup done
Event: 390.126 Executing VM operation: G1CollectForAllocation (G1 Evacuation Pause)
Event: 390.146 Executing VM operation: G1CollectForAllocation (G1 Evacuation Pause) done
Event: 390.343 Executing VM operation: G1PauseRemark

Memory protections (0 events):
No events

Nmethod flushes (20 events):
Event: 390.358 Thread 0x0000022237117260 flushing  nmethod 0x000002220d0ba290
Event: 390.358 Thread 0x0000022237117260 flushing  nmethod 0x000002220d0d6e10
Event: 390.358 Thread 0x0000022237117260 flushing  nmethod 0x000002220d23a210
Event: 390.358 Thread 0x0000022237117260 flushing  nmethod 0x000002220d2cde90
Event: 390.358 Thread 0x0000022237117260 flushing  nmethod 0x000002220d53a110
Event: 390.358 Thread 0x0000022237117260 flushing  nmethod 0x000002220d5e1190
Event: 390.358 Thread 0x0000022237117260 flushing  nmethod 0x000002220de7b810
Event: 390.358 Thread 0x0000022237117260 flushing  nmethod 0x000002220df71590
Event: 390.358 Thread 0x0000022237117260 flushing  nmethod 0x000002220df72d10
Event: 390.358 Thread 0x0000022237117260 flushing  nmethod 0x000002220e280e90
Event: 390.359 Thread 0x0000022237117260 flushing  nmethod 0x000002220cb01f90
Event: 390.359 Thread 0x0000022237117260 flushing  nmethod 0x000002220cc62110
Event: 390.359 Thread 0x0000022237117260 flushing  nmethod 0x000002220d34a890
Event: 390.359 Thread 0x0000022237117260 flushing  nmethod 0x000002220d519010
Event: 390.359 Thread 0x0000022237117260 flushing  nmethod 0x000002220d51da90
Event: 390.359 Thread 0x0000022237117260 flushing  nmethod 0x000002220d54a490
Event: 390.359 Thread 0x0000022237117260 flushing  nmethod 0x000002220d759c10
Event: 390.359 Thread 0x0000022237117260 flushing  nmethod 0x000002220d7b4e10
Event: 390.359 Thread 0x0000022237117260 flushing  nmethod 0x000002220da11f10
Event: 390.359 Thread 0x0000022237117260 flushing osr nmethod 0x000002220dd70b10

Events (20 events):
Event: 389.446 Thread 0x0000022239c324c0 Thread added: 0x000002220043ca80
Event: 389.485 Thread 0x0000022239c324c0 Thread added: 0x000002220043d7a0
Event: 389.513 Thread 0x0000022239c324c0 Thread added: 0x000002220043e4c0
Event: 389.556 Thread 0x0000022239c324c0 Thread added: 0x000002220043eb50
Event: 389.928 Thread 0x0000022239c324c0 Thread added: 0x000002220043f1e0
Event: 390.107 Thread 0x0000022239c324c0 Thread added: 0x000002220043ff00
Event: 390.108 Thread 0x0000022239c324c0 Thread added: 0x00000222800b8d80
Event: 390.108 Thread 0x0000022239c324c0 Thread added: 0x00000222800beff0
Event: 390.108 Thread 0x0000022239c324c0 Thread added: 0x00000222800bd5b0
Event: 390.111 Thread 0x0000022239c324c0 Thread added: 0x00000222800bf680
Event: 390.112 Thread 0x0000022239c324c0 Thread added: 0x00000222800bdc40
Event: 390.112 Thread 0x0000022239c324c0 Thread added: 0x00000222800b9410
Event: 390.187 Thread 0x0000022239c324c0 Thread added: 0x00000222800b9aa0
Event: 390.188 Thread 0x0000022239c324c0 Thread added: 0x00000222800ba7c0
Event: 390.189 Thread 0x0000022239c324c0 Thread added: 0x00000222800bae50
Event: 390.189 Thread 0x0000022239c324c0 Thread added: 0x00000222800be2d0
Event: 390.195 Thread 0x0000022239c324c0 Thread added: 0x00000222800bb4e0
Event: 390.196 Thread 0x0000022239c324c0 Thread added: 0x00000222800bc200
Event: 390.196 Thread 0x0000022239c324c0 Thread added: 0x00000222800bc890
Event: 390.293 Thread 0x0000022239c324c0 Thread added: 0x00000222800be960


Dynamic libraries:
0x00007ff7a1160000 - 0x00007ff7a1170000 	C:\Users\Lenovo\Downloads\jdk-22_windows-x64_bin\jdk-22.0.2\bin\java.exe
0x00007ffae5070000 - 0x00007ffae5288000 	C:\WINDOWS\SYSTEM32\ntdll.dll
0x00007ffae40a0000 - 0x00007ffae4164000 	C:\WINDOWS\System32\KERNEL32.DLL
0x00007ffae2180000 - 0x00007ffae2553000 	C:\WINDOWS\System32\KERNELBASE.dll
0x00007ffadc720000 - 0x00007ffadc7b7000 	C:\WINDOWS\SYSTEM32\apphelp.dll
0x00007ffae2780000 - 0x00007ffae2891000 	C:\WINDOWS\System32\ucrtbase.dll
0x00007ffabf7e0000 - 0x00007ffabf7f7000 	C:\Users\Lenovo\Downloads\jdk-22_windows-x64_bin\jdk-22.0.2\bin\jli.dll
0x00007ffae2da0000 - 0x00007ffae2f52000 	C:\WINDOWS\System32\USER32.dll
0x00007ffae2750000 - 0x00007ffae2776000 	C:\WINDOWS\System32\win32u.dll
0x00007ffae34d0000 - 0x00007ffae34f9000 	C:\WINDOWS\System32\GDI32.dll
0x00007ffae2a80000 - 0x00007ffae2b9b000 	C:\WINDOWS\System32\gdi32full.dll
0x00007ffae28a0000 - 0x00007ffae293a000 	C:\WINDOWS\System32\msvcp_win.dll
0x00007ffac9cc0000 - 0x00007ffac9cdb000 	C:\Users\Lenovo\Downloads\jdk-22_windows-x64_bin\jdk-22.0.2\bin\VCRUNTIME140.dll
0x00007ffaceb10000 - 0x00007ffacedac000 	C:\WINDOWS\WinSxS\amd64_microsoft.windows.common-controls_6595b64144ccf1df_6.0.22621.6060_none_2712eda17382d24b\COMCTL32.dll
0x00007ffae4c90000 - 0x00007ffae4d37000 	C:\WINDOWS\System32\msvcrt.dll
0x00007ffae4380000 - 0x00007ffae43b1000 	C:\WINDOWS\System32\IMM32.DLL
0x00007ffadd6d0000 - 0x00007ffadd6dc000 	C:\Users\Lenovo\Downloads\jdk-22_windows-x64_bin\jdk-22.0.2\bin\vcruntime140_1.dll
0x00007ffaafbb0000 - 0x00007ffaafc3e000 	C:\Users\Lenovo\Downloads\jdk-22_windows-x64_bin\jdk-22.0.2\bin\msvcp140.dll
0x00007ffa77730000 - 0x00007ffa78479000 	C:\Users\Lenovo\Downloads\jdk-22_windows-x64_bin\jdk-22.0.2\bin\server\jvm.dll
0x00007ffae3da0000 - 0x00007ffae3e51000 	C:\WINDOWS\System32\ADVAPI32.dll
0x00007ffae4e70000 - 0x00007ffae4f18000 	C:\WINDOWS\System32\sechost.dll
0x00007ffae2ba0000 - 0x00007ffae2bc8000 	C:\WINDOWS\System32\bcrypt.dll
0x00007ffae4430000 - 0x00007ffae4548000 	C:\WINDOWS\System32\RPCRT4.dll
0x00007ffae4df0000 - 0x00007ffae4e61000 	C:\WINDOWS\System32\WS2_32.dll
0x00007ffae0fd0000 - 0x00007ffae101d000 	C:\WINDOWS\SYSTEM32\POWRPROF.dll
0x00007ffadd540000 - 0x00007ffadd574000 	C:\WINDOWS\SYSTEM32\WINMM.dll
0x00007ffadd460000 - 0x00007ffadd46a000 	C:\WINDOWS\SYSTEM32\VERSION.dll
0x00007ffae0fb0000 - 0x00007ffae0fc3000 	C:\WINDOWS\SYSTEM32\UMPDC.dll
0x00007ffae1250000 - 0x00007ffae1268000 	C:\WINDOWS\SYSTEM32\kernel.appcore.dll
0x00007ffad63d0000 - 0x00007ffad63da000 	C:\Users\Lenovo\Downloads\jdk-22_windows-x64_bin\jdk-22.0.2\bin\jimage.dll
0x00007ffadfbb0000 - 0x00007ffadfde3000 	C:\WINDOWS\SYSTEM32\DBGHELP.DLL
0x00007ffae2f60000 - 0x00007ffae32f1000 	C:\WINDOWS\System32\combase.dll
0x00007ffae4550000 - 0x00007ffae4628000 	C:\WINDOWS\System32\OLEAUT32.dll
0x00007ffabc270000 - 0x00007ffabc2a2000 	C:\WINDOWS\SYSTEM32\dbgcore.DLL
0x00007ffae2a00000 - 0x00007ffae2a7b000 	C:\WINDOWS\System32\bcryptPrimitives.dll
0x00007ffad0a90000 - 0x00007ffad0a9f000 	C:\Users\Lenovo\Downloads\jdk-22_windows-x64_bin\jdk-22.0.2\bin\instrument.dll
0x00007ffac9ba0000 - 0x00007ffac9bbe000 	C:\Users\Lenovo\Downloads\jdk-22_windows-x64_bin\jdk-22.0.2\bin\java.dll
0x00007ffae3500000 - 0x00007ffae3d9c000 	C:\WINDOWS\System32\SHELL32.dll
0x00007ffae2bd0000 - 0x00007ffae2d0f000 	C:\WINDOWS\System32\wintypes.dll
0x00007ffae3ee0000 - 0x00007ffae4081000 	C:\WINDOWS\System32\ole32.dll
0x00007ffae0090000 - 0x00007ffae09aa000 	C:\WINDOWS\SYSTEM32\windows.storage.dll
0x00007ffae4f20000 - 0x00007ffae5024000 	C:\WINDOWS\System32\SHCORE.dll
0x00007ffae43c0000 - 0x00007ffae4429000 	C:\WINDOWS\System32\shlwapi.dll
0x00007ffae20b0000 - 0x00007ffae20d5000 	C:\WINDOWS\SYSTEM32\profapi.dll
0x00007ffaaf0f0000 - 0x00007ffaaf1c7000 	C:\Users\Lenovo\Downloads\jdk-22_windows-x64_bin\jdk-22.0.2\bin\jsvml.dll
0x00007ffac9840000 - 0x00007ffac9857000 	C:\Users\Lenovo\Downloads\jdk-22_windows-x64_bin\jdk-22.0.2\bin\zip.dll
0x00007ffad4200000 - 0x00007ffad4210000 	C:\Users\Lenovo\Downloads\jdk-22_windows-x64_bin\jdk-22.0.2\bin\net.dll
0x00007ffae1730000 - 0x00007ffae1799000 	C:\WINDOWS\system32\mswsock.dll
0x00007ffac7e20000 - 0x00007ffac7e36000 	C:\Users\Lenovo\Downloads\jdk-22_windows-x64_bin\jdk-22.0.2\bin\nio.dll
0x00007ffad4140000 - 0x00007ffad4150000 	C:\Users\Lenovo\Downloads\jdk-22_windows-x64_bin\jdk-22.0.2\bin\verify.dll
0x00007ffac8000000 - 0x00007ffac8027000 	C:\Users\Lenovo\.gradle\native\660c5614fbf4a5f2a75b1949f50a0caf5cd603558e7d8a26e50b933a0cfb79d1\windows-amd64\native-platform.dll
0x00007ffaa89a0000 - 0x00007ffaa8a17000 	C:\Users\Lenovo\.gradle\native\0.2.8\x86_64-windows-gnu\gradle-fileevents.dll
0x00007ffacedb0000 - 0x00007ffacedba000 	C:\Users\Lenovo\Downloads\jdk-22_windows-x64_bin\jdk-22.0.2\bin\management.dll
0x00007fface7f0000 - 0x00007fface7fb000 	C:\Users\Lenovo\Downloads\jdk-22_windows-x64_bin\jdk-22.0.2\bin\management_ext.dll
0x00007ffae3ed0000 - 0x00007ffae3ed8000 	C:\WINDOWS\System32\PSAPI.DLL
0x00007ffae0c80000 - 0x00007ffae0cad000 	C:\WINDOWS\SYSTEM32\IPHLPAPI.DLL
0x00007ffae4370000 - 0x00007ffae4379000 	C:\WINDOWS\System32\NSI.dll
0x00007ffad0ec0000 - 0x00007ffad0ec9000 	C:\Users\Lenovo\Downloads\jdk-22_windows-x64_bin\jdk-22.0.2\bin\extnet.dll
0x00007ffae1990000 - 0x00007ffae19ab000 	C:\WINDOWS\SYSTEM32\CRYPTSP.dll
0x00007ffae11b0000 - 0x00007ffae11e7000 	C:\WINDOWS\system32\rsaenh.dll
0x00007ffae1820000 - 0x00007ffae1848000 	C:\WINDOWS\SYSTEM32\USERENV.dll
0x00007ffae1980000 - 0x00007ffae198c000 	C:\WINDOWS\SYSTEM32\CRYPTBASE.dll
0x00007ffacd5f0000 - 0x00007ffacd5fe000 	C:\Users\Lenovo\Downloads\jdk-22_windows-x64_bin\jdk-22.0.2\bin\sunmscapi.dll
0x00007ffae2560000 - 0x00007ffae26c8000 	C:\WINDOWS\System32\CRYPT32.dll
0x00007ffae1b40000 - 0x00007ffae1b6e000 	C:\WINDOWS\SYSTEM32\ncrypt.dll
0x00007ffae1b00000 - 0x00007ffae1b37000 	C:\WINDOWS\SYSTEM32\NTASN1.dll
0x00007fface210000 - 0x00007fface218000 	C:\WINDOWS\system32\wshunix.dll
0x00007ffadc7f0000 - 0x00007ffadc7fb000 	C:\Users\Lenovo\Downloads\jdk-22_windows-x64_bin\jdk-22.0.2\bin\le.dll
0x00007ffad5f80000 - 0x00007ffad5f87000 	C:\Users\Lenovo\Downloads\jdk-22_windows-x64_bin\jdk-22.0.2\bin\rmi.dll

dbghelp: loaded successfully - version: 4.0.5 - missing functions: none
symbol engine: initialized successfully - sym options: 0x614 - pdb path: .;C:\Users\Lenovo\Downloads\jdk-22_windows-x64_bin\jdk-22.0.2\bin;C:\WINDOWS\SYSTEM32;C:\WINDOWS\WinSxS\amd64_microsoft.windows.common-controls_6595b64144ccf1df_6.0.22621.6060_none_2712eda17382d24b;C:\Users\Lenovo\Downloads\jdk-22_windows-x64_bin\jdk-22.0.2\bin\server;C:\Users\Lenovo\.gradle\native\660c5614fbf4a5f2a75b1949f50a0caf5cd603558e7d8a26e50b933a0cfb79d1\windows-amd64;C:\Users\Lenovo\.gradle\native\0.2.8\x86_64-windows-gnu

VM Arguments:
jvm_args: --add-opens=java.base/java.lang=ALL-UNNAMED --add-opens=java.base/java.lang.invoke=ALL-UNNAMED --add-opens=java.base/java.util=ALL-UNNAMED --add-opens=java.prefs/java.util.prefs=ALL-UNNAMED --add-exports=jdk.compiler/com.sun.tools.javac.api=ALL-UNNAMED --add-exports=jdk.compiler/com.sun.tools.javac.util=ALL-UNNAMED --add-opens=java.base/java.util=ALL-UNNAMED --add-opens=java.prefs/java.util.prefs=ALL-UNNAMED --add-opens=java.base/java.nio.charset=ALL-UNNAMED --add-opens=java.base/java.net=ALL-UNNAMED --add-opens=java.base/java.util.concurrent=ALL-UNNAMED --add-opens=java.base/java.util.concurrent.atomic=ALL-UNNAMED --add-opens=java.xml/javax.xml.namespace=ALL-UNNAMED --add-opens=java.base/java.time=ALL-UNNAMED -XX:MaxMetaspaceSize=4G -XX:ReservedCodeCacheSize=512m -XX:+HeapDumpOnOutOfMemoryError -Xmx8G -Dfile.encoding=UTF-8 -Duser.country=ID -Duser.language=en -Duser.variant -javaagent:C:\Users\Lenovo\.gradle\wrapper\dists\gradle-9.3.1-all\9ot9r568e8zfvvd4mn8rbu1j0\gradle-9.3.1\lib\agents\gradle-instrumentation-agent-9.3.1.jar 
java_command: org.gradle.launcher.daemon.bootstrap.GradleDaemon 9.3.1
java_class_path (initial): C:\Users\Lenovo\.gradle\wrapper\dists\gradle-9.3.1-all\9ot9r568e8zfvvd4mn8rbu1j0\gradle-9.3.1\lib\gradle-daemon-main-9.3.1.jar
Launcher Type: SUN_STANDARD

[Global flags]
     intx CICompilerCount                          = 4                                         {product} {ergonomic}
     uint ConcGCThreads                            = 2                                         {product} {ergonomic}
     uint G1ConcRefinementThreads                  = 8                                         {product} {ergonomic}
   size_t G1HeapRegionSize                         = 4194304                                   {product} {ergonomic}
     bool HeapDumpOnOutOfMemoryError               = true                                   {manageable} {command line}
   size_t InitialHeapSize                          = 134217728                                 {product} {ergonomic}
   size_t MarkStackSize                            = 4194304                                   {product} {ergonomic}
   size_t MaxHeapSize                              = 8589934592                                {product} {command line}
   size_t MaxMetaspaceSize                         = 4294967296                                {product} {command line}
   size_t MaxNewSize                               = 5150605312                                {product} {ergonomic}
   size_t MinHeapDeltaBytes                        = 4194304                                   {product} {ergonomic}
   size_t MinHeapSize                              = 8388608                                   {product} {ergonomic}
    uintx NonNMethodCodeHeapSize                   = 5839372                                {pd product} {ergonomic}
    uintx NonProfiledCodeHeapSize                  = 265515770                              {pd product} {ergonomic}
    uintx ProfiledCodeHeapSize                     = 265515770                              {pd product} {ergonomic}
    uintx ReservedCodeCacheSize                    = 536870912                              {pd product} {command line}
     bool SegmentedCodeCache                       = true                                      {product} {ergonomic}
   size_t SoftMaxHeapSize                          = 8589934592                             {manageable} {ergonomic}
     bool UseCompressedOops                        = true                           {product lp64_product} {ergonomic}
     bool UseG1GC                                  = true                                      {product} {ergonomic}
     bool UseLargePagesIndividualAllocation        = false                                  {pd product} {ergonomic}

Logging:
Log output configuration:
 #0: stdout all=warning uptime,level,tags foldmultilines=false
 #1: stderr all=off uptime,level,tags foldmultilines=false

Environment Variables:
PATH=C:\Users\Lenovo\Downloads\jdk-22_windows-x64_bin;C:\Program Files\Common Files\Oracle\Java\javapath;C:\Program Files\Eclipse Adoptium\jdk-21.0.4.7-hotspot\bin;C:\Program Files (x86)\Common Files\Oracle\Java\java8path;C:\WINDOWS\system32;C:\WINDOWS;C:\WINDOWS\System32\Wbem;C:\WINDOWS\System32\WindowsPowerShell\v1.0\;C:\WINDOWS\System32\OpenSSH\;C:\Program Files\Intel\WiFi\bin\;C:\Program Files\Common Files\Intel\WirelessCommon\;C:\Program Files\Git\cmd;;C:\ProgramData\chocolatey\bin;C:\Program Files\PostgreSQL\17\bin;C:\Program Files\nodejs\;D:\laragon\bin\php\php-8.1.10-Win32-vs16-x64;C:\ProgramData\ComposerSetup\bin;C:\Users\Lenovo\AppData\Local\Programs\Python\Python314\Scripts\;C:\Users\Lenovo\AppData\Local\Programs\Python\Python314\;C:\Users\Lenovo\AppData\Local\Yarn\config\global\node_modules\.bin;C:\Users\Lenovo\AppData\Roaming\Composer\vendor\bin;C:\Users\Lenovo\AppData\Roaming\npm;D:\laragon\bin;D:\laragon\bin\apache\httpd-2.4.66-260223-Win64-VS18\bin;D:\laragon\bin\composer;D:\laragon\bin\git\bin;D:\laragon\bin\git\cmd;D:\laragon\bin\git\mingw64\bin;D:\laragon\bin\git\usr\bin;D:\laragon\bin\laragon\utils;D:\laragon\bin\mysql\mysql-8.0.30-winx64\bin;D:\laragon\bin\nginx\nginx-1.22.0;D:\laragon\bin\ngrok;D:\laragon\bin\nodejs\node-v18;D:\laragon\bin\notepad++;D:\laragon\bin\php\php-8.3.16-Win32-vs16-x64;D:\laragon\bin\python\python-3.10;D:\laragon\bin\python\python-3.10\Scripts;D:\laragon\bin\redis\redis-x64-5.0.14.1;D:\laragon\bin\telnet;D:\laragon\usr\bin;C:\Users\Lenovo\AppData\Local\Microsoft\WindowsApps;C:\Users\Lenovo\AppData\Local\Programs\Microsoft VS Code\bin;C:\Users\Lenovo\AppData\Local\Programs\Antigravity\bin;D:\flutter\bin
USERNAME=Lenovo
OS=Windows_NT
PROCESSOR_IDENTIFIER=Intel64 Family 6 Model 142 Stepping 10, GenuineIntel
TMP=C:\Users\Lenovo\AppData\Local\Temp
TEMP=C:\Users\Lenovo\AppData\Local\Temp




Periodic native trim disabled

---------------  S Y S T E M  ---------------

OS:
 Windows 11 , 64 bit Build 22621 (10.0.22621.5415)
OS uptime: 79 days 13:43 hours

CPU: total 8 (initial active 8) (4 cores per cpu, 2 threads per core) family 6 model 142 stepping 10 microcode 0xf0, cx8, cmov, fxsr, ht, mmx, 3dnowpref, sse, sse2, sse3, ssse3, sse4.1, sse4.2, popcnt, lzcnt, tsc, tscinvbit, avx, avx2, aes, erms, clmul, bmi1, bmi2, rtm, adx, fma, vzeroupper, clflush, clflushopt, rdtscp, f16c
Processor Information for all 8 processors :
  Max Mhz: 1896, Current Mhz: 1696, Mhz Limit: 1687

Memory: 4k page, system-wide physical 8071M (351M free)
TotalPageFile size 25645M (AvailPageFile size 0M)
current process WorkingSet (physical memory assigned to process): 430M, peak: 435M
current process commit charge ("private bytes"): 572M, peak: 587M

vm_info: Java HotSpot(TM) 64-Bit Server VM (22.0.2+9-70) for windows-amd64 JRE (22.0.2+9-70), built on 2024-06-04T16:52:23Z by "mach5one" with MS VC++ 17.6 (VS2022)

END.
